Component: ARM Compiler 5.06 update 6 (build 750) Tool: armlink [4d35ed]

==============================================================================

Section Cross References

    main.o(i.TIM1_UP_IRQHandler) refers to stm32f10x_tim.o(i.TIM_GetITStatus) for TIM_GetITStatus
    main.o(i.TIM1_UP_IRQHandler) refers to stm32f10x_tim.o(i.TIM_ClearITPendingBit) for TIM_ClearITPendingBit
    main.o(i.TIM1_UP_IRQHandler) refers to mpu6050.o(i.MPU_Get_Raw_Data) for MPU_Get_Raw_Data
    main.o(i.TIM1_UP_IRQHandler) refers to 091oled.o(i.OLED_ShowNum) for OLED_ShowNum
    main.o(i.TIM1_UP_IRQHandler) refers to 091oled.o(i.OLED_ShowFloat) for OLED_ShowFloat
    main.o(i.TIM1_UP_IRQHandler) refers to main.o(.bss) for MPU_data
    main.o(i.TIM1_UP_IRQHandler) refers to gps.o(.data) for flag_OLED_refresh
    main.o(i.TIM1_UP_IRQHandler) refers to mpu6050.o(.bss) for Mpu_Data
    main.o(i.TIM1_UP_IRQHandler) refers to gps.o(.bss) for gga_data
    main.o(i.TIM1_UP_IRQHandler) refers to main.o(.data) for CPU_freq
    main.o(i.main) refers to stm32f10x_rcc.o(i.RCC_APB2PeriphClockCmd) for RCC_APB2PeriphClockCmd
    main.o(i.main) refers to stm32f10x_gpio.o(i.GPIO_Init) for GPIO_Init
    main.o(i.main) refers to misc.o(i.NVIC_PriorityGroupConfig) for NVIC_PriorityGroupConfig
    main.o(i.main) refers to timer.o(i.TIM3_Int_Init) for TIM3_Int_Init
    main.o(i.main) refers to delay.o(i.delay_init) for delay_init
    main.o(i.main) refers to iic.o(i.Soft_IIC1_Init) for Soft_IIC1_Init
    main.o(i.main) refers to spi.o(i.SPI1_Init) for SPI1_Init
    main.o(i.main) refers to usart.o(i.uart_init) for uart_init
    main.o(i.main) refers to delay.o(i.delay_ms) for delay_ms
    main.o(i.main) refers to 24g.o(i.RF24L01_Init) for RF24L01_Init
    main.o(i.main) refers to mpu6050.o(i.MPU_Init) for MPU_Init
    main.o(i.main) refers to gps.o(i.GPS_DMA_Init) for GPS_DMA_Init
    main.o(i.main) refers to 091oled.o(i.OLED_Init) for OLED_Init
    main.o(i.main) refers to 091oled.o(i.OLED_ShowString) for OLED_ShowString
    main.o(i.main) refers to main.o(.data) for CPU_frec_tick
    system_stm32f10x.o(i.SetSysClock) refers to system_stm32f10x.o(i.SetSysClockTo72) for SetSysClockTo72
    system_stm32f10x.o(i.SystemCoreClockUpdate) refers to system_stm32f10x.o(.data) for SystemCoreClock
    system_stm32f10x.o(i.SystemInit) refers to system_stm32f10x.o(i.SetSysClock) for SetSysClock
    iic.o(i.I2C1_Soft_Mult_Read) refers to stm32f10x_i2c.o(i.I2C_GenerateSTART) for I2C_GenerateSTART
    iic.o(i.I2C1_Soft_Mult_Read) refers to stm32f10x_i2c.o(i.I2C_CheckEvent) for I2C_CheckEvent
    iic.o(i.I2C1_Soft_Mult_Read) refers to stm32f10x_i2c.o(i.I2C_Send7bitAddress) for I2C_Send7bitAddress
    iic.o(i.I2C1_Soft_Mult_Read) refers to stm32f10x_i2c.o(i.I2C_SendData) for I2C_SendData
    iic.o(i.I2C1_Soft_Mult_Read) refers to stm32f10x_i2c.o(i.I2C_AcknowledgeConfig) for I2C_AcknowledgeConfig
    iic.o(i.I2C1_Soft_Mult_Read) refers to delay.o(i.delay_us) for delay_us
    iic.o(i.I2C1_Soft_Mult_Read) refers to stm32f10x_i2c.o(i.I2C_ReceiveData) for I2C_ReceiveData
    iic.o(i.I2C1_Soft_Mult_Read) refers to stm32f10x_i2c.o(i.I2C_GenerateSTOP) for I2C_GenerateSTOP
    iic.o(i.I2C1_Soft_Mult_Read) refers to iic.o(i.Soft_IIC1_Init) for Soft_IIC1_Init
    iic.o(i.I2C1_Soft_Mult_Write) refers to stm32f10x_i2c.o(i.I2C_GenerateSTART) for I2C_GenerateSTART
    iic.o(i.I2C1_Soft_Mult_Write) refers to stm32f10x_i2c.o(i.I2C_CheckEvent) for I2C_CheckEvent
    iic.o(i.I2C1_Soft_Mult_Write) refers to stm32f10x_i2c.o(i.I2C_Send7bitAddress) for I2C_Send7bitAddress
    iic.o(i.I2C1_Soft_Mult_Write) refers to stm32f10x_i2c.o(i.I2C_SendData) for I2C_SendData
    iic.o(i.I2C1_Soft_Mult_Write) refers to stm32f10x_i2c.o(i.I2C_GenerateSTOP) for I2C_GenerateSTOP
    iic.o(i.I2C1_Soft_Single_Read) refers to stm32f10x_i2c.o(i.I2C_GenerateSTART) for I2C_GenerateSTART
    iic.o(i.I2C1_Soft_Single_Read) refers to stm32f10x_i2c.o(i.I2C_CheckEvent) for I2C_CheckEvent
    iic.o(i.I2C1_Soft_Single_Read) refers to stm32f10x_i2c.o(i.I2C_Send7bitAddress) for I2C_Send7bitAddress
    iic.o(i.I2C1_Soft_Single_Read) refers to stm32f10x_i2c.o(i.I2C_SendData) for I2C_SendData
    iic.o(i.I2C1_Soft_Single_Read) refers to stm32f10x_i2c.o(i.I2C_ReceiveData) for I2C_ReceiveData
    iic.o(i.I2C1_Soft_Single_Read) refers to stm32f10x_i2c.o(i.I2C_GenerateSTOP) for I2C_GenerateSTOP
    iic.o(i.I2C1_Soft_Single_Write) refers to stm32f10x_i2c.o(i.I2C_GenerateSTART) for I2C_GenerateSTART
    iic.o(i.I2C1_Soft_Single_Write) refers to stm32f10x_i2c.o(i.I2C_CheckEvent) for I2C_CheckEvent
    iic.o(i.I2C1_Soft_Single_Write) refers to stm32f10x_i2c.o(i.I2C_Send7bitAddress) for I2C_Send7bitAddress
    iic.o(i.I2C1_Soft_Single_Write) refers to stm32f10x_i2c.o(i.I2C_SendData) for I2C_SendData
    iic.o(i.I2C1_Soft_Single_Write) refers to stm32f10x_i2c.o(i.I2C_GenerateSTOP) for I2C_GenerateSTOP
[...]
    .ARM.Collect$$libshutdown$$0000000C      0x080001c6   Section        0  libshutdown2.o(.ARM.Collect$$libshutdown$$0000000C)
    .ARM.Collect$$libshutdown$$0000000F      0x080001c6   Section        0  libshutdown2.o(.ARM.Collect$$libshutdown$$0000000F)
    .ARM.Collect$$libshutdown$$00000010      0x080001c6   Section        2  libshutdown2.o(.ARM.Collect$$libshutdown$$00000010)
    .ARM.Collect$$rtentry$$00000000          0x080001c8   Section        0  __rtentry.o(.ARM.Collect$$rtentry$$00000000)
    .ARM.Collect$$rtentry$$00000002          0x080001c8   Section        0  __rtentry2.o(.ARM.Collect$$rtentry$$00000002)
    .ARM.Collect$$rtentry$$00000004          0x080001c8   Section        6  __rtentry4.o(.ARM.Collect$$rtentry$$00000004)
    .ARM.Collect$$rtentry$$00000009          0x080001ce   Section        0  __rtentry2.o(.ARM.Collect$$rtentry$$00000009)
    .ARM.Collect$$rtentry$$0000000A          0x080001ce   Section        4  __rtentry2.o(.ARM.Collect$$rtentry$$0000000A)
    .ARM.Collect$$rtentry$$0000000C          0x080001d2   Section        0  __rtentry2.o(.ARM.Collect$$rtentry$$0000000C)
    .ARM.Collect$$rtentry$$0000000D          0x080001d2   Section        8  __rtentry2.o(.ARM.Collect$$rtentry$$0000000D)
    .ARM.Collect$$rtexit$$00000000           0x080001da   Section        2  rtexit.o(.ARM.Collect$$rtexit$$00000000)
    .ARM.Collect$$rtexit$$00000002           0x080001dc   Section        0  rtexit2.o(.ARM.Collect$$rtexit$$00000002)
    .ARM.Collect$$rtexit$$00000003           0x080001dc   Section        4  rtexit2.o(.ARM.Collect$$rtexit$$00000003)
    .ARM.Collect$$rtexit$$00000004           0x080001e0   Section        6  rtexit2.o(.ARM.Collect$$rtexit$$00000004)
    .text                                    0x080001e8   Section       64  startup_stm32f10x_hd.o(.text)
    .text                                    0x08000228   Section        0  atoi.o(.text)
    .text                                    0x08000242   Section        0  heapauxi.o(.text)
    .text                                    0x08000248   Section        8  rt_errno_addr_intlibspace.o(.text)
    .text                                    0x08000250   Section        0  _rserrno.o(.text)
    .text                                    0x08000268   Section        0  strtod.o(.text)
    _local_sscanf                            0x08000269   Thumb Code    60  strtod.o(.text)
    .text                                    0x0800030c   Section        0  strtol.o(.text)
    .text                                    0x0800037c   Section        8  libspace.o(.text)
    .text                                    0x08000384   Section       16  rt_ctype_table.o(.text)
    .text                                    0x08000394   Section        0  isspace.o(.text)
    .text                                    0x080003a6   Section        0  _sgetc.o(.text)
    .text                                    0x080003e6   Section        0  _strtoul.o(.text)
    .text                                    0x08000484   Section       74  sys_stackheap_outer.o(.text)
    .text                                    0x080004d0   Section        8  rt_locale_intlibspace.o(.text)
    .text                                    0x080004d8   Section        0  _chval.o(.text)
    .text                                    0x080004f4   Section        0  scanf_fp.o(.text)
    _fp_value                                0x080004f5   Thumb Code   588  scanf_fp.o(.text)
    .text                                    0x080009ec   Section        0  exit.o(.text)
    .text                                    0x08000a00   Section      128  strcmpv7m.o(.text)
    .text                                    0x08000a80   Section        0  bigflt0.o(.text)
    .text                                    0x08000b64   Section        0  scanf_hexfp.o(.text)
    .text                                    0x08000e84   Section        0  scanf_infnan.o(.text)
    .text                                    0x08000fb8   Section        0  sys_exit.o(.text)
    .text                                    0x08000fc4   Section       38  llshl.o(.text)
    .text                                    0x08000fea   Section        2  use_no_semi.o(.text)
    .text                                    0x08000fec   Section        0  indicate_semi.o(.text)
    CL$$btod_div_common                      0x08000fec   Section      824  btod.o(CL$$btod_div_common)
    CL$$btod_e2d                             0x08001324   Section      132  btod.o(CL$$btod_e2d)
    CL$$btod_e2e                             0x080013a8   Section      220  btod.o(CL$$btod_e2e)
    CL$$btod_ediv                            0x08001484   Section       42  btod.o(CL$$btod_ediv)
    CL$$btod_edivd                           0x080014ae   Section       42  btod.o(CL$$btod_edivd)
    CL$$btod_emul                            0x080014d8   Section       42  btod.o(CL$$btod_emul)
    CL$$btod_emuld                           0x08001502   Section       42  btod.o(CL$$btod_emuld)
    CL$$btod_mult_common                     0x0800152c   Section      580  btod.o(CL$$btod_mult_common)
    i.BusFault_Handler                       0x08001770   Section        0  stm32f10x_it.o(i.BusFault_Handler)
    i.DMA_ClearFlag                          0x08001774   Section        0  stm32f10x_dma.o(i.DMA_ClearFlag)
    i.DMA_Cmd                                0x08001790   Section        0  stm32f10x_dma.o(i.DMA_Cmd)
    i.DMA_DeInit                             0x080017a8   Section        0  stm32f10x_dma.o(i.DMA_DeInit)
    i.DMA_Init                               0x080018f4   Section        0  stm32f10x_dma.o(i.DMA_Init)
    i.DebugMon_Handler                       0x08001930   Section        0  stm32f10x_it.o(i.DebugMon_Handler)
    i.GPIO_DeInit                            0x08001934   Section        0  stm32f10x_gpio.o(i.GPIO_DeInit)
    i.GPIO_Init                              0x080019fc   Section        0  stm32f10x_gpio.o(i.GPIO_Init)
    i.GPIO_ResetBits                         0x08001b12   Section        0  stm32f10x_gpio.o(i.GPIO_ResetBits)
    i.GPIO_SetBits                           0x08001b16   Section        0  stm32f10x_gpio.o(i.GPIO_SetBits)
    i.GPS_DMA_Init                           0x08001b1c   Section        0  gps.o(i.GPS_DMA_Init)
    i.HardFault_Handler                      0x08001bc8   Section        0  stm32f10x_it.o(i.HardFault_Handler)
    i.I2C1_Soft_Mult_Read                    0x08001bcc   Section        0  iic.o(i.I2C1_Soft_Mult_Read)
    i.I2C1_Soft_Single_Read                  0x08001ce0   Section        0  iic.o(i.I2C1_Soft_Single_Read)
    i.I2C1_Soft_Single_Write                 0x08001de4   Section        0  iic.o(i.I2C1_Soft_Single_Write)
    i.I2C_AcknowledgeConfig                  0x08001ea4   Section        0  stm32f10x_i2c.o(i.I2C_AcknowledgeConfig)
    i.I2C_CheckEvent                         0x08001ebc   Section        0  stm32f10x_i2c.o(i.I2C_CheckEvent)
    i.I2C_Cmd                                0x08001ee6   Section        0  stm32f10x_i2c.o(i.I2C_Cmd)
    i.I2C_DMACmd                             0x08001efe   Section        0  stm32f10x_i2c.o(i.I2C_DMACmd)
    i.I2C_DeInit                             0x08001f18   Section        0  stm32f10x_i2c.o(i.I2C_DeInit)
    i.I2C_GenerateSTART                      0x08001f50   Section        0  stm32f10x_i2c.o(i.I2C_GenerateSTART)
    i.I2C_GenerateSTOP                       0x08001f68   Section        0  stm32f10x_i2c.o(i.I2C_GenerateSTOP)
    i.I2C_Init                               0x08001f80   Section        0  stm32f10x_i2c.o(i.I2C_Init)
    i.I2C_ReceiveData                        0x0800206c   Section        0  stm32f10x_i2c.o(i.I2C_ReceiveData)
    i.I2C_Send7bitAddress                    0x08002074   Section        0  stm32f10x_i2c.o(i.I2C_Send7bitAddress)
    i.I2C_SendData                           0x08002086   Section        0  stm32f10x_i2c.o(i.I2C_SendData)
    i.IIC2_DMA_Init                          0x0800208c   Section        0  iic.o(i.IIC2_DMA_Init)
    i.MPU_Get_Raw_Data                       0x08002144   Section        0  mpu6050.o(i.MPU_Get_Raw_Data)
    i.MPU_Init                               0x080021d8   Section        0  mpu6050.o(i.MPU_Init)
    i.MemManage_Handler                      0x08002296   Section        0  stm32f10x_it.o(i.MemManage_Handler)
    i.NMI_Handler                            0x0800229a   Section        0  stm32f10x_it.o(i.NMI_Handler)
    i.NRF24L01_Clear_IRQ_Flag                0x0800229c   Section        0  24g.o(i.NRF24L01_Clear_IRQ_Flag)
    i.NRF24L01_Read_Reg                      0x080022dc   Section        0  24g.o(i.NRF24L01_Read_Reg)
    i.NRF24L01_Read_Status_Register          0x08002310   Section        0  24g.o(i.NRF24L01_Read_Status_Register)
    i.NRF24L01_Set_RxAddr                    0x0800233c   Section        0  24g.o(i.NRF24L01_Set_RxAddr)
    i.NRF24L01_Set_TxAddr                    0x0800236c   Section        0  24g.o(i.NRF24L01_Set_TxAddr)
    i.NRF24L01_Write_Buf                     0x0800238c   Section        0  24g.o(i.NRF24L01_Write_Buf)
    i.NRF24L01_Write_Reg                     0x080023d0   Section        0  24g.o(i.NRF24L01_Write_Reg)
    i.NVIC_Init                              0x08002404   Section        0  misc.o(i.NVIC_Init)
    i.NVIC_PriorityGroupConfig               0x08002474   Section        0  misc.o(i.NVIC_PriorityGroupConfig)
    i.OLED_Clear                             0x08002488   Section        0  091oled.o(i.OLED_Clear)
    i.OLED_Init                              0x080024c6   Section        0  091oled.o(i.OLED_Init)
    i.OLED_Set_Pos                           0x08002586   Section        0  091oled.o(i.OLED_Set_Pos)
    i.OLED_ShowChar                          0x080025b0   Section        0  091oled.o(i.OLED_ShowChar)
    i.OLED_ShowFloat                         0x08002654   Section        0  091oled.o(i.OLED_ShowFloat)
    i.OLED_ShowNum                           0x080026d8   Section        0  091oled.o(i.OLED_ShowNum)
    i.OLED_ShowString                        0x08002782   Section        0  091oled.o(i.OLED_ShowString)
    i.OLED_WR_Byte                           0x080027bc   Section        0  091oled.o(i.OLED_WR_Byte)
    i.PendSV_Handler                         0x080027dc   Section        0  stm32f10x_it.o(i.PendSV_Handler)
    i.RCC_AHBPeriphClockCmd                  0x080027e0   Section        0  stm32f10x_rcc.o(i.RCC_AHBPeriphClockCmd)
    i.RCC_APB1PeriphClockCmd                 0x08002800   Section        0  stm32f10x_rcc.o(i.RCC_APB1PeriphClockCmd)
    i.RCC_APB1PeriphResetCmd                 0x08002820   Section        0  stm32f10x_rcc.o(i.RCC_APB1PeriphResetCmd)
    i.RCC_APB2PeriphClockCmd                 0x08002840   Section        0  stm32f10x_rcc.o(i.RCC_APB2PeriphClockCmd)
    i.RCC_APB2PeriphResetCmd                 0x08002860   Section        0  stm32f10x_rcc.o(i.RCC_APB2PeriphResetCmd)
    i.RCC_GetClocksFreq                      0x08002880   Section        0  stm32f10x_rcc.o(i.RCC_GetClocksFreq)
    i.RF24L01_Init                           0x08002954   Section        0  24g.o(i.RF24L01_Init)
    i.SPI1_Init                              0x080029e4   Section        0  spi.o(i.SPI1_Init)
    i.SPI_Cmd                                0x08002aa8   Section        0  stm32f10x_spi.o(i.SPI_Cmd)
    i.SPI_I2S_DeInit                         0x08002ac0   Section        0  stm32f10x_spi.o(i.SPI_I2S_DeInit)
    i.SPI_I2S_GetFlagStatus                  0x08002b18   Section        0  stm32f10x_spi.o(i.SPI_I2S_GetFlagStatus)
    i.SPI_Init                               0x08002b2a   Section        0  stm32f10x_spi.o(i.SPI_Init)
    i.SVC_Handler                            0x08002b66   Section        0  stm32f10x_it.o(i.SVC_Handler)
    i.SetSysClock                            0x08002b68   Section        0  system_stm32f10x.o(i.SetSysClock)
    SetSysClock                              0x08002b69   Thumb Code     8  system_stm32f10x.o(i.SetSysClock)
    i.SetSysClockTo72                        0x08002b70   Section        0  system_stm32f10x.o(i.SetSysClockTo72)
    SetSysClockTo72                          0x08002b71   Thumb Code   214  system_stm32f10x.o(i.SetSysClockTo72)
    i.Soft_IIC1_Init                         0x08002c50   Section        0  iic.o(i.Soft_IIC1_Init)
    i.SysTick_CLKSourceConfig                0x08002d14   Section        0  misc.o(i.SysTick_CLKSourceConfig)
    i.SysTick_Handler                        0x08002d3c   Section        0  stm32f10x_it.o(i.SysTick_Handler)
    i.SystemInit                             0x08002d40   Section        0  system_stm32f10x.o(i.SystemInit)
    i.TIM1_UP_IRQHandler                     0x08002da0   Section        0  main.o(i.TIM1_UP_IRQHandler)
    i.TIM3_Int_Init                          0x08002ea8   Section        0  timer.o(i.TIM3_Int_Init)
    i.TIM_ClearFlag                          0x08002f14   Section        0  stm32f10x_tim.o(i.TIM_ClearFlag)
    i.TIM_ClearITPendingBit                  0x08002f1a   Section        0  stm32f10x_tim.o(i.TIM_ClearITPendingBit)
    i.TIM_Cmd                                0x08002f20   Section        0  stm32f10x_tim.o(i.TIM_Cmd)
    i.TIM_GetITStatus                        0x08002f38   Section        0  stm32f10x_tim.o(i.TIM_GetITStatus)
    i.TIM_ITConfig                           0x08002f5a   Section        0  stm32f10x_tim.o(i.TIM_ITConfig)
    i.TIM_TimeBaseInit                       0x08002f6c   Section        0  stm32f10x_tim.o(i.TIM_TimeBaseInit)
    i.USART3_IRQHandler                      0x08003010   Section        0  gps.o(i.USART3_IRQHandler)
    i.USART_Cmd                              0x08003284   Section        0  stm32f10x_usart.o(i.USART_Cmd)
    i.USART_DMACmd                           0x0800329c   Section        0  stm32f10x_usart.o(i.USART_DMACmd)
    i.USART_ITConfig                         0x080032ae   Section        0  stm32f10x_usart.o(i.USART_ITConfig)
    i.USART_Init                             0x080032f8   Section        0  stm32f10x_usart.o(i.USART_Init)
    i.UsageFault_Handler                     0x080033d0   Section        0  stm32f10x_it.o(i.UsageFault_Handler)
    i.__mathlib_dbl_overflow                 0x080033d4   Section        0  dunder.o(i.__mathlib_dbl_overflow)
    i.__mathlib_dbl_underflow                0x080033e4   Section        0  dunder.o(i.__mathlib_dbl_underflow)
    i.__mathlib_narrow                       0x080033f4   Section        0  narrow.o(i.__mathlib_narrow)
    i.__mathlib_tofloat                      0x08003404   Section        0  narrow.o(i.__mathlib_tofloat)
    i.__support_ldexp                        0x080034c0   Section        0  ldexp.o(i.__support_ldexp)
    i._is_digit                              0x080034d6   Section        0  scanf_fp.o(i._is_digit)
    i.atof                                   0x080034e4   Section        0  atof.o(i.atof)
    i.delay_init                             0x08003510   Section        0  delay.o(i.delay_init)
    i.delay_ms                               0x08003554   Section        0  delay.o(i.delay_ms)
    i.delay_us                               0x080035a0   Section        0  delay.o(i.delay_us)
    i.frexp                                  0x080035ec   Section        0  frexp.o(i.frexp)
    i.ldexp                                  0x08003644   Section        0  ldexp.o(i.ldexp)
    i.main                                   0x080036b8   Section        0  main.o(i.main)
    i.oled_pow                               0x080037a8   Section        0  091oled.o(i.oled_pow)
    i.spi_read_write_byte                    0x080037c0   Section        0  spi.o(i.spi_read_write_byte)
    i.uart_init                              0x08003820   Section        0  usart.o(i.uart_init)
    locale$$code                             0x080038ac   Section       44  lc_numeric_c.o(locale$$code)
    locale$$code                             0x080038d8   Section       44  lc_ctype_c.o(locale$$code)
    x$fpl$d2f                                0x08003904   Section       98  d2f.o(x$fpl$d2f)
    x$fpl$dadd                               0x08003968   Section      336  daddsub_clz.o(x$fpl$dadd)
    _dadd1                                   0x08003979   Thumb Code     0  daddsub_clz.o(x$fpl$dadd)
    x$fpl$dcheck1                            0x08003ab8   Section       16  dcheck1.o(x$fpl$dcheck1)
    x$fpl$dcmpinf                            0x08003ac8   Section       24  dcmpi.o(x$fpl$dcmpinf)
    x$fpl$ddiv                               0x08003ae0   Section      688  ddiv.o(x$fpl$ddiv)
    ddiv_entry                               0x08003ae7   Thumb Code     0  ddiv.o(x$fpl$ddiv)
    x$fpl$deqf                               0x08003d90   Section      120  deqf.o(x$fpl$deqf)
    x$fpl$dfix                               0x08003e08   Section       94  dfix.o(x$fpl$dfix)
    x$fpl$dflt                               0x08003e66   Section       46  dflt_clz.o(x$fpl$dflt)
    x$fpl$dleqf                              0x08003e94   Section      120  dleqf.o(x$fpl$dleqf)
    x$fpl$dmul                               0x08003f0c   Section      340  dmul.o(x$fpl$dmul)
    x$fpl$dnaninf                            0x08004060   Section      156  dnaninf.o(x$fpl$dnaninf)
    x$fpl$dretinf                            0x080040fc   Section       12  dretinf.o(x$fpl$dretinf)
    x$fpl$drleqf                             0x08004108   Section      108  drleqf.o(x$fpl$drleqf)
    x$fpl$dsub                               0x08004174   Section      468  daddsub_clz.o(x$fpl$dsub)
    _dsub1                                   0x08004185   Thumb Code     0  daddsub_clz.o(x$fpl$dsub)
    x$fpl$ffix                               0x08004348   Section       54  ffix.o(x$fpl$ffix)
    x$fpl$fmul                               0x08004380   Section      258  fmul.o(x$fpl$fmul)
    x$fpl$fnaninf                            0x08004482   Section      140  fnaninf.o(x$fpl$fnaninf)
    x$fpl$fretinf                            0x0800450e   Section       10  fretinf.o(x$fpl$fretinf)
    x$fpl$ieeestatus                         0x08004518   Section        6  istatus.o(x$fpl$ieeestatus)
    x$fpl$retnan                             0x0800451e   Section      100  retnan.o(x$fpl$retnan)
    x$fpl$scalbn                             0x08004582   Section       92  scalbn.o(x$fpl$scalbn)
    x$fpl$scanf1                             0x080045de   Section        4  scanf1.o(x$fpl$scanf1)
    x$fpl$scanf2                             0x080045e2   Section        8  scanf2.o(x$fpl$scanf2)
    x$fpl$trapveneer                         0x080045ea   Section       48  trapv.o(x$fpl$trapveneer)
    .constdata                               0x0800461a   Section     2072  091oled.o(.constdata)
    x$fpl$usenofp                            0x0800461a   Section        0  usenofp.o(x$fpl$usenofp)
    .constdata                               0x08004e34   Section      148  bigflt0.o(.constdata)
    tenpwrs_x                                0x08004e34   Data          60  bigflt0.o(.constdata)
    tenpwrs_i                                0x08004e70   Data          64  bigflt0.o(.constdata)
    c$$dinf                                  0x08004ee8   Section        8  fpconst.o(c$$dinf)
    c$$dmax                                  0x08004ef0   Section        8  fpconst.o(c$$dmax)
    locale$$data                             0x08004ef8   Section       28  lc_numeric_c.o(locale$$data)
    __lcnum_c_name                           0x08004efc   Data           2  lc_numeric_c.o(locale$$data)
    __lcnum_c_start                          0x08004f04   Data           0  lc_numeric_c.o(locale$$data)
    __lcnum_c_point                          0x08004f10   Data           0  lc_numeric_c.o(locale$$data)
    __lcnum_c_thousands                      0x08004f12   Data           0  lc_numeric_c.o(locale$$data)
    __lcnum_c_grouping                       0x08004f13   Data           0  lc_numeric_c.o(locale$$data)
    locale$$data                             0x08004f14   Section      272  lc_ctype_c.o(locale$$data)
    __lcnum_c_end                            0x08004f14   Data           0  lc_numeric_c.o(locale$$data)
    __lcctype_c_name                         0x08004f18   Data           2  lc_ctype_c.o(locale$$data)
    __lcctype_c_start                        0x08004f20   Data           0  lc_ctype_c.o(locale$$data)
    __lcctype_c_end                          0x08005024   Data           0  lc_ctype_c.o(locale$$data)
    .data                                    0x20000000   Section       16  main.o(.data)
    .data                                    0x20000010   Section       20  system_stm32f10x.o(.data)
    .data                                    0x20000024   Section        4  delay.o(.data)
    fac_us                                   0x20000024   Data           1  delay.o(.data)
    fac_ms                                   0x20000026   Data           2  delay.o(.data)
    .data                                    0x20000028   Section       20  stm32f10x_rcc.o(.data)
    APBAHBPrescTable                         0x20000028   Data          16  stm32f10x_rcc.o(.data)
    ADCPrescTable                            0x20000038   Data           4  stm32f10x_rcc.o(.data)
    .data                                    0x2000003c   Section        3  gps.o(.data)
    .bss                                     0x20000040   Section       14  main.o(.bss)
    .bss                                     0x2000004e   Section       40  iic.o(.bss)
    .bss                                     0x20000076   Section       14  mpu6050.o(.bss)
    .bss                                     0x20000084   Section      248  gps.o(.bss)
    .bss                                     0x2000017c   Section       96  libspace.o(.bss)
    HEAP                                     0x200001e0   Section      512  startup_stm32f10x_hd.o(HEAP)
    Heap_Mem                                 0x200001e0   Data         512  startup_stm32f10x_hd.o(HEAP)
    STACK                                    0x200003e0   Section     1024  startup_stm32f10x_hd.o(STACK)
    Stack_Mem                                0x200003e0   Data        1024  startup_stm32f10x_hd.o(STACK)
    __initial_sp                             0x200007e0   Data           0  startup_stm32f10x_hd.o(STACK)

    Global Symbols

    Symbol Name                              Value     Ov Type        Size  Object(Section)

    BuildAttributes$$THM_ISAv4$P$D$K$B$S$PE$A:L22UL41UL21$X:L11$S22US41US21$IEEE1$IW$USESV6$~STKCKD$USESV7$~SHL$OTIME$ROPI$IEEEX$EBA8$UX$STANDARDLIB$REQ8$PRES8$EABIv2 0x00000000   Number         0  anon$$obj.o ABSOLUTE
    __ARM_use_no_argv                        0x00000000   Number         0  main.o ABSOLUTE
    __ARM_exceptions_init                     - Undefined Weak Reference
    __alloca_initialize                       - Undefined Weak Reference
    __arm_preinit_                            - Undefined Weak Reference
    __cpp_initialize__aeabi_                  - Undefined Weak Reference
    __cxa_finalize                            - Undefined Weak Reference
    __sigvec_lookup                           - Undefined Weak Reference
    _atexit_init                              - Undefined Weak Reference
    _call_atexit_fns                          - Undefined Weak Reference
    _clock_init                               - Undefined Weak Reference
    _fp_trap_init                             - Undefined Weak Reference
    _fp_trap_shutdown                         - Undefined Weak Reference
    _get_lc_collate                           - Undefined Weak Reference
    _get_lc_monetary                          - Undefined Weak Reference
    _get_lc_time                              - Undefined Weak Reference
    _getenv_init                              - Undefined Weak Reference
    _handle_redirection                       - Undefined Weak Reference
    _init_alloc                               - Undefined Weak Reference
    _init_user_alloc                          - Undefined Weak Reference
    _initio                                   - Undefined Weak Reference
    _rand_init                                - Undefined Weak Reference
    _signal_finish                            - Undefined Weak Reference
    _signal_init                              - Undefined Weak Reference
    _terminate_alloc                          - Undefined Weak Reference
    _terminate_user_alloc                     - Undefined Weak Reference
    _terminateio                              - Undefined Weak Reference
    __Vectors_Size                           0x00000130   Number         0  startup_stm32f10x_hd.o ABSOLUTE
    __Vectors                                0x08000000   Data           4  startup_stm32f10x_hd.o(RESET)
    __Vectors_End                            0x08000130   Data           0  startup_stm32f10x_hd.o(RESET)
    __main                                   0x08000131   Thumb Code     8  __main.o(!!!main)
    __scatterload                            0x08000139   Thumb Code     0  __scatter.o(!!!scatter)
    __scatterload_rt2                        0x08000139   Thumb Code    44  __scatter.o(!!!scatter)
    __scatterload_rt2_thumb_only             0x08000139   Thumb Code     0  __scatter.o(!!!scatter)
    __scatterload_null                       0x08000147   Thumb Code     0  __scatter.o(!!!scatter)
    __scatterload_copy                       0x0800016d   Thumb Code    26  __scatter_copy.o(!!handler_copy)
    __scatterload_zeroinit                   0x08000189   Thumb Code    28  __scatter_zi.o(!!handler_zi)
    __rt_lib_init                            0x080001a5   Thumb Code     0  libinit.o(.ARM.Collect$$libinit$$00000000)
    __rt_lib_init_fp_1                       0x080001a7   Thumb Code     0  libinit2.o(.ARM.Collect$$libinit$$00000002)
    __rt_lib_init_heap_1                     0x080001a7   Thumb Code     0  libinit2.o(.ARM.Collect$$libinit$$0000000A)
    __rt_lib_init_lc_common                  0x080001a7   Thumb Code     0  libinit2.o(.ARM.Collect$$libinit$$0000000F)
    __rt_lib_init_preinit_1                  0x080001a7   Thumb Code     0  libinit2.o(.ARM.Collect$$libinit$$00000004)
    __rt_lib_init_rand_1                     0x080001a7   Thumb Code     0  libinit2.o(.ARM.Collect$$libinit$$0000000E)
    __rt_lib_init_user_alloc_1               0x080001a7   Thumb Code     0  libinit2.o(.ARM.Collect$$libinit$$0000000C)
    __rt_lib_init_lc_collate_1               0x080001ad   Thumb Code     0  libinit2.o(.ARM.Collect$$libinit$$00000011)
    __rt_lib_init_lc_ctype_2                 0x080001ad   Thumb Code     0  libinit2.o(.ARM.Collect$$libinit$$00000012)
    __rt_lib_init_lc_ctype_1                 0x080001b9   Thumb Code     0  libinit2.o(.ARM.Collect$$libinit$$00000013)
    __rt_lib_init_lc_monetary_1              0x080001b9   Thumb Code     0  libinit2.o(.ARM.Collect$$libinit$$00000015)
    __rt_lib_init_lc_numeric_2               0x080001b9   Thumb Code     0  libinit2.o(.ARM.Collect$$libinit$$00000016)
    __rt_lib_init_alloca_1                   0x080001c3   Thumb Code     0  libinit2.o(.ARM.Collect$$libinit$$0000002E)
    __rt_lib_init_argv_1                     0x080001c3   Thumb Code     0  libinit2.o(.ARM.Collect$$libinit$$0000002C)
    __rt_lib_init_atexit_1                   0x080001c3   Thumb Code     0  libinit2.o(.ARM.Collect$$libinit$$0000001B)
    __rt_lib_init_clock_1                    0x080001c3   Thumb Code     0  libinit2.o(.ARM.Collect$$libinit$$00000021)
    __rt_lib_init_cpp_1                      0x080001c3   Thumb Code     0  libinit2.o(.ARM.Collect$$libinit$$00000032)
    __rt_lib_init_exceptions_1               0x080001c3   Thumb Code     0  libinit2.o(.ARM.Collect$$libinit$$00000030)
    __rt_lib_init_fp_trap_1                  0x080001c3   Thumb Code     0  libinit2.o(.ARM.Collect$$libinit$$0000001F)
    __rt_lib_init_getenv_1                   0x080001c3   Thumb Code     0  libinit2.o(.ARM.Collect$$libinit$$00000023)
    __rt_lib_init_lc_numeric_1               0x080001c3   Thumb Code     0  libinit2.o(.ARM.Collect$$libinit$$00000017)
    __rt_lib_init_lc_time_1                  0x080001c3   Thumb Code     0  libinit2.o(.ARM.Collect$$libinit$$00000019)
    __rt_lib_init_return                     0x080001c3   Thumb Code     0  libinit2.o(.ARM.Collect$$libinit$$00000033)
    __rt_lib_init_signal_1                   0x080001c3   Thumb Code     0  libinit2.o(.ARM.Collect$$libinit$$0000001D)
    __rt_lib_init_stdio_1                    0x080001c3   Thumb Code     0  libinit2.o(.ARM.Collect$$libinit$$00000025)
    __rt_lib_shutdown                        0x080001c5   Thumb Code     0  libshutdown.o(.ARM.Collect$$libshutdown$$00000000)
    __rt_lib_shutdown_cpp_1                  0x080001c7   Thumb Code     0  libshutdown2.o(.ARM.Collect$$libshutdown$$00000002)
    __rt_lib_shutdown_fp_trap_1              0x080001c7   Thumb Code     0  libshutdown2.o(.ARM.Collect$$libshutdown$$00000007)
    __rt_lib_shutdown_heap_1                 0x080001c7   Thumb Code     0  libshutdown2.o(.ARM.Collect$$libshutdown$$0000000F)
    __rt_lib_shutdown_return                 0x080001c7   Thumb Code     0  libshutdown2.o(.ARM.Collect$$libshutdown$$00000010)
    __rt_lib_shutdown_signal_1               0x080001c7   Thumb Code     0  libshutdown2.o(.ARM.Collect$$libshutdown$$0000000A)
    __rt_lib_shutdown_stdio_1                0x080001c7   Thumb Code     0  libshutdown2.o(.ARM.Collect$$libshutdown$$00000004)
    __rt_lib_shutdown_user_alloc_1           0x080001c7   Thumb Code     0  libshutdown2.o(.ARM.Collect$$libshutdown$$0000000C)
    __rt_entry                               0x080001c9   Thumb Code     0  __rtentry.o(.ARM.Collect$$rtentry$$00000000)
    __rt_entry_presh_1                       0x080001c9   Thumb Code     0  __rtentry2.o(.ARM.Collect$$rtentry$$00000002)
    __rt_entry_sh                            0x080001c9   Thumb Code     0  __rtentry4.o(.ARM.Collect$$rtentry$$00000004)
    __rt_entry_li                            0x080001cf   Thumb Code     0  __rtentry2.o(.ARM.Collect$$rtentry$$0000000A)
    __rt_entry_postsh_1                      0x080001cf   Thumb Code     0  __rtentry2.o(.ARM.Collect$$rtentry$$00000009)
    __rt_entry_main                          0x080001d3   Thumb Code     0  __rtentry2.o(.ARM.Collect$$rtentry$$0000000D)
    __rt_entry_postli_1                      0x080001d3   Thumb Code     0  __rtentry2.o(.ARM.Collect$$rtentry$$0000000C)
    __rt_exit                                0x080001db   Thumb Code     0  rtexit.o(.ARM.Collect$$rtexit$$00000000)
    __rt_exit_ls                             0x080001dd   Thumb Code     0  rtexit2.o(.ARM.Collect$$rtexit$$00000003)
    __rt_exit_prels_1                        0x080001dd   Thumb Code     0  rtexit2.o(.ARM.Collect$$rtexit$$00000002)
    __rt_exit_exit                           0x080001e1   Thumb Code     0  rtexit2.o(.ARM.Collect$$rtexit$$00000004)
    Reset_Handler                            0x080001e9   Thumb Code     8  startup_stm32f10x_hd.o(.text)
    ADC1_2_IRQHandler                        0x08000203   Thumb Code     0  startup_stm32f10x_hd.o(.text)
    ADC3_IRQHandler                          0x08000203   Thumb Code     0  startup_stm32f10x_hd.o(.text)
    CAN1_RX1_IRQHandler                      0x08000203   Thumb Code     0  startup_stm32f10x_hd.o(.text)
    CAN1_SCE_IRQHandler                      0x08000203   Thumb Code     0  startup_stm32f10x_hd.o(.text)
    DMA1_Channel1_IRQHandler                 0x08000203   Thumb Code     0  startup_stm32f10x_hd.o(.text)
    DMA1_Channel2_IRQHandler                 0x08000203   Thumb Code     0  startup_stm32f10x_hd.o(.text)
    DMA1_Channel3_IRQHandler                 0x08000203   Thumb Code     0  startup_stm32f10x_hd.o(.text)
    DMA1_Channel4_IRQHandler                 0x08000203   Thumb Code     0  startup_stm32f10x_hd.o(.text)
    DMA1_Channel5_IRQHandler                 0x08000203   Thumb Code     0  startup_stm32f10x_hd.o(.text)
    DMA1_Channel6_IRQHandler                 0x08000203   Thumb Code     0  startup_stm32f10x_hd.o(.text)
    DMA1_Channel7_IRQHandler                 0x08000203   Thumb Code     0  startup_stm32f10x_hd.o(.text)
    DMA2_Channel1_IRQHandler                 0x08000203   Thumb Code     0  startup_stm32f10x_hd.o(.text)
    DMA2_Channel2_IRQHandler                 0x08000203   Thumb Code     0  startup_stm32f10x_hd.o(.text)
    DMA2_Channel3_IRQHandler                 0x08000203   Thumb Code     0  startup_stm32f10x_hd.o(.text)
    DMA2_Channel4_5_IRQHandler               0x08000203   Thumb Code     0  startup_stm32f10x_hd.o(.text)
    EXTI0_IRQHandler                         0x08000203   Thumb Code     0  startup_stm32f10x_hd.o(.text)
    EXTI15_10_IRQHandler                     0x08000203   Thumb Code     0  startup_stm32f10x_hd.o(.text)
    EXTI1_IRQHandler                         0x08000203   Thumb Code     0  startup_stm32f10x_hd.o(.text)
    EXTI2_IRQHandler                         0x08000203   Thumb Code     0  startup_stm32f10x_hd.o(.text)
    EXTI3_IRQHandler                         0x08000203   Thumb Code     0  startup_stm32f10x_hd.o(.text)
    EXTI4_IRQHandler                         0x08000203   Thumb Code     0  startup_stm32f10x_hd.o(.text)
    EXTI9_5_IRQHandler                       0x08000203   Thumb Code     0  startup_stm32f10x_hd.o(.text)
    FLASH_IRQHandler                         0x08000203   Thumb Code     0  startup_stm32f10x_hd.o(.text)
    FSMC_IRQHandler                          0x08000203   Thumb Code     0  startup_stm32f10x_hd.o(.text)
    I2C1_ER_IRQHandler                       0x08000203   Thumb Code     0  startup_stm32f10x_hd.o(.text)
    I2C1_EV_IRQHandler                       0x08000203   Thumb Code     0  startup_stm32f10x_hd.o(.text)
    I2C2_ER_IRQHandler                       0x08000203   Thumb Code     0  startup_stm32f10x_hd.o(.text)
    I2C2_EV_IRQHandler                       0x08000203   Thumb Code     0  startup_stm32f10x_hd.o(.text)
    PVD_IRQHandler                           0x08000203   Thumb Code     0  startup_stm32f10x_hd.o(.text)
    RCC_IRQHandler                           0x08000203   Thumb Code     0  startup_stm32f10x_hd.o(.text)
    RTCAlarm_IRQHandler                      0x08000203   Thumb Code     0  startup_stm32f10x_hd.o(.text)
    RTC_IRQHandler                           0x08000203   Thumb Code     0  startup_stm32f10x_hd.o(.text)
    SDIO_IRQHandler                          0x08000203   Thumb Code     0  startup_stm32f10x_hd.o(.text)
    SPI1_IRQHandler                          0x08000203   Thumb Code     0  startup_stm32f10x_hd.o(.text)
    SPI2_IRQHandler                          0x08000203   Thumb Code     0  startup_stm32f10x_hd.o(.text)
    SPI3_IRQHandler                          0x08000203   Thumb Code     0  startup_stm32f10x_hd.o(.text)
    TAMPER_IRQHandler                        0x08000203   Thumb Code     0  startup_stm32f10x_hd.o(.text)
    TIM1_BRK_IRQHandler                      0x08000203   Thumb Code     0  startup_stm32f10x_hd.o(.text)
    TIM1_CC_IRQHandler                       0x08000203   Thumb Code     0  startup_stm32f10x_hd.o(.text)
    TIM1_TRG_COM_IRQHandler                  0x08000203   Thumb Code     0  startup_stm32f10x_hd.o(.text)
    TIM2_IRQHandler                          0x08000203   Thumb Code     0  startup_stm32f10x_hd.o(.text)
    TIM3_IRQHandler                          0x08000203   Thumb Code     0  startup_stm32f10x_hd.o(.text)
    TIM4_IRQHandler                          0x08000203   Thumb Code     0  startup_stm32f10x_hd.o(.text)
    TIM5_IRQHandler                          0x08000203   Thumb Code     0  startup_stm32f10x_hd.o(.text)
    TIM6_IRQHandler                          0x08000203   Thumb Code     0  startup_stm32f10x_hd.o(.text)
    TIM7_IRQHandler                          0x08000203   Thumb Code     0  startup_stm32f10x_hd.o(.text)
    TIM8_BRK_IRQHandler                      0x08000203   Thumb Code     0  startup_stm32f10x_hd.o(.text)
    TIM8_CC_IRQHandler                       0x08000203   Thumb Code     0  startup_stm32f10x_hd.o(.text)
    TIM8_TRG_COM_IRQHandler                  0x08000203   Thumb Code     0  startup_stm32f10x_hd.o(.text)
    TIM8_UP_IRQHandler                       0x08000203   Thumb Code     0  startup_stm32f10x_hd.o(.text)
    UART4_IRQHandler                         0x08000203   Thumb Code     0  startup_stm32f10x_hd.o(.text)
    UART5_IRQHandler                         0x08000203   Thumb Code     0  startup_stm32f10x_hd.o(.text)
    USART1_IRQHandler                        0x08000203   Thumb Code     0  startup_stm32f10x_hd.o(.text)
    USART2_IRQHandler                        0x08000203   Thumb Code     0  startup_stm32f10x_hd.o(.text)
    USBWakeUp_IRQHandler                     0x08000203   Thumb Code     0  startup_stm32f10x_hd.o(.text)
    USB_HP_CAN1_TX_IRQHandler                0x08000203   Thumb Code     0  startup_stm32f10x_hd.o(.text)
    USB_LP_CAN1_RX0_IRQHandler               0x08000203   Thumb Code     0  startup_stm32f10x_hd.o(.text)
    WWDG_IRQHandler                          0x08000203   Thumb Code     0  startup_stm32f10x_hd.o(.text)
    __user_initial_stackheap                 0x08000205   Thumb Code     0  startup_stm32f10x_hd.o(.text)
    atoi                                     0x08000229   Thumb Code    26  atoi.o(.text)
    __use_two_region_memory                  0x08000243   Thumb Code     2  heapauxi.o(.text)
    __rt_heap_escrow$2region                 0x08000245   Thumb Code     2  heapauxi.o(.text)
    __rt_heap_expand$2region                 0x08000247   Thumb Code     2  heapauxi.o(.text)
    __aeabi_errno_addr                       0x08000249   Thumb Code     8  rt_errno_addr_intlibspace.o(.text)
    __errno$intlibspace                      0x08000249   Thumb Code     0  rt_errno_addr_intlibspace.o(.text)
    __rt_errno_addr$intlibspace              0x08000249   Thumb Code     0  rt_errno_addr_intlibspace.o(.text)
    __read_errno                             0x08000251   Thumb Code    10  _rserrno.o(.text)
    __set_errno                              0x0800025b   Thumb Code    12  _rserrno.o(.text)
    __strtod_int                             0x080002a5   Thumb Code    90  strtod.o(.text)
    strtol                                   0x0800030d   Thumb Code   112  strtol.o(.text)
    __user_libspace                          0x0800037d   Thumb Code     8  libspace.o(.text)
    __user_perproc_libspace                  0x0800037d   Thumb Code     0  libspace.o(.text)
    __user_perthread_libspace                0x0800037d   Thumb Code     0  libspace.o(.text)
    __rt_ctype_table                         0x08000385   Thumb Code    16  rt_ctype_table.o(.text)
    isspace                                  0x08000395   Thumb Code    18  isspace.o(.text)
    _sgetc                                   0x080003a7   Thumb Code    30  _sgetc.o(.text)
    _sbackspace                              0x080003c5   Thumb Code    34  _sgetc.o(.text)
    _strtoul                                 0x080003e7   Thumb Code   158  _strtoul.o(.text)
    __user_setup_stackheap                   0x08000485   Thumb Code    74  sys_stackheap_outer.o(.text)
    __rt_locale                              0x080004d1   Thumb Code     8  rt_locale_intlibspace.o(.text)
    _chval                                   0x080004d9   Thumb Code    28  _chval.o(.text)
    _scanf_really_real                       0x08000741   Thumb Code   684  scanf_fp.o(.text)
    exit                                     0x080009ed   Thumb Code    18  exit.o(.text)
    strcmp                                   0x08000a01   Thumb Code   128  strcmpv7m.o(.text)
    _btod_etento                             0x08000a81   Thumb Code   224  bigflt0.o(.text)
    _scanf_really_hex_real                   0x08000b65   Thumb Code   786  scanf_hexfp.o(.text)
    _scanf_really_infnan                     0x08000e85   Thumb Code   292  scanf_infnan.o(.text)
    _sys_exit                                0x08000fb9   Thumb Code     8  sys_exit.o(.text)
    __aeabi_llsl                             0x08000fc5   Thumb Code     0  llshl.o(.text)
    _ll_shift_l                              0x08000fc5   Thumb Code    38  llshl.o(.text)
    __I$use$semihosting                      0x08000feb   Thumb Code     0  use_no_semi.o(.text)
    __use_no_semihosting_swi                 0x08000feb   Thumb Code     2  use_no_semi.o(.text)
    __btod_div_common                        0x08000fed   Thumb Code   696  btod.o(CL$$btod_div_common)
    __semihosting_library_function           0x08000fed   Thumb Code     0  indicate_semi.o(.text)
    _e2d                                     0x08001325   Thumb Code   122  btod.o(CL$$btod_e2d)
    _e2e                                     0x080013a9   Thumb Code   220  btod.o(CL$$btod_e2e)
    _btod_ediv                               0x08001485   Thumb Code    42  btod.o(CL$$btod_ediv)
    _btod_edivd                              0x080014af   Thumb Code    42  btod.o(CL$$btod_edivd)
    _btod_emul                               0x080014d9   Thumb Code    42  btod.o(CL$$btod_emul)
    _btod_emuld                              0x08001503   Thumb Code    42  btod.o(CL$$btod_emuld)
    __btod_mult_common                       0x0800152d   Thumb Code   580  btod.o(CL$$btod_mult_common)
    BusFault_Handler                         0x08001771   Thumb Code     4  stm32f10x_it.o(i.BusFault_Handler)
    DMA_ClearFlag                            0x08001775   Thumb Code    18  stm32f10x_dma.o(i.DMA_ClearFlag)
    DMA_Cmd                                  0x08001791   Thumb Code    24  stm32f10x_dma.o(i.DMA_Cmd)
    DMA_DeInit                               0x080017a9   Thumb Code   324  stm32f10x_dma.o(i.DMA_DeInit)
    DMA_Init                                 0x080018f5   Thumb Code    60  stm32f10x_dma.o(i.DMA_Init)
    DebugMon_Handler                         0x08001931   Thumb Code     2  stm32f10x_it.o(i.DebugMon_Handler)
    GPIO_DeInit                              0x08001935   Thumb Code   172  stm32f10x_gpio.o(i.GPIO_DeInit)
    GPIO_Init                                0x080019fd   Thumb Code   278  stm32f10x_gpio.o(i.GPIO_Init)
    GPIO_ResetBits                           0x08001b13   Thumb Code     4  stm32f10x_gpio.o(i.GPIO_ResetBits)
    GPIO_SetBits                             0x08001b17   Thumb Code     4  stm32f10x_gpio.o(i.GPIO_SetBits)
    GPS_DMA_Init                             0x08001b1d   Thumb Code   158  gps.o(i.GPS_DMA_Init)
    HardFault_Handler                        0x08001bc9   Thumb Code     4  stm32f10x_it.o(i.HardFault_Handler)
    I2C1_Soft_Mult_Read                      0x08001bcd   Thumb Code   264  iic.o(i.I2C1_Soft_Mult_Read)
    I2C1_Soft_Single_Read                    0x08001ce1   Thumb Code   246  iic.o(i.I2C1_Soft_Single_Read)
    I2C1_Soft_Single_Write                   0x08001de5   Thumb Code   180  iic.o(i.I2C1_Soft_Single_Write)
    I2C_AcknowledgeConfig                    0x08001ea5   Thumb Code    24  stm32f10x_i2c.o(i.I2C_AcknowledgeConfig)
    I2C_CheckEvent                           0x08001ebd   Thumb Code    42  stm32f10x_i2c.o(i.I2C_CheckEvent)
    I2C_Cmd                                  0x08001ee7   Thumb Code    24  stm32f10x_i2c.o(i.I2C_Cmd)
    I2C_DMACmd                               0x08001eff   Thumb Code    24  stm32f10x_i2c.o(i.I2C_DMACmd)
    I2C_DeInit                               0x08001f19   Thumb Code    50  stm32f10x_i2c.o(i.I2C_DeInit)
    I2C_GenerateSTART                        0x08001f51   Thumb Code    24  stm32f10x_i2c.o(i.I2C_GenerateSTART)
    I2C_GenerateSTOP                         0x08001f69   Thumb Code    24  stm32f10x_i2c.o(i.I2C_GenerateSTOP)
    I2C_Init                                 0x08001f81   Thumb Code   222  stm32f10x_i2c.o(i.I2C_Init)
    I2C_ReceiveData                          0x0800206d   Thumb Code     8  stm32f10x_i2c.o(i.I2C_ReceiveData)
    I2C_Send7bitAddress                      0x08002075   Thumb Code    18  stm32f10x_i2c.o(i.I2C_Send7bitAddress)
    I2C_SendData                             0x08002087   Thumb Code     4  stm32f10x_i2c.o(i.I2C_SendData)
    IIC2_DMA_Init                            0x0800208d   Thumb Code   172  iic.o(i.IIC2_DMA_Init)
    MPU_Get_Raw_Data                         0x08002145   Thumb Code   128  mpu6050.o(i.MPU_Get_Raw_Data)
    MPU_Init                                 0x080021d9   Thumb Code   190  mpu6050.o(i.MPU_Init)
    MemManage_Handler                        0x08002297   Thumb Code     4  stm32f10x_it.o(i.MemManage_Handler)
    NMI_Handler                              0x0800229b   Thumb Code     2  stm32f10x_it.o(i.NMI_Handler)
    NRF24L01_Clear_IRQ_Flag                  0x0800229d   Thumb Code    60  24g.o(i.NRF24L01_Clear_IRQ_Flag)
    NRF24L01_Read_Reg                        0x080022dd   Thumb Code    46  24g.o(i.NRF24L01_Read_Reg)
    NRF24L01_Read_Status_Register            0x08002311   Thumb Code    38  24g.o(i.NRF24L01_Read_Status_Register)
    NRF24L01_Set_RxAddr                      0x0800233d   Thumb Code    48  24g.o(i.NRF24L01_Set_RxAddr)
    NRF24L01_Set_TxAddr                      0x0800236d   Thumb Code    30  24g.o(i.NRF24L01_Set_TxAddr)
    NRF24L01_Write_Buf                       0x0800238d   Thumb Code    64  24g.o(i.NRF24L01_Write_Buf)
    NRF24L01_Write_Reg                       0x080023d1   Thumb Code    46  24g.o(i.NRF24L01_Write_Reg)
    NVIC_Init                                0x08002405   Thumb Code   100  misc.o(i.NVIC_Init)
    NVIC_PriorityGroupConfig                 0x08002475   Thumb Code    10  misc.o(i.NVIC_PriorityGroupConfig)
    OLED_Clear                               0x08002489   Thumb Code    62  091oled.o(i.OLED_Clear)
    OLED_Init                                0x080024c7   Thumb Code   192  091oled.o(i.OLED_Init)
    OLED_Set_Pos                             0x08002587   Thumb Code    40  091oled.o(i.OLED_Set_Pos)
    OLED_ShowChar                            0x080025b1   Thumb Code   154  091oled.o(i.OLED_ShowChar)
    OLED_ShowFloat                           0x08002655   Thumb Code   126  091oled.o(i.OLED_ShowFloat)
    OLED_ShowNum                             0x080026d9   Thumb Code   170  091oled.o(i.OLED_ShowNum)
    OLED_ShowString                          0x08002783   Thumb Code    58  091oled.o(i.OLED_ShowString)
    OLED_WR_Byte                             0x080027bd   Thumb Code    32  091oled.o(i.OLED_WR_Byte)
    PendSV_Handler                           0x080027dd   Thumb Code     2  stm32f10x_it.o(i.PendSV_Handler)
    RCC_AHBPeriphClockCmd                    0x080027e1   Thumb Code    26  stm32f10x_rcc.o(i.RCC_AHBPeriphClockCmd)
    RCC_APB1PeriphClockCmd                   0x08002801   Thumb Code    26  stm32f10x_rcc.o(i.RCC_APB1PeriphClockCmd)
    RCC_APB1PeriphResetCmd                   0x08002821   Thumb Code    26  stm32f10x_rcc.o(i.RCC_APB1PeriphResetCmd)
    RCC_APB2PeriphClockCmd                   0x08002841   Thumb Code    26  stm32f10x_rcc.o(i.RCC_APB2PeriphClockCmd)
    RCC_APB2PeriphResetCmd                   0x08002861   Thumb Code    26  stm32f10x_rcc.o(i.RCC_APB2PeriphResetCmd)
    RCC_GetClocksFreq                        0x08002881   Thumb Code   192  stm32f10x_rcc.o(i.RCC_GetClocksFreq)
    RF24L01_Init                             0x08002955   Thumb Code   132  24g.o(i.RF24L01_Init)
    SPI1_Init                                0x080029e5   Thumb Code   188  spi.o(i.SPI1_Init)
    SPI_Cmd                                  0x08002aa9   Thumb Code    24  stm32f10x_spi.o(i.SPI_Cmd)
    SPI_I2S_DeInit                           0x08002ac1   Thumb Code    76  stm32f10x_spi.o(i.SPI_I2S_DeInit)
    SPI_I2S_GetFlagStatus                    0x08002b19   Thumb Code    18  stm32f10x_spi.o(i.SPI_I2S_GetFlagStatus)
    SPI_Init                                 0x08002b2b   Thumb Code    60  stm32f10x_spi.o(i.SPI_Init)
    SVC_Handler                              0x08002b67   Thumb Code     2  stm32f10x_it.o(i.SVC_Handler)
    Soft_IIC1_Init                           0x08002c51   Thumb Code   184  iic.o(i.Soft_IIC1_Init)
    SysTick_CLKSourceConfig                  0x08002d15   Thumb Code    40  misc.o(i.SysTick_CLKSourceConfig)
    SysTick_Handler                          0x08002d3d   Thumb Code     2  stm32f10x_it.o(i.SysTick_Handler)
    SystemInit                               0x08002d41   Thumb Code    78  system_stm32f10x.o(i.SystemInit)
    TIM1_UP_IRQHandler                       0x08002da1   Thumb Code   238  main.o(i.TIM1_UP_IRQHandler)
    TIM3_Int_Init                            0x08002ea9   Thumb Code   104  timer.o(i.TIM3_Int_Init)
    TIM_ClearFlag                            0x08002f15   Thumb Code     6  stm32f10x_tim.o(i.TIM_ClearFlag)
    TIM_ClearITPendingBit                    0x08002f1b   Thumb Code     6  stm32f10x_tim.o(i.TIM_ClearITPendingBit)
    TIM_Cmd                                  0x08002f21   Thumb Code    24  stm32f10x_tim.o(i.TIM_Cmd)
    TIM_GetITStatus                          0x08002f39   Thumb Code    34  stm32f10x_tim.o(i.TIM_GetITStatus)
    TIM_ITConfig                             0x08002f5b   Thumb Code    18  stm32f10x_tim.o(i.TIM_ITConfig)
    TIM_TimeBaseInit                         0x08002f6d   Thumb Code   122  stm32f10x_tim.o(i.TIM_TimeBaseInit)
    USART3_IRQHandler                        0x08003011   Thumb Code   592  gps.o(i.USART3_IRQHandler)
    USART_Cmd                                0x08003285   Thumb Code    24  stm32f10x_usart.o(i.USART_Cmd)
    USART_DMACmd                             0x0800329d   Thumb Code    18  stm32f10x_usart.o(i.USART_DMACmd)
    USART_ITConfig                           0x080032af   Thumb Code    74  stm32f10x_usart.o(i.USART_ITConfig)
    USART_Init                               0x080032f9   Thumb Code   210  stm32f10x_usart.o(i.USART_Init)
    UsageFault_Handler                       0x080033d1   Thumb Code     4  stm32f10x_it.o(i.UsageFault_Handler)
    __mathlib_dbl_overflow                   0x080033d5   Thumb Code    14  dunder.o(i.__mathlib_dbl_overflow)
    __mathlib_dbl_underflow                  0x080033e5   Thumb Code    10  dunder.o(i.__mathlib_dbl_underflow)
    __mathlib_narrow                         0x080033f5   Thumb Code    16  narrow.o(i.__mathlib_narrow)
    __mathlib_tofloat                        0x08003405   Thumb Code   184  narrow.o(i.__mathlib_tofloat)
    __support_ldexp                          0x080034c1   Thumb Code    22  ldexp.o(i.__support_ldexp)
    _is_digit                                0x080034d7   Thumb Code    14  scanf_fp.o(i._is_digit)
    atof                                     0x080034e5   Thumb Code    42  atof.o(i.atof)
    delay_init                               0x08003511   Thumb Code    50  delay.o(i.delay_init)
    delay_ms                                 0x08003555   Thumb Code    72  delay.o(i.delay_ms)
    delay_us                                 0x080035a1   Thumb Code    72  delay.o(i.delay_us)
    frexp                                    0x080035ed   Thumb Code    80  frexp.o(i.frexp)
    ldexp                                    0x08003645   Thumb Code   116  ldexp.o(i.ldexp)
    main                                     0x080036b9   Thumb Code   192  main.o(i.main)
    oled_pow                                 0x080037a9   Thumb Code    22  091oled.o(i.oled_pow)
    spi_read_write_byte                      0x080037c1   Thumb Code    90  spi.o(i.spi_read_write_byte)
    uart_init                                0x08003821   Thumb Code   130  usart.o(i.uart_init)
    _get_lc_numeric                          0x080038ad   Thumb Code    44  lc_numeric_c.o(locale$$code)
    _get_lc_ctype                            0x080038d9   Thumb Code    44  lc_ctype_c.o(locale$$code)
    __aeabi_d2f                              0x08003905   Thumb Code     0  d2f.o(x$fpl$d2f)
    _d2f                                     0x08003905   Thumb Code    98  d2f.o(x$fpl$d2f)
    __aeabi_dadd                             0x08003969   Thumb Code     0  daddsub_clz.o(x$fpl$dadd)
    _dadd                                    0x08003969   Thumb Code   332  daddsub_clz.o(x$fpl$dadd)
    __fpl_dcheck_NaN1                        0x08003ab9   Thumb Code    10  dcheck1.o(x$fpl$dcheck1)
    __fpl_dcmp_Inf                           0x08003ac9   Thumb Code    24  dcmpi.o(x$fpl$dcmpinf)
    __aeabi_ddiv                             0x08003ae1   Thumb Code     0  ddiv.o(x$fpl$ddiv)
    _ddiv                                    0x08003ae1   Thumb Code   552  ddiv.o(x$fpl$ddiv)
    __aeabi_cdcmpeq                          0x08003d91   Thumb Code     0  deqf.o(x$fpl$deqf)
    _dcmpeq                                  0x08003d91   Thumb Code   120  deqf.o(x$fpl$deqf)
    __aeabi_d2iz                             0x08003e09   Thumb Code     0  dfix.o(x$fpl$dfix)
    _dfix                                    0x08003e09   Thumb Code    94  dfix.o(x$fpl$dfix)
    __aeabi_i2d                              0x08003e67   Thumb Code     0  dflt_clz.o(x$fpl$dflt)
    _dflt                                    0x08003e67   Thumb Code    46  dflt_clz.o(x$fpl$dflt)
    __aeabi_cdcmple                          0x08003e95   Thumb Code     0  dleqf.o(x$fpl$dleqf)
    _dcmple                                  0x08003e95   Thumb Code   120  dleqf.o(x$fpl$dleqf)
    __fpl_dcmple_InfNaN                      0x08003ef7   Thumb Code     0  dleqf.o(x$fpl$dleqf)
    __aeabi_dmul                             0x08003f0d   Thumb Code     0  dmul.o(x$fpl$dmul)
    _dmul                                    0x08003f0d   Thumb Code   332  dmul.o(x$fpl$dmul)
    __fpl_dnaninf                            0x08004061   Thumb Code   156  dnaninf.o(x$fpl$dnaninf)
    __fpl_dretinf                            0x080040fd   Thumb Code    12  dretinf.o(x$fpl$dretinf)
    __aeabi_cdrcmple                         0x08004109   Thumb Code     0  drleqf.o(x$fpl$drleqf)
    _drcmple                                 0x08004109   Thumb Code   108  drleqf.o(x$fpl$drleqf)
    __aeabi_dsub                             0x08004175   Thumb Code     0  daddsub_clz.o(x$fpl$dsub)
    _dsub                                    0x08004175   Thumb Code   464  daddsub_clz.o(x$fpl$dsub)
    __aeabi_f2iz                             0x08004349   Thumb Code     0  ffix.o(x$fpl$ffix)
    _ffix                                    0x08004349   Thumb Code    54  ffix.o(x$fpl$ffix)
    __aeabi_fmul                             0x08004381   Thumb Code     0  fmul.o(x$fpl$fmul)
    _fmul                                    0x08004381   Thumb Code   258  fmul.o(x$fpl$fmul)
    __fpl_fnaninf                            0x08004483   Thumb Code   140  fnaninf.o(x$fpl$fnaninf)
    __fpl_fretinf                            0x0800450f   Thumb Code    10  fretinf.o(x$fpl$fretinf)
    __ieee_status                            0x08004519   Thumb Code     6  istatus.o(x$fpl$ieeestatus)
    __fpl_return_NaN                         0x0800451f   Thumb Code   100  retnan.o(x$fpl$retnan)
    __ARM_scalbn                             0x08004583   Thumb Code    92  scalbn.o(x$fpl$scalbn)
    _scanf_real                              0x080045df   Thumb Code     4  scanf1.o(x$fpl$scanf1)
    _scanf_hex_real                          0x080045e3   Thumb Code     4  scanf2.o(x$fpl$scanf2)
    _scanf_infnan                            0x080045e7   Thumb Code     4  scanf2.o(x$fpl$scanf2)
    __fpl_cmpreturn                          0x080045eb   Thumb Code    48  trapv.o(x$fpl$trapveneer)
    F6x8                                     0x0800461a   Data         552  091oled.o(.constdata)
    __I$use$fp                               0x0800461a   Number         0  usenofp.o(x$fpl$usenofp)
    F8X16                                    0x08004842   Data        1520  091oled.o(.constdata)
    Region$$Table$$Base                      0x08004ec8   Number         0  anon$$obj.o(Region$$Table)
    Region$$Table$$Limit                     0x08004ee8   Number         0  anon$$obj.o(Region$$Table)
    __aeabi_HUGE_VAL                         0x08004ee8   Data           0  fpconst.o(c$$dinf)
    __aeabi_HUGE_VALL                        0x08004ee8   Data           0  fpconst.o(c$$dinf)
    __aeabi_INFINITY                         0x08004ee8   Data           0  fpconst.o(c$$dinf)
    __dInf                                   0x08004ee8   Data           0  fpconst.o(c$$dinf)
    __huge_val                               0x08004ee8   Data           0  fpconst.o(c$$dinf)
    __dbl_max                                0x08004ef0   Data           0  fpconst.o(c$$dmax)
    __ctype                                  0x08004f21   Data           0  lc_ctype_c.o(locale$$data)
    temp                                     0x20000000   Data           2  main.o(.data)
    a                                        0x20000002   Data           6  main.o(.data)
    CPU_frec_tick                            0x20000008   Data           4  main.o(.data)
    CPU_freq                                 0x2000000c   Data           4  main.o(.data)
    SystemCoreClock                          0x20000010   Data           4  system_stm32f10x.o(.data)
    AHBPrescTable                            0x20000014   Data          16  system_stm32f10x.o(.data)
    USART_RX_STA                             0x2000003c   Data           1  gps.o(.data)
    temppointer                              0x2000003d   Data           1  gps.o(.data)
    flag_OLED_refresh                        0x2000003e   Data           1  gps.o(.data)
    MPU_data                                 0x20000040   Data          14  main.o(.bss)
    I2C_RX_BUF                               0x2000004e   Data          20  iic.o(.bss)
    I2C_TX_BUF                               0x20000062   Data          20  iic.o(.bss)
    Mpu_Data                                 0x20000076   Data          14  mpu6050.o(.bss)
    gga_data                                 0x20000084   Data          48  gps.o(.bss)
    USART_RX_BUF                             0x200000b4   Data         200  gps.o(.bss)
    __libspace_start                         0x2000017c   Data          96  libspace.o(.bss)
    __temporary_stack_top$libspace           0x200001dc   Data           0  libspace.o(.bss)



==============================================================================

Memory Map of the image

  Image Entry point : 0x080001e9

  Load Region LR_1 (Base: 0x08000000, Size: 0x00005064, Max: 0xffffffff, ABSOLUTE)

    Execution Region ER_RO (Exec base: 0x08000000, Load base: 0x08000000, Size: 0x00005024, Max: 0xffffffff, ABSOLUTE)

    Exec Addr    Load Addr    Size         Type   Attr      Idx    E Section Name        Object

    0x08000000   0x08000000   0x00000130   Data   RO          410    RESET               startup_stm32f10x_hd.o
    0x08000130   0x08000130   0x00000008   Code   RO         3708  * !!!main             c_w.l(__main.o)
    0x08000138   0x08000138   0x00000034   Code   RO         4044    !!!scatter          c_w.l(__scatter.o)
    0x0800016c   0x0800016c   0x0000001a   Code   RO         4046    !!handler_copy      c_w.l(__scatter_copy.o)
    0x08000186   0x08000186   0x00000002   PAD
    0x08000188   0x08000188   0x0000001c   Code   RO         4048    !!handler_zi        c_w.l(__scatter_zi.o)
    0x080001a4   0x080001a4   0x00000002   Code   RO         3821    .ARM.Collect$$libinit$$00000000  c_w.l(libinit.o)
    0x080001a6   0x080001a6   0x00000000   Code   RO         3823    .ARM.Collect$$libinit$$00000002  c_w.l(libinit2.o)
    0x080001a6   0x080001a6   0x00000000   Code   RO         3825    .ARM.Collect$$libinit$$00000004  c_w.l(libinit2.o)
    0x080001a6   0x080001a6   0x00000000   Code   RO         3828    .ARM.Collect$$libinit$$0000000A  c_w.l(libinit2.o)
    0x080001a6   0x080001a6   0x00000000   Code   RO         3830    .ARM.Collect$$libinit$$0000000C  c_w.l(libinit2.o)
    0x080001a6   0x080001a6   0x00000000   Code   RO         3832    .ARM.Collect$$libinit$$0000000E  c_w.l(libinit2.o)
    0x080001a6   0x080001a6   0x00000006   Code   RO         3833    .ARM.Collect$$libinit$$0000000F  c_w.l(libinit2.o)
    0x080001ac   0x080001ac   0x00000000   Code   RO         3835    .ARM.Collect$$libinit$$00000011  c_w.l(libinit2.o)
    0x080001ac   0x080001ac   0x0000000c   Code   RO         3836    .ARM.Collect$$libinit$$00000012  c_w.l(libinit2.o)
    0x080001b8   0x080001b8   0x00000000   Code   RO         3837    .ARM.Collect$$libinit$$00000013  c_w.l(libinit2.o)
    0x080001b8   0x080001b8   0x00000000   Code   RO         3839    .ARM.Collect$$libinit$$00000015  c_w.l(libinit2.o)
    0x080001b8   0x080001b8   0x0000000a   Code   RO         3840    .ARM.Collect$$libinit$$00000016  c_w.l(libinit2.o)
    0x080001c2   0x080001c2   0x00000000   Code   RO         3841    .ARM.Collect$$libinit$$00000017  c_w.l(libinit2.o)
    0x080001c2   0x080001c2   0x00000000   Code   RO         3843    .ARM.Collect$$libinit$$00000019  c_w.l(libinit2.o)
    0x080001c2   0x080001c2   0x00000000   Code   RO         3845    .ARM.Collect$$libinit$$0000001B  c_w.l(libinit2.o)
    0x080001c2   0x080001c2   0x00000000   Code   RO         3847    .ARM.Collect$$libinit$$0000001D  c_w.l(libinit2.o)
    0x080001c2   0x080001c2   0x00000000   Code   RO         3849    .ARM.Collect$$libinit$$0000001F  c_w.l(libinit2.o)
    0x080001c2   0x080001c2   0x00000000   Code   RO         3851    .ARM.Collect$$libinit$$00000021  c_w.l(libinit2.o)
    0x080001c2   0x080001c2   0x00000000   Code   RO         3853    .ARM.Collect$$libinit$$00000023  c_w.l(libinit2.o)
    0x080001c2   0x080001c2   0x00000000   Code   RO         3855    .ARM.Collect$$libinit$$00000025  c_w.l(libinit2.o)
    0x080001c2   0x080001c2   0x00000000   Code   RO         3859    .ARM.Collect$$libinit$$0000002C  c_w.l(libinit2.o)
    0x080001c2   0x080001c2   0x00000000   Code   RO         3861    .ARM.Collect$$libinit$$0000002E  c_w.l(libinit2.o)
    0x080001c2   0x080001c2   0x00000000   Code   RO         3863    .ARM.Collect$$libinit$$00000030  c_w.l(libinit2.o)
    0x080001c2   0x080001c2   0x00000000   Code   RO         3865    .ARM.Collect$$libinit$$00000032  c_w.l(libinit2.o)
    0x080001c2   0x080001c2   0x00000002   Code   RO         3866    .ARM.Collect$$libinit$$00000033  c_w.l(libinit2.o)
    0x080001c4   0x080001c4   0x00000002   Code   RO         3953    .ARM.Collect$$libshutdown$$00000000  c_w.l(libshutdown.o)
    0x080001c6   0x080001c6   0x00000000   Code   RO         3982    .ARM.Collect$$libshutdown$$00000002  c_w.l(libshutdown2.o)
    0x080001c6   0x080001c6   0x00000000   Code   RO         3984    .ARM.Collect$$libshutdown$$00000004  c_w.l(libshutdown2.o)
    0x080001c6   0x080001c6   0x00000000   Code   RO         3987    .ARM.Collect$$libshutdown$$00000007  c_w.l(libshutdown2.o)
    0x080001c6   0x080001c6   0x00000000   Code   RO         3990    .ARM.Collect$$libshutdown$$0000000A  c_w.l(libshutdown2.o)
    0x080001c6   0x080001c6   0x00000000   Code   RO         3992    .ARM.Collect$$libshutdown$$0000000C  c_w.l(libshutdown2.o)
    0x080001c6   0x080001c6   0x00000000   Code   RO         3995    .ARM.Collect$$libshutdown$$0000000F  c_w.l(libshutdown2.o)
    0x080001c6   0x080001c6   0x00000002   Code   RO         3996    .ARM.Collect$$libshutdown$$00000010  c_w.l(libshutdown2.o)
    0x080001c8   0x080001c8   0x00000000   Code   RO         3744    .ARM.Collect$$rtentry$$00000000  c_w.l(__rtentry.o)
    0x080001c8   0x080001c8   0x00000000   Code   RO         3769    .ARM.Collect$$rtentry$$00000002  c_w.l(__rtentry2.o)
    0x080001c8   0x080001c8   0x00000006   Code   RO         3781    .ARM.Collect$$rtentry$$00000004  c_w.l(__rtentry4.o)
    0x080001ce   0x080001ce   0x00000000   Code   RO         3771    .ARM.Collect$$rtentry$$00000009  c_w.l(__rtentry2.o)
    0x080001ce   0x080001ce   0x00000004   Code   RO         3772    .ARM.Collect$$rtentry$$0000000A  c_w.l(__rtentry2.o)
    0x080001d2   0x080001d2   0x00000000   Code   RO         3774    .ARM.Collect$$rtentry$$0000000C  c_w.l(__rtentry2.o)
    0x080001d2   0x080001d2   0x00000008   Code   RO         3775    .ARM.Collect$$rtentry$$0000000D  c_w.l(__rtentry2.o)
    0x080001da   0x080001da   0x00000002   Code   RO         3867    .ARM.Collect$$rtexit$$00000000  c_w.l(rtexit.o)
    0x080001dc   0x080001dc   0x00000000   Code   RO         3917    .ARM.Collect$$rtexit$$00000002  c_w.l(rtexit2.o)
    0x080001dc   0x080001dc   0x00000004   Code   RO         3918    .ARM.Collect$$rtexit$$00000003  c_w.l(rtexit2.o)
    0x080001e0   0x080001e0   0x00000006   Code   RO         3919    .ARM.Collect$$rtexit$$00000004  c_w.l(rtexit2.o)
    0x080001e6   0x080001e6   0x00000002   PAD
    0x080001e8   0x080001e8   0x00000040   Code   RO          411  * .text               startup_stm32f10x_hd.o
    0x08000228   0x08000228   0x0000001a   Code   RO         3704    .text               c_w.l(atoi.o)
    0x08000242   0x08000242   0x00000006   Code   RO         3706    .text               c_w.l(heapauxi.o)
    0x08000248   0x08000248   0x00000008   Code   RO         3748    .text               c_w.l(rt_errno_addr_intlibspace.o)
    0x08000250   0x08000250   0x00000016   Code   RO         3750    .text               c_w.l(_rserrno.o)
    0x08000266   0x08000266   0x00000002   PAD
    0x08000268   0x08000268   0x000000a4   Code   RO         3752    .text               c_w.l(strtod.o)
    0x0800030c   0x0800030c   0x00000070   Code   RO         3754    .text               c_w.l(strtol.o)
    0x0800037c   0x0800037c   0x00000008   Code   RO         3765    .text               c_w.l(libspace.o)
    0x08000384   0x08000384   0x00000010   Code   RO         3783    .text               c_w.l(rt_ctype_table.o)
    0x08000394   0x08000394   0x00000012   Code   RO         3785    .text               c_w.l(isspace.o)
    0x080003a6   0x080003a6   0x00000040   Code   RO         3787    .text               c_w.l(_sgetc.o)
    0x080003e6   0x080003e6   0x0000009e   Code   RO         3789    .text               c_w.l(_strtoul.o)
    0x08000484   0x08000484   0x0000004a   Code   RO         3796    .text               c_w.l(sys_stackheap_outer.o)
    0x080004ce   0x080004ce   0x00000002   PAD
    0x080004d0   0x080004d0   0x00000008   Code   RO         3801    .text               c_w.l(rt_locale_intlibspace.o)
    0x080004d8   0x080004d8   0x0000001c   Code   RO         3803    .text               c_w.l(_chval.o)
    0x080004f4   0x080004f4   0x000004f8   Code   RO         3805    .text               c_w.l(scanf_fp.o)
    0x080009ec   0x080009ec   0x00000012   Code   RO         3812    .text               c_w.l(exit.o)
    0x080009fe   0x080009fe   0x00000002   PAD
    0x08000a00   0x08000a00   0x00000080   Code   RO         3814    .text               c_w.l(strcmpv7m.o)
    0x08000a80   0x08000a80   0x000000e4   Code   RO         3869    .text               c_w.l(bigflt0.o)
    0x08000b64   0x08000b64   0x00000320   Code   RO         3923    .text               c_w.l(scanf_hexfp.o)
    0x08000e84   0x08000e84   0x00000134   Code   RO         3925    .text               c_w.l(scanf_infnan.o)
    0x08000fb8   0x08000fb8   0x0000000c   Code   RO         3941    .text               c_w.l(sys_exit.o)
    0x08000fc4   0x08000fc4   0x00000026   Code   RO         3945    .text               c_w.l(llshl.o)
    0x08000fea   0x08000fea   0x00000002   Code   RO         3972    .text               c_w.l(use_no_semi.o)
    0x08000fec   0x08000fec   0x00000000   Code   RO         3974    .text               c_w.l(indicate_semi.o)
    0x08000fec   0x08000fec   0x00000338   Code   RO         3882    CL$$btod_div_common  c_w.l(btod.o)
    0x08001324   0x08001324   0x00000084   Code   RO         3880    CL$$btod_e2d        c_w.l(btod.o)
    0x080013a8   0x080013a8   0x000000dc   Code   RO         3879    CL$$btod_e2e        c_w.l(btod.o)
    0x08001484   0x08001484   0x0000002a   Code   RO         3876    CL$$btod_ediv       c_w.l(btod.o)
    0x080014ae   0x080014ae   0x0000002a   Code   RO         3878    CL$$btod_edivd      c_w.l(btod.o)
    0x080014d8   0x080014d8   0x0000002a   Code   RO         3875    CL$$btod_emul       c_w.l(btod.o)
    0x08001502   0x08001502   0x0000002a   Code   RO         3877    CL$$btod_emuld      c_w.l(btod.o)
    0x0800152c   0x0800152c   0x00000244   Code   RO         3881    CL$$btod_mult_common  c_w.l(btod.o)
    0x08001770   0x08001770   0x00000004   Code   RO          147    i.BusFault_Handler  stm32f10x_it.o
    0x08001774   0x08001774   0x0000001c   Code   RO         1140    i.DMA_ClearFlag     stm32f10x_dma.o
    0x08001790   0x08001790   0x00000018   Code   RO         1142    i.DMA_Cmd           stm32f10x_dma.o
    0x080017a8   0x080017a8   0x0000014c   Code   RO         1143    i.DMA_DeInit        stm32f10x_dma.o
    0x080018f4   0x080018f4   0x0000003c   Code   RO         1148    i.DMA_Init          stm32f10x_dma.o
    0x08001930   0x08001930   0x00000002   Code   RO          148    i.DebugMon_Handler  stm32f10x_it.o
    0x08001932   0x08001932   0x00000002   PAD
    0x08001934   0x08001934   0x000000c8   Code   RO         1561    i.GPIO_DeInit       stm32f10x_gpio.o
    0x080019fc   0x080019fc   0x00000116   Code   RO         1566    i.GPIO_Init         stm32f10x_gpio.o
    0x08001b12   0x08001b12   0x00000004   Code   RO         1573    i.GPIO_ResetBits    stm32f10x_gpio.o
    0x08001b16   0x08001b16   0x00000004   Code   RO         1574    i.GPIO_SetBits      stm32f10x_gpio.o
    0x08001b1a   0x08001b1a   0x00000002   PAD
    0x08001b1c   0x08001b1c   0x000000ac   Code   RO         3505    i.GPS_DMA_Init      gps.o
    0x08001bc8   0x08001bc8   0x00000004   Code   RO          149    i.HardFault_Handler  stm32f10x_it.o
    0x08001bcc   0x08001bcc   0x00000114   Code   RO          248    i.I2C1_Soft_Mult_Read  iic.o
    0x08001ce0   0x08001ce0   0x00000104   Code   RO          250    i.I2C1_Soft_Single_Read  iic.o
    0x08001de4   0x08001de4   0x000000c0   Code   RO          251    i.I2C1_Soft_Single_Write  iic.o
    0x08001ea4   0x08001ea4   0x00000018   Code   RO         1675    i.I2C_AcknowledgeConfig  stm32f10x_i2c.o
    0x08001ebc   0x08001ebc   0x0000002a   Code   RO         1677    i.I2C_CheckEvent    stm32f10x_i2c.o
    0x08001ee6   0x08001ee6   0x00000018   Code   RO         1680    i.I2C_Cmd           stm32f10x_i2c.o
    0x08001efe   0x08001efe   0x00000018   Code   RO         1681    i.I2C_DMACmd        stm32f10x_i2c.o
    0x08001f16   0x08001f16   0x00000002   PAD
    0x08001f18   0x08001f18   0x00000038   Code   RO         1683    i.I2C_DeInit        stm32f10x_i2c.o
    0x08001f50   0x08001f50   0x00000018   Code   RO         1687    i.I2C_GenerateSTART  stm32f10x_i2c.o
    0x08001f68   0x08001f68   0x00000018   Code   RO         1688    i.I2C_GenerateSTOP  stm32f10x_i2c.o
    0x08001f80   0x08001f80   0x000000ec   Code   RO         1694    i.I2C_Init          stm32f10x_i2c.o
    0x0800206c   0x0800206c   0x00000008   Code   RO         1699    i.I2C_ReceiveData   stm32f10x_i2c.o
    0x08002074   0x08002074   0x00000012   Code   RO         1701    i.I2C_Send7bitAddress  stm32f10x_i2c.o
    0x08002086   0x08002086   0x00000004   Code   RO         1702    i.I2C_SendData      stm32f10x_i2c.o
    0x0800208a   0x0800208a   0x00000002   PAD
    0x0800208c   0x0800208c   0x000000b8   Code   RO          252    i.IIC2_DMA_Init     iic.o
    0x08002144   0x08002144   0x00000094   Code   RO         3382    i.MPU_Get_Raw_Data  mpu6050.o
    0x080021d8   0x080021d8   0x000000be   Code   RO         3384    i.MPU_Init          mpu6050.o
    0x08002296   0x08002296   0x00000004   Code   RO          150    i.MemManage_Handler  stm32f10x_it.o
    0x0800229a   0x0800229a   0x00000002   Code   RO          151    i.NMI_Handler       stm32f10x_it.o
    0x0800229c   0x0800229c   0x00000040   Code   RO         3534    i.NRF24L01_Clear_IRQ_Flag  24g.o
    0x080022dc   0x080022dc   0x00000034   Code   RO         3540    i.NRF24L01_Read_Reg  24g.o
    0x08002310   0x08002310   0x0000002c   Code   RO         3542    i.NRF24L01_Read_Status_Register  24g.o
    0x0800233c   0x0800233c   0x00000030   Code   RO         3547    i.NRF24L01_Set_RxAddr  24g.o
    0x0800236c   0x0800236c   0x0000001e   Code   RO         3549    i.NRF24L01_Set_TxAddr  24g.o
    0x0800238a   0x0800238a   0x00000002   PAD
    0x0800238c   0x0800238c   0x00000044   Code   RO         3551    i.NRF24L01_Write_Buf  24g.o
    0x080023d0   0x080023d0   0x00000034   Code   RO         3552    i.NRF24L01_Write_Reg  24g.o
    0x08002404   0x08002404   0x00000070   Code   RO          415    i.NVIC_Init         misc.o
    0x08002474   0x08002474   0x00000014   Code   RO          416    i.NVIC_PriorityGroupConfig  misc.o
    0x08002488   0x08002488   0x0000003e   Code   RO         3409    i.OLED_Clear        091oled.o
    0x080024c6   0x080024c6   0x000000c0   Code   RO         3413    i.OLED_Init         091oled.o
    0x08002586   0x08002586   0x00000028   Code   RO         3415    i.OLED_Set_Pos      091oled.o
    0x080025ae   0x080025ae   0x00000002   PAD
    0x080025b0   0x080025b0   0x000000a4   Code   RO         3416    i.OLED_ShowChar     091oled.o
    0x08002654   0x08002654   0x00000084   Code   RO         3417    i.OLED_ShowFloat    091oled.o
    0x080026d8   0x080026d8   0x000000aa   Code   RO         3418    i.OLED_ShowNum      091oled.o
    0x08002782   0x08002782   0x0000003a   Code   RO         3419    i.OLED_ShowString   091oled.o
    0x080027bc   0x080027bc   0x00000020   Code   RO         3420    i.OLED_WR_Byte      091oled.o
    0x080027dc   0x080027dc   0x00000002   Code   RO          152    i.PendSV_Handler    stm32f10x_it.o
    0x080027de   0x080027de   0x00000002   PAD
    0x080027e0   0x080027e0   0x00000020   Code   RO         1981    i.RCC_AHBPeriphClockCmd  stm32f10x_rcc.o
    0x08002800   0x08002800   0x00000020   Code   RO         1982    i.RCC_APB1PeriphClockCmd  stm32f10x_rcc.o
    0x08002820   0x08002820   0x00000020   Code   RO         1983    i.RCC_APB1PeriphResetCmd  stm32f10x_rcc.o
    0x08002840   0x08002840   0x00000020   Code   RO         1984    i.RCC_APB2PeriphClockCmd  stm32f10x_rcc.o
    0x08002860   0x08002860   0x00000020   Code   RO         1985    i.RCC_APB2PeriphResetCmd  stm32f10x_rcc.o
    0x08002880   0x08002880   0x000000d4   Code   RO         1992    i.RCC_GetClocksFreq  stm32f10x_rcc.o
    0x08002954   0x08002954   0x00000090   Code   RO         3557    i.RF24L01_Init      24g.o
    0x080029e4   0x080029e4   0x000000c4   Code   RO          319    i.SPI1_Init         spi.o
    0x08002aa8   0x08002aa8   0x00000018   Code   RO         2461    i.SPI_Cmd           stm32f10x_spi.o
    0x08002ac0   0x08002ac0   0x00000058   Code   RO         2468    i.SPI_I2S_DeInit    stm32f10x_spi.o
    0x08002b18   0x08002b18   0x00000012   Code   RO         2469    i.SPI_I2S_GetFlagStatus  stm32f10x_spi.o
    0x08002b2a   0x08002b2a   0x0000003c   Code   RO         2474    i.SPI_Init          stm32f10x_spi.o
    0x08002b66   0x08002b66   0x00000002   Code   RO          153    i.SVC_Handler       stm32f10x_it.o
    0x08002b68   0x08002b68   0x00000008   Code   RO          214    i.SetSysClock       system_stm32f10x.o
    0x08002b70   0x08002b70   0x000000e0   Code   RO          215    i.SetSysClockTo72   system_stm32f10x.o
    0x08002c50   0x08002c50   0x000000c4   Code   RO          253    i.Soft_IIC1_Init    iic.o
    0x08002d14   0x08002d14   0x00000028   Code   RO          419    i.SysTick_CLKSourceConfig  misc.o
    0x08002d3c   0x08002d3c   0x00000002   Code   RO          154    i.SysTick_Handler   stm32f10x_it.o
    0x08002d3e   0x08002d3e   0x00000002   PAD
    0x08002d40   0x08002d40   0x00000060   Code   RO          217    i.SystemInit        system_stm32f10x.o
    0x08002da0   0x08002da0   0x00000108   Code   RO            1    i.TIM1_UP_IRQHandler  main.o
    0x08002ea8   0x08002ea8   0x0000006c   Code   RO          385    i.TIM3_Int_Init     timer.o
    0x08002f14   0x08002f14   0x00000006   Code   RO         2610    i.TIM_ClearFlag     stm32f10x_tim.o
    0x08002f1a   0x08002f1a   0x00000006   Code   RO         2611    i.TIM_ClearITPendingBit  stm32f10x_tim.o
    0x08002f20   0x08002f20   0x00000018   Code   RO         2616    i.TIM_Cmd           stm32f10x_tim.o
    0x08002f38   0x08002f38   0x00000022   Code   RO         2637    i.TIM_GetITStatus   stm32f10x_tim.o
    0x08002f5a   0x08002f5a   0x00000012   Code   RO         2641    i.TIM_ITConfig      stm32f10x_tim.o
    0x08002f6c   0x08002f6c   0x000000a4   Code   RO         2687    i.TIM_TimeBaseInit  stm32f10x_tim.o
    0x08003010   0x08003010   0x00000274   Code   RO         3506    i.USART3_IRQHandler  gps.o
    0x08003284   0x08003284   0x00000018   Code   RO         3152    i.USART_Cmd         stm32f10x_usart.o
    0x0800329c   0x0800329c   0x00000012   Code   RO         3153    i.USART_DMACmd      stm32f10x_usart.o
    0x080032ae   0x080032ae   0x0000004a   Code   RO         3158    i.USART_ITConfig    stm32f10x_usart.o
    0x080032f8   0x080032f8   0x000000d8   Code   RO         3159    i.USART_Init        stm32f10x_usart.o
    0x080033d0   0x080033d0   0x00000004   Code   RO          155    i.UsageFault_Handler  stm32f10x_it.o
    0x080033d4   0x080033d4   0x0000000e   Code   RO         4003    i.__mathlib_dbl_overflow  m_ws.l(dunder.o)
    0x080033e2   0x080033e2   0x00000002   PAD
    0x080033e4   0x080033e4   0x00000010   Code   RO         4005    i.__mathlib_dbl_underflow  m_ws.l(dunder.o)
    0x080033f4   0x080033f4   0x00000010   Code   RO         3910    i.__mathlib_narrow  m_ws.l(narrow.o)
    0x08003404   0x08003404   0x000000bc   Code   RO         3911    i.__mathlib_tofloat  m_ws.l(narrow.o)
    0x080034c0   0x080034c0   0x00000016   Code   RO         3961    i.__support_ldexp   m_ws.l(ldexp.o)
    0x080034d6   0x080034d6   0x0000000e   Code   RO         3807    i._is_digit         c_w.l(scanf_fp.o)
    0x080034e4   0x080034e4   0x0000002a   Code   RO         3741    i.atof              m_ws.l(atof.o)
    0x0800350e   0x0800350e   0x00000002   PAD
    0x08003510   0x08003510   0x00000044   Code   RO          343    i.delay_init        delay.o
    0x08003554   0x08003554   0x0000004c   Code   RO          344    i.delay_ms          delay.o
    0x080035a0   0x080035a0   0x0000004c   Code   RO          345    i.delay_us          delay.o
    0x080035ec   0x080035ec   0x00000058   Code   RO         3936    i.frexp             m_ws.l(frexp.o)
    0x08003644   0x08003644   0x00000074   Code   RO         3962    i.ldexp             m_ws.l(ldexp.o)
    0x080036b8   0x080036b8   0x000000f0   Code   RO            2    i.main              main.o
    0x080037a8   0x080037a8   0x00000016   Code   RO         3422    i.oled_pow          091oled.o
    0x080037be   0x080037be   0x00000002   PAD
    0x080037c0   0x080037c0   0x00000060   Code   RO          321    i.spi_read_write_byte  spi.o
    0x08003820   0x08003820   0x0000008c   Code   RO          369    i.uart_init         usart.o
    0x080038ac   0x080038ac   0x0000002c   Code   RO         3792    locale$$code        c_w.l(lc_numeric_c.o)
    0x080038d8   0x080038d8   0x0000002c   Code   RO         3810    locale$$code        c_w.l(lc_ctype_c.o)
    0x08003904   0x08003904   0x00000062   Code   RO         3710    x$fpl$d2f           fz_ws.l(d2f.o)
    0x08003966   0x08003966   0x00000002   PAD
    0x08003968   0x08003968   0x00000150   Code   RO         3712    x$fpl$dadd          fz_ws.l(daddsub_clz.o)
    0x08003ab8   0x08003ab8   0x00000010   Code   RO         3997    x$fpl$dcheck1       fz_ws.l(dcheck1.o)
    0x08003ac8   0x08003ac8   0x00000018   Code   RO         3954    x$fpl$dcmpinf       fz_ws.l(dcmpi.o)
    0x08003ae0   0x08003ae0   0x000002b0   Code   RO         3719    x$fpl$ddiv          fz_ws.l(ddiv.o)
    0x08003d90   0x08003d90   0x00000078   Code   RO         3931    x$fpl$deqf          fz_ws.l(deqf.o)
    0x08003e08   0x08003e08   0x0000005e   Code   RO         3722    x$fpl$dfix          fz_ws.l(dfix.o)
    0x08003e66   0x08003e66   0x0000002e   Code   RO         3727    x$fpl$dflt          fz_ws.l(dflt_clz.o)
    0x08003e94   0x08003e94   0x00000078   Code   RO         3956    x$fpl$dleqf         fz_ws.l(dleqf.o)
    0x08003f0c   0x08003f0c   0x00000154   Code   RO         3732    x$fpl$dmul          fz_ws.l(dmul.o)
    0x08004060   0x08004060   0x0000009c   Code   RO         3756    x$fpl$dnaninf       fz_ws.l(dnaninf.o)
    0x080040fc   0x080040fc   0x0000000c   Code   RO         3758    x$fpl$dretinf       fz_ws.l(dretinf.o)
    0x08004108   0x08004108   0x0000006c   Code   RO         3933    x$fpl$drleqf        fz_ws.l(drleqf.o)
    0x08004174   0x08004174   0x000001d4   Code   RO         3714    x$fpl$dsub          fz_ws.l(daddsub_clz.o)
    0x08004348   0x08004348   0x00000036   Code   RO         3734    x$fpl$ffix          fz_ws.l(ffix.o)
    0x0800437e   0x0800437e   0x00000002   PAD
    0x08004380   0x08004380   0x00000102   Code   RO         3738    x$fpl$fmul          fz_ws.l(fmul.o)
    0x08004482   0x08004482   0x0000008c   Code   RO         3760    x$fpl$fnaninf       fz_ws.l(fnaninf.o)
    0x0800450e   0x0800450e   0x0000000a   Code   RO         3762    x$fpl$fretinf       fz_ws.l(fretinf.o)
    0x08004518   0x08004518   0x00000006   Code   RO         3902    x$fpl$ieeestatus    fz_ws.l(istatus.o)
    0x0800451e   0x0800451e   0x00000064   Code   RO         4018    x$fpl$retnan        fz_ws.l(retnan.o)
    0x08004582   0x08004582   0x0000005c   Code   RO         3958    x$fpl$scalbn        fz_ws.l(scalbn.o)
    0x080045de   0x080045de   0x00000004   Code   RO         3794    x$fpl$scanf1        fz_ws.l(scanf1.o)
    0x080045e2   0x080045e2   0x00000008   Code   RO         3904    x$fpl$scanf2        fz_ws.l(scanf2.o)
    0x080045ea   0x080045ea   0x00000030   Code   RO         4024    x$fpl$trapveneer    fz_ws.l(trapv.o)
    0x0800461a   0x0800461a   0x00000000   Code   RO         3764    x$fpl$usenofp       fz_ws.l(usenofp.o)
    0x0800461a   0x0800461a   0x00000818   Data   RO         3423    .constdata          091oled.o
    0x08004e32   0x08004e32   0x00000002   PAD
    0x08004e34   0x08004e34   0x00000094   Data   RO         3870    .constdata          c_w.l(bigflt0.o)
    0x08004ec8   0x08004ec8   0x00000020   Data   RO         4042    Region$$Table       anon$$obj.o
    0x08004ee8   0x08004ee8   0x00000008   Data   RO         3896    c$$dinf             fz_ws.l(fpconst.o)
    0x08004ef0   0x08004ef0   0x00000008   Data   RO         3899    c$$dmax             fz_ws.l(fpconst.o)
    0x08004ef8   0x08004ef8   0x0000001c   Data   RO         3791    locale$$data        c_w.l(lc_numeric_c.o)
    0x08004f14   0x08004f14   0x00000110   Data   RO         3809    locale$$data        c_w.l(lc_ctype_c.o)


    Execution Region ER_RW (Exec base: 0x20000000, Load base: 0x08005024, Size: 0x00000040, Max: 0xffffffff, ABSOLUTE)

    Exec Addr    Load Addr    Size         Type   Attr      Idx    E Section Name        Object

    0x20000000   0x08005024   0x00000010   Data   RW            4    .data               main.o
    0x20000010   0x08005034   0x00000014   Data   RW          218    .data               system_stm32f10x.o
    0x20000024   0x08005048   0x00000004   Data   RW          346    .data               delay.o
    0x20000028   0x0800504c   0x00000014   Data   RW         2012    .data               stm32f10x_rcc.o
    0x2000003c   0x08005060   0x00000003   Data   RW         3508    .data               gps.o


    Execution Region ER_ZI (Exec base: 0x20000040, Load base: 0x08005064, Size: 0x000007a0, Max: 0xffffffff, ABSOLUTE)

    Exec Addr    Load Addr    Size         Type   Attr      Idx    E Section Name        Object

    0x20000040        -       0x0000000e   Zero   RW            3    .bss                main.o
    0x2000004e        -       0x00000028   Zero   RW          254    .bss                iic.o
    0x20000076        -       0x0000000e   Zero   RW         3385    .bss                mpu6050.o
    0x20000084        -       0x000000f8   Zero   RW         3507    .bss                gps.o
    0x2000017c        -       0x00000060   Zero   RW         3766    .bss                c_w.l(libspace.o)
    0x200001dc   0x08005064   0x00000004   PAD
    0x200001e0        -       0x00000200   Zero   RW          409    HEAP                startup_stm32f10x_hd.o
    0x200003e0        -       0x00000400   Zero   RW          408    STACK               startup_stm32f10x_hd.o


==============================================================================

Image component sizes


      Code (inc. data)   RO Data    RW Data    ZI Data      Debug   Object Name

       872         16       2072          0          0       6517   091oled.o
       502         38          0          0          0       4703   24g.o
         0          0          0          0          0         32   core_cm3.o
       220         26          0          4          0       1583   delay.o
       800         50          0          3        248       2519   gps.o
      1108         62          0          0         40     207776   iic.o
       504         74          0         16         14     293747   main.o
       172         22          0          0          0       1965   misc.o
       338         20          0          0         14       1505   mpu6050.o
       292         14          0          0          0       1202   spi.o
        64         26        304          0       1536        784   startup_stm32f10x_hd.o
       444         18          0          0          0       3814   stm32f10x_dma.o
       486         28          0          0          0       3558   stm32f10x_gpio.o
       484         20          0          0          0       7810   stm32f10x_i2c.o
        26          0          0          0          0       3498   stm32f10x_it.o
       372         50          0         20          0       5968   stm32f10x_rcc.o
       190         12          0          0          0       3214   stm32f10x_spi.o
       252         42          0          0          0       3922   stm32f10x_tim.o
       332          6          0          0          0       4161   stm32f10x_usart.o
       328         28          0         20          0       1977   system_stm32f10x.o
       108          4          0          0          0        632   timer.o
       140         10          0          0          0        656   usart.o

    ----------------------------------------------------------------------
      8052        566       2410         64       1852     561543   Object Totals
         0          0         32          0          0          0   (incl. Generated)
        18          0          2          1          0          0   (incl. Padding)

    ----------------------------------------------------------------------

      Code (inc. data)   RO Data    RW Data    ZI Data      Debug   Library Member Name

         8          0          0          0          0         68   __main.o
         0          0          0          0          0          0   __rtentry.o
        12          0          0          0          0          0   __rtentry2.o
         6          0          0          0          0          0   __rtentry4.o
        52          8          0          0          0          0   __scatter.o
        26          0          0          0          0          0   __scatter_copy.o
        28          0          0          0          0          0   __scatter_zi.o
        28          0          0          0          0         68   _chval.o
        22          0          0          0          0        100   _rserrno.o
        64          0          0          0          0         84   _sgetc.o
       158          0          0          0          0         92   _strtoul.o
        26          0          0          0          0         80   atoi.o
       228          4        148          0          0         96   bigflt0.o
      1924        136          0          0          0        756   btod.o
        18          0          0          0          0         80   exit.o
         6          0          0          0          0        152   heapauxi.o
         0          0          0          0          0          0   indicate_semi.o
        18          0          0          0          0         76   isspace.o
        44         10        272          0          0         76   lc_ctype_c.o
        44         10         28          0          0         76   lc_numeric_c.o
         2          0          0          0          0          0   libinit.o
        30          0          0          0          0          0   libinit2.o
         2          0          0          0          0          0   libshutdown.o
         2          0          0          0          0          0   libshutdown2.o
         8          4          0          0         96         68   libspace.o
        38          0          0          0          0         68   llshl.o
        16          4          0          0          0         76   rt_ctype_table.o
         8          4          0          0          0         68   rt_errno_addr_intlibspace.o
         8          4          0          0          0         68   rt_locale_intlibspace.o
         2          0          0          0          0          0   rtexit.o
        10          0          0          0          0          0   rtexit2.o
      1286         16          0          0          0        236   scanf_fp.o
       800         14          0          0          0        100   scanf_hexfp.o
       308         16          0          0          0        100   scanf_infnan.o
       128          0          0          0          0         68   strcmpv7m.o
       164         14          0          0          0        120   strtod.o
       112          0          0          0          0         88   strtol.o
        12          4          0          0          0         68   sys_exit.o
        74          0          0          0          0         80   sys_stackheap_outer.o
         2          0          0          0          0         68   use_no_semi.o
        98          4          0          0          0         92   d2f.o
       804         16          0          0          0        272   daddsub_clz.o
        16          4          0          0          0         68   dcheck1.o
        24          0          0          0          0         68   dcmpi.o
       688        140          0          0          0        208   ddiv.o
       120          4          0          0          0         92   deqf.o
        94          4          0          0          0         92   dfix.o
        46          0          0          0          0         68   dflt_clz.o
       120          4          0          0          0         92   dleqf.o
       340         12          0          0          0        104   dmul.o
       156          4          0          0          0         92   dnaninf.o
        12          0          0          0          0         68   dretinf.o
       108          0          0          0          0         80   drleqf.o
        54          4          0          0          0         84   ffix.o
       258          4          0          0          0         84   fmul.o
       140          4          0          0          0         84   fnaninf.o
         0          0         16          0          0          0   fpconst.o
        10          0          0          0          0         68   fretinf.o
         6          0          0          0          0         68   istatus.o
       100          0          0          0          0         68   retnan.o
        92          0          0          0          0         68   scalbn.o
         4          0          0          0          0         68   scanf1.o
         8          0          0          0          0         84   scanf2.o
        48          0          0          0          0         68   trapv.o
         0          0          0          0          0          0   usenofp.o
        42          0          0          0          0         84   atof.o
        30          6          0          0          0        136   dunder.o
        88          8          0          0          0         76   frexp.o
       138          0          0          0          0        160   ldexp.o
       204          4          0          0          0        168   narrow.o

    ----------------------------------------------------------------------
      9590        470        464          0        100       5844   Library Totals
        18          0          0          0          4          0   (incl. Padding)

    ----------------------------------------------------------------------

      Code (inc. data)   RO Data    RW Data    ZI Data      Debug   Library Name

      5724        248        448          0         96       3080   c_w.l
      3346        204         16          0          0       2140   fz_ws.l
       502         18          0          0          0        624   m_ws.l

    ----------------------------------------------------------------------
      9590        470        464          0        100       5844   Library Totals

    ----------------------------------------------------------------------

==============================================================================


      Code (inc. data)   RO Data    RW Data    ZI Data      Debug   

     17642       1036       2874         64       1952     559687   Grand Totals
     17642       1036       2874         64       1952     559687   ELF Image Totals
     17642       1036       2874         64          0          0   ROM Totals

==============================================================================

    Total RO  Size (Code + RO Data)                20516 (  20.04kB)
    Total RW  Size (RW Data + ZI Data)              2016 (   1.97kB)
    Total ROM Size (Code + RO Data + RW Data)      20580 (  20.10kB)

==============================================================================

