<html>
<body>
<pre>
<h1>µVision Build Log</h1>
<h2>Tool Versions:</h2>
IDE-Version: ¦ÌVision V5.31.0.0
Copyright (C) 2020 ARM Ltd and ARM Germany GmbH. All rights reserved.
License Information: Wu Master, Hm, LIC=76F5U-SCGTL-FWC2N-YRE2K-58IHS-MIFYN
 
Tool Versions:
Toolchain:       MDK-ARM Plus  Version: 5.31.0.0
Toolchain Path:  C:\Keil_v5\ARM\ARMCC\Bin
C Compiler:      Armcc.exe V5.06 update 6 (build 750)
Assembler:       Armasm.exe V5.06 update 6 (build 750)
Linker/Locator:  ArmLink.exe V5.06 update 6 (build 750)
Library Manager: ArmAr.exe V5.06 update 6 (build 750)
Hex Converter:   FromElf.exe V5.06 update 6 (build 750)
CPU DLL:         SARMCM3.DLL V5.31.0.0
Dialog DLL:      DCM.DLL V1.17.3.0
Target DLL:      Segger\JL2CM3.dll V2.99.38.0
Dialog DLL:      TCM.DLL V1.46.0.0
 
<h2>Project:</h2>
D:\STM32\My Project\Flight Controller\Plane\USER\Air Plane.uvprojx
Project File Date:  01/05/2023

<h2>Output:</h2>
*** Using Compiler 'V5.06 update 6 (build 750)', folder: 'C:\Keil_v5\ARM\ARMCC\Bin'
Build target 'Airplane'
compiling 24G.c...
..\HARDWARE\24G.h(51): warning:  #1295-D: Deprecated declaration Wireless_Send_Data - give arg types
  void Wireless_Send_Data();
..\SYSTEM\my_math.h(19): warning:  #47-D: incompatible redefinition of macro "ABS"  (declared at line 16 of "..\SYSTEM\sys.h")
  #define ABS(x) ( (x)>0?(x):-(x) )
..\SYSTEM\my_math.h(20): warning:  #47-D: incompatible redefinition of macro "LIMIT"  (declared at line 15 of "..\SYSTEM\sys.h")
  #define LIMIT( x,min,max ) ( (x) < (min)  ? (min) : ( (x) > (max) ? (max) : (x) ) )
..\SYSTEM\my_math.h(21): warning:  #47-D: incompatible redefinition of macro "MIN"  (declared at line 18 of "..\SYSTEM\sys.h")
  #define MIN(a, b) ((a) < (b) ? (a) : (b))
..\SYSTEM\my_math.h(22): warning:  #47-D: incompatible redefinition of macro "MAX"  (declared at line 17 of "..\SYSTEM\sys.h")
  #define MAX(a, b) ((a) > (b) ? (a) : (b))
..\HARDWARE\24G.c(156): warning:  #1-D: last line of file ends without a newline
  }
..\HARDWARE\24G.c: 6 warnings, 0 errors
linking...
Program Size: Code=21904 RO-data=2872 RW-data=1168 ZI-data=2040  
FromELF: creating hex file...
"..\OBJ\Air Plane.axf" - 0 Error(s), 6 Warning(s).

<h2>Software Packages used:</h2>

Package Vendor: Keil
                http://www.keil.com/pack/Keil.STM32F1xx_DFP.2.4.0.pack
                Keil.STM32F1xx_DFP.2.4.0
                STMicroelectronics STM32F1 Series Device Support, Drivers and Examples

<h2>Collection of Component include folders:</h2>
  C:\Users\Hm-Server\AppData\Local\Arm\Packs\Keil\STM32F1xx_DFP\2.4.0\Device\Include

<h2>Collection of Component Files used:</h2>
Build Time Elapsed:  00:00:01
</pre>
</body>
</html>
