Component: ARM Compiler 5.06 update 6 (build 750) Tool: armlink [4d35ed]

==============================================================================

Section Cross References

    main.o(i.TIM1_UP_IRQHandler) refers to mpu6050.o(i.MPU_Init) for MPU_Init
    main.o(i.TIM1_UP_IRQHandler) refers to adc.o(i.Get_Adc) for Get_Adc
    main.o(i.TIM1_UP_IRQHandler) refers to mpu6050.o(i.MPU_Get_Raw_Data) for MPU_Get_Raw_Data
    main.o(i.TIM1_UP_IRQHandler) refers to mpu6050.o(i.MPU_My_Calculate) for MPU_My_Calculate
    main.o(i.TIM1_UP_IRQHandler) refers to serio.o(i.PWM_Output) for PWM_Output
    main.o(i.TIM1_UP_IRQHandler) refers to 24g.o(i.Wireless_Send_Data) for Wireless_Send_Data
    main.o(i.TIM1_UP_IRQHandler) refers to stm32f10x_tim.o(i.TIM_GetITStatus) for TIM_GetITStatus
    main.o(i.TIM1_UP_IRQHandler) refers to stm32f10x_tim.o(i.TIM_ClearITPendingBit) for TIM_ClearITPendingBit
    main.o(i.TIM1_UP_IRQHandler) refers to 24g.o(.data) for uart_time_cnt
    main.o(i.TIM1_UP_IRQHandler) refers to gps.o(.bss) for GPS_Data
    main.o(i.TIM1_UP_IRQHandler) refers to mpu6050.o(.bss) for MPU_Data
    main.o(i.TIM1_UP_IRQHandler) refers to main.o(.data) for cnt
    main.o(i.main) refers to misc.o(i.NVIC_PriorityGroupConfig) for NVIC_PriorityGroupConfig
    main.o(i.main) refers to led.o(i.LED_Init) for LED_Init
    main.o(i.main) refers to delay.o(i.delay_init) for delay_init
    main.o(i.main) refers to iic.o(i.Soft_IIC1_Init) for Soft_IIC1_Init
    main.o(i.main) refers to serio.o(i.PWM_Init) for PWM_Init
    main.o(i.main) refers to adc.o(i.Adc_Init) for Adc_Init
    main.o(i.main) refers to adc.o(i.ADC_DMA_Init) for ADC_DMA_Init
    main.o(i.main) refers to 24g.o(i.Wireless_Init) for Wireless_Init
    main.o(i.main) refers to gps.o(i.GPS_Init) for GPS_Init
    main.o(i.main) refers to timer.o(i.TIM1_Int_Init) for TIM1_Int_Init
    main.o(i.main) refers to delay.o(i.delay_ms) for delay_ms
    main.o(i.main) refers to mpu6050.o(i.MPU_Init) for MPU_Init
    main.o(i.main) refers to 24g.o(.data) for controler_offline_cnt
    main.o(i.main) refers to gps.o(.bss) for GPS_Data
    main.o(i.main) refers to mpu6050.o(.bss) for MPU_Data
    system_stm32f10x.o(i.SetSysClock) refers to system_stm32f10x.o(i.SetSysClockTo72) for SetSysClockTo72
    system_stm32f10x.o(i.SystemCoreClockUpdate) refers to system_stm32f10x.o(.data) for SystemCoreClock
    system_stm32f10x.o(i.SystemInit) refers to system_stm32f10x.o(i.SetSysClock) for SetSysClock
    iic.o(i.I2C1_Soft_Mult_Read) refers to stm32f10x_i2c.o(i.I2C_GenerateSTART) for I2C_GenerateSTART
    iic.o(i.I2C1_Soft_Mult_Read) refers to stm32f10x_i2c.o(i.I2C_CheckEvent) for I2C_CheckEvent
    iic.o(i.I2C1_Soft_Mult_Read) refers to stm32f10x_i2c.o(i.I2C_Send7bitAddress) for I2C_Send7bitAddress
    iic.o(i.I2C1_Soft_Mult_Read) refers to stm32f10x_i2c.o(i.I2C_SendData) for I2C_SendData
    iic.o(i.I2C1_Soft_Mult_Read) refers to stm32f10x_i2c.o(i.I2C_AcknowledgeConfig) for I2C_AcknowledgeConfig
    iic.o(i.I2C1_Soft_Mult_Read) refers to stm32f10x_i2c.o(i.I2C_ReceiveData) for I2C_ReceiveData
    iic.o(i.I2C1_Soft_Mult_Read) refers to stm32f10x_i2c.o(i.I2C_GenerateSTOP) for I2C_GenerateSTOP
    iic.o(i.I2C1_Soft_Mult_Write) refers to stm32f10x_i2c.o(i.I2C_GenerateSTART) for I2C_GenerateSTART
    iic.o(i.I2C1_Soft_Mult_Write) refers to stm32f10x_i2c.o(i.I2C_CheckEvent) for I2C_CheckEvent
    iic.o(i.I2C1_Soft_Mult_Write) refers to stm32f10x_i2c.o(i.I2C_Send7bitAddress) for I2C_Send7bitAddress
    iic.o(i.I2C1_Soft_Mult_Write) refers to stm32f10x_i2c.o(i.I2C_SendData) for I2C_SendData
    iic.o(i.I2C1_Soft_Mult_Write) refers to stm32f10x_i2c.o(i.I2C_GenerateSTOP) for I2C_GenerateSTOP
    iic.o(i.I2C1_Soft_Single_Read) refers to iic.o(i.I2C1_Soft_Mult_Read) for I2C1_Soft_Mult_Read
    iic.o(i.I2C1_Soft_Single_Write) refers to iic.o(i.I2C1_Soft_Mult_Write) for I2C1_Soft_Mult_Write
    iic.o(i.IIC2_DMA_Init) refers to misc.o(i.NVIC_Init) for NVIC_Init
    iic.o(i.IIC2_DMA_Init) refers to stm32f10x_rcc.o(i.RCC_AHBPeriphClockCmd) for RCC_AHBPeriphClockCmd
    iic.o(i.IIC2_DMA_Init) refers to stm32f10x_dma.o(i.DMA_DeInit) for DMA_DeInit
    iic.o(i.IIC2_DMA_Init) refers to stm32f10x_dma.o(i.DMA_Init) for DMA_Init
    iic.o(i.IIC2_DMA_Init) refers to stm32f10x_i2c.o(i.I2C_DMACmd) for I2C_DMACmd
    iic.o(i.IIC2_DMA_Init) refers to iic.o(.bss) for I2C_TX_BUF
    iic.o(i.Soft_IIC1_Init) refers to stm32f10x_rcc.o(i.RCC_APB2PeriphClockCmd) for RCC_APB2PeriphClockCmd
    iic.o(i.Soft_IIC1_Init) refers to stm32f10x_rcc.o(i.RCC_APB1PeriphClockCmd) for RCC_APB1PeriphClockCmd
    iic.o(i.Soft_IIC1_Init) refers to stm32f10x_gpio.o(i.GPIO_PinRemapConfig) for GPIO_PinRemapConfig
    iic.o(i.Soft_IIC1_Init) refers to stm32f10x_gpio.o(i.GPIO_Init) for GPIO_Init
    iic.o(i.Soft_IIC1_Init) refers to stm32f10x_i2c.o(i.I2C_DeInit) for I2C_DeInit
    iic.o(i.Soft_IIC1_Init) refers to stm32f10x_i2c.o(i.I2C_Init) for I2C_Init
[...]
    i.sin                                    0x08004fb0   Section        0  sin.o(i.sin)
    i.sqrt                                   0x08005050   Section        0  sqrt.o(i.sqrt)
    locale$$code                             0x0800509c   Section       44  lc_numeric_c.o(locale$$code)
    locale$$code                             0x080050c8   Section       44  lc_ctype_c.o(locale$$code)
    x$fpl$d2f                                0x080050f4   Section       98  d2f.o(x$fpl$d2f)
    x$fpl$dadd                               0x08005158   Section      336  daddsub_clz.o(x$fpl$dadd)
    _dadd1                                   0x08005169   Thumb Code     0  daddsub_clz.o(x$fpl$dadd)
    x$fpl$dcheck1                            0x080052a8   Section       16  dcheck1.o(x$fpl$dcheck1)
    x$fpl$dcmpinf                            0x080052b8   Section       24  dcmpi.o(x$fpl$dcmpinf)
    x$fpl$ddiv                               0x080052d0   Section      688  ddiv.o(x$fpl$ddiv)
    ddiv_entry                               0x080052d7   Thumb Code     0  ddiv.o(x$fpl$ddiv)
    x$fpl$deqf                               0x08005580   Section      120  deqf.o(x$fpl$deqf)
    x$fpl$dfix                               0x080055f8   Section       94  dfix.o(x$fpl$dfix)
    x$fpl$dfixu                              0x08005658   Section       90  dfixu.o(x$fpl$dfixu)
    x$fpl$dflt                               0x080056b2   Section       46  dflt_clz.o(x$fpl$dflt)
    x$fpl$dfltu                              0x080056e0   Section       38  dflt_clz.o(x$fpl$dfltu)
    x$fpl$dleqf                              0x08005708   Section      120  dleqf.o(x$fpl$dleqf)
    x$fpl$dmul                               0x08005780   Section      340  dmul.o(x$fpl$dmul)
    x$fpl$dnaninf                            0x080058d4   Section      156  dnaninf.o(x$fpl$dnaninf)
    x$fpl$dretinf                            0x08005970   Section       12  dretinf.o(x$fpl$dretinf)
    x$fpl$drleqf                             0x0800597c   Section      108  drleqf.o(x$fpl$drleqf)
    x$fpl$drsb                               0x080059e8   Section       22  daddsub_clz.o(x$fpl$drsb)
    x$fpl$dsqrt                              0x08005a00   Section      460  dsqrt_noumaal.o(x$fpl$dsqrt)
    x$fpl$dsub                               0x08005bcc   Section      468  daddsub_clz.o(x$fpl$dsub)
    _dsub1                                   0x08005bdd   Thumb Code     0  daddsub_clz.o(x$fpl$dsub)
    x$fpl$f2d                                0x08005da0   Section       86  f2d.o(x$fpl$f2d)
    x$fpl$fadd                               0x08005df8   Section      196  faddsub_clz.o(x$fpl$fadd)
    _fadd1                                   0x08005e07   Thumb Code     0  faddsub_clz.o(x$fpl$fadd)
    x$fpl$fcmpinf                            0x08005ebc   Section       24  fcmpi.o(x$fpl$fcmpinf)
    x$fpl$fdiv                               0x08005ed4   Section      388  fdiv.o(x$fpl$fdiv)
    _fdiv1                                   0x08005ed5   Thumb Code     0  fdiv.o(x$fpl$fdiv)
    x$fpl$feqf                               0x08006058   Section      104  feqf.o(x$fpl$feqf)
    x$fpl$ffix                               0x080060c0   Section       54  ffix.o(x$fpl$ffix)
    x$fpl$fflt                               0x080060f8   Section       48  fflt_clz.o(x$fpl$fflt)
    x$fpl$fleqf                              0x08006128   Section      104  fleqf.o(x$fpl$fleqf)
    x$fpl$fmul                               0x08006190   Section      258  fmul.o(x$fpl$fmul)
    x$fpl$fnaninf                            0x08006292   Section      140  fnaninf.o(x$fpl$fnaninf)
    x$fpl$fretinf                            0x0800631e   Section       10  fretinf.o(x$fpl$fretinf)
    x$fpl$frleqf                             0x08006328   Section       98  frleqf.o(x$fpl$frleqf)
    x$fpl$frsb                               0x0800638a   Section       20  faddsub_clz.o(x$fpl$frsb)
    x$fpl$fsub                               0x080063a0   Section      234  faddsub_clz.o(x$fpl$fsub)
    _fsub1                                   0x080063af   Thumb Code     0  faddsub_clz.o(x$fpl$fsub)
    x$fpl$ieeestatus                         0x0800648a   Section        6  istatus.o(x$fpl$ieeestatus)
    x$fpl$retnan                             0x08006490   Section      100  retnan.o(x$fpl$retnan)
    x$fpl$scalbn                             0x080064f4   Section       92  scalbn.o(x$fpl$scalbn)
    x$fpl$scanf1                             0x08006550   Section        4  scanf1.o(x$fpl$scanf1)
    x$fpl$scanf2                             0x08006554   Section        8  scanf2.o(x$fpl$scanf2)
    x$fpl$trapveneer                         0x0800655c   Section       48  trapv.o(x$fpl$trapveneer)
    x$fpl$usenofp                            0x0800658c   Section        0  usenofp.o(x$fpl$usenofp)
    .constdata                               0x08006590   Section       80  acos.o(.constdata)
    pS                                       0x08006590   Data          48  acos.o(.constdata)
    qS                                       0x080065c0   Data          32  acos.o(.constdata)
    .constdata                               0x080065e0   Section       48  cos_i.o(.constdata)
    C                                        0x080065e0   Data          48  cos_i.o(.constdata)
    .constdata                               0x08006610   Section      200  rred.o(.constdata)
    pio2s                                    0x08006610   Data          48  rred.o(.constdata)
    twooverpi                                0x08006640   Data         152  rred.o(.constdata)
    .constdata                               0x080066d8   Section       40  sin_i.o(.constdata)
    S                                        0x080066d8   Data          40  sin_i.o(.constdata)
    .constdata                               0x08006700   Section      148  bigflt0.o(.constdata)
    tenpwrs_x                                0x08006700   Data          60  bigflt0.o(.constdata)
    tenpwrs_i                                0x0800673c   Data          64  bigflt0.o(.constdata)
    c$$dinf                                  0x080067b4   Section        8  fpconst.o(c$$dinf)
    c$$dmax                                  0x080067bc   Section        8  fpconst.o(c$$dmax)
    locale$$data                             0x080067c4   Section       28  lc_numeric_c.o(locale$$data)
    __lcnum_c_name                           0x080067c8   Data           2  lc_numeric_c.o(locale$$data)
    __lcnum_c_start                          0x080067d0   Data           0  lc_numeric_c.o(locale$$data)
    __lcnum_c_point                          0x080067dc   Data           0  lc_numeric_c.o(locale$$data)
    __lcnum_c_thousands                      0x080067de   Data           0  lc_numeric_c.o(locale$$data)
    __lcnum_c_grouping                       0x080067df   Data           0  lc_numeric_c.o(locale$$data)
    locale$$data                             0x080067e0   Section      272  lc_ctype_c.o(locale$$data)
    __lcnum_c_end                            0x080067e0   Data           0  lc_numeric_c.o(locale$$data)
    __lcctype_c_name                         0x080067e4   Data           2  lc_ctype_c.o(locale$$data)
    __lcctype_c_start                        0x080067ec   Data           0  lc_ctype_c.o(locale$$data)
    __lcctype_c_end                          0x080068f0   Data           0  lc_ctype_c.o(locale$$data)
    .data                                    0x20000000   Section        1  main.o(.data)
    .data                                    0x20000004   Section       20  system_stm32f10x.o(.data)
    .data                                    0x20000018   Section        4  delay.o(.data)
    fac_us                                   0x20000018   Data           1  delay.o(.data)
    fac_ms                                   0x2000001a   Data           2  delay.o(.data)
    .data                                    0x2000001c   Section     1028  my_math.o(.data)
    .data                                    0x20000420   Section       20  stm32f10x_rcc.o(.data)
    APBAHBPrescTable                         0x20000420   Data          16  stm32f10x_rcc.o(.data)
    ADCPrescTable                            0x20000430   Data           4  stm32f10x_rcc.o(.data)
    .data                                    0x20000438   Section       16  mpu6050.o(.data)
    .data                                    0x20000448   Section        4  gps.o(.data)
    .data                                    0x2000044c   Section        3  24g.o(.data)
    .bss                                     0x20000450   Section       56  adc.o(.bss)
    .bss                                     0x20000488   Section      152  mpu6050.o(.bss)
    .bss                                     0x20000520   Section      320  gps.o(.bss)
    .bss                                     0x20000660   Section       30  serio.o(.bss)
    .bss                                     0x2000067e   Section       38  24g.o(.bss)
    .bss                                     0x200006a4   Section       96  libspace.o(.bss)
    HEAP                                     0x20000708   Section      512  startup_stm32f10x_hd.o(HEAP)
    Heap_Mem                                 0x20000708   Data         512  startup_stm32f10x_hd.o(HEAP)
    STACK                                    0x20000908   Section     1024  startup_stm32f10x_hd.o(STACK)
    Stack_Mem                                0x20000908   Data        1024  startup_stm32f10x_hd.o(STACK)
    __initial_sp                             0x20000d08   Data           0  startup_stm32f10x_hd.o(STACK)

    Global Symbols

    Symbol Name                              Value     Ov Type        Size  Object(Section)

    BuildAttributes$$THM_ISAv4$P$D$K$B$S$PE$A:L22UL41UL21$X:L11$S22US41US21$IEEE1$IW$USESV6$~STKCKD$USESV7$~SHL$OTIME$ROPI$IEEEX$EBA8$UX$STANDARDLIB$REQ8$PRES8$EABIv2 0x00000000   Number         0  anon$$obj.o ABSOLUTE
    __ARM_use_no_argv                        0x00000000   Number         0  main.o ABSOLUTE
    __ARM_exceptions_init                     - Undefined Weak Reference
    __alloca_initialize                       - Undefined Weak Reference
    __arm_preinit_                            - Undefined Weak Reference
    __cpp_initialize__aeabi_                  - Undefined Weak Reference
    __cxa_finalize                            - Undefined Weak Reference
    __sigvec_lookup                           - Undefined Weak Reference
    _atexit_init                              - Undefined Weak Reference
    _call_atexit_fns                          - Undefined Weak Reference
    _clock_init                               - Undefined Weak Reference
    _fp_trap_init                             - Undefined Weak Reference
    _fp_trap_shutdown                         - Undefined Weak Reference
    _get_lc_collate                           - Undefined Weak Reference
    _get_lc_monetary                          - Undefined Weak Reference
    _get_lc_time                              - Undefined Weak Reference
    _getenv_init                              - Undefined Weak Reference
    _handle_redirection                       - Undefined Weak Reference
    _init_alloc                               - Undefined Weak Reference
    _init_user_alloc                          - Undefined Weak Reference
    _initio                                   - Undefined Weak Reference
    _rand_init                                - Undefined Weak Reference
    _signal_finish                            - Undefined Weak Reference
    _signal_init                              - Undefined Weak Reference
    _terminate_alloc                          - Undefined Weak Reference
    _terminate_user_alloc                     - Undefined Weak Reference
    _terminateio                              - Undefined Weak Reference
    __Vectors_Size                           0x00000130   Number         0  startup_stm32f10x_hd.o ABSOLUTE
    __Vectors                                0x08000000   Data           4  startup_stm32f10x_hd.o(RESET)
    __Vectors_End                            0x08000130   Data           0  startup_stm32f10x_hd.o(RESET)
    __main                                   0x08000131   Thumb Code     8  __main.o(!!!main)
    __scatterload                            0x08000139   Thumb Code     0  __scatter.o(!!!scatter)
    __scatterload_rt2                        0x08000139   Thumb Code    44  __scatter.o(!!!scatter)
    __scatterload_rt2_thumb_only             0x08000139   Thumb Code     0  __scatter.o(!!!scatter)
    __scatterload_null                       0x08000147   Thumb Code     0  __scatter.o(!!!scatter)
    __decompress                             0x0800016d   Thumb Code   100  __dclz77c.o(!!dclz77c)
    __decompress2                            0x0800016d   Thumb Code     0  __dclz77c.o(!!dclz77c)
    __scatterload_zeroinit                   0x080001d1   Thumb Code    28  __scatter_zi.o(!!handler_zi)
    __rt_lib_init                            0x080001ed   Thumb Code     0  libinit.o(.ARM.Collect$$libinit$$00000000)
    __rt_lib_init_fp_1                       0x080001ef   Thumb Code     0  libinit2.o(.ARM.Collect$$libinit$$00000002)
    __rt_lib_init_heap_1                     0x080001ef   Thumb Code     0  libinit2.o(.ARM.Collect$$libinit$$0000000A)
    __rt_lib_init_lc_common                  0x080001ef   Thumb Code     0  libinit2.o(.ARM.Collect$$libinit$$0000000F)
    __rt_lib_init_preinit_1                  0x080001ef   Thumb Code     0  libinit2.o(.ARM.Collect$$libinit$$00000004)
    __rt_lib_init_rand_1                     0x080001ef   Thumb Code     0  libinit2.o(.ARM.Collect$$libinit$$0000000E)
    __rt_lib_init_user_alloc_1               0x080001ef   Thumb Code     0  libinit2.o(.ARM.Collect$$libinit$$0000000C)
    __rt_lib_init_lc_collate_1               0x080001f5   Thumb Code     0  libinit2.o(.ARM.Collect$$libinit$$00000011)
    __rt_lib_init_lc_ctype_2                 0x080001f5   Thumb Code     0  libinit2.o(.ARM.Collect$$libinit$$00000012)
    __rt_lib_init_lc_ctype_1                 0x08000201   Thumb Code     0  libinit2.o(.ARM.Collect$$libinit$$00000013)
    __rt_lib_init_lc_monetary_1              0x08000201   Thumb Code     0  libinit2.o(.ARM.Collect$$libinit$$00000015)
    __rt_lib_init_lc_numeric_2               0x08000201   Thumb Code     0  libinit2.o(.ARM.Collect$$libinit$$00000016)
    __rt_lib_init_alloca_1                   0x0800020b   Thumb Code     0  libinit2.o(.ARM.Collect$$libinit$$0000002E)
    __rt_lib_init_argv_1                     0x0800020b   Thumb Code     0  libinit2.o(.ARM.Collect$$libinit$$0000002C)
    __rt_lib_init_atexit_1                   0x0800020b   Thumb Code     0  libinit2.o(.ARM.Collect$$libinit$$0000001B)
    __rt_lib_init_clock_1                    0x0800020b   Thumb Code     0  libinit2.o(.ARM.Collect$$libinit$$00000021)
    __rt_lib_init_cpp_1                      0x0800020b   Thumb Code     0  libinit2.o(.ARM.Collect$$libinit$$00000032)
    __rt_lib_init_exceptions_1               0x0800020b   Thumb Code     0  libinit2.o(.ARM.Collect$$libinit$$00000030)
    __rt_lib_init_fp_trap_1                  0x0800020b   Thumb Code     0  libinit2.o(.ARM.Collect$$libinit$$0000001F)
    __rt_lib_init_getenv_1                   0x0800020b   Thumb Code     0  libinit2.o(.ARM.Collect$$libinit$$00000023)
    __rt_lib_init_lc_numeric_1               0x0800020b   Thumb Code     0  libinit2.o(.ARM.Collect$$libinit$$00000017)
    __rt_lib_init_lc_time_1                  0x0800020b   Thumb Code     0  libinit2.o(.ARM.Collect$$libinit$$00000019)
    __rt_lib_init_return                     0x0800020b   Thumb Code     0  libinit2.o(.ARM.Collect$$libinit$$00000033)
    __rt_lib_init_signal_1                   0x0800020b   Thumb Code     0  libinit2.o(.ARM.Collect$$libinit$$0000001D)
    __rt_lib_init_stdio_1                    0x0800020b   Thumb Code     0  libinit2.o(.ARM.Collect$$libinit$$00000025)
    __rt_lib_shutdown                        0x0800020d   Thumb Code     0  libshutdown.o(.ARM.Collect$$libshutdown$$00000000)
    __rt_lib_shutdown_cpp_1                  0x0800020f   Thumb Code     0  libshutdown2.o(.ARM.Collect$$libshutdown$$00000002)
    __rt_lib_shutdown_fp_trap_1              0x0800020f   Thumb Code     0  libshutdown2.o(.ARM.Collect$$libshutdown$$00000007)
    __rt_lib_shutdown_heap_1                 0x0800020f   Thumb Code     0  libshutdown2.o(.ARM.Collect$$libshutdown$$0000000F)
    __rt_lib_shutdown_return                 0x0800020f   Thumb Code     0  libshutdown2.o(.ARM.Collect$$libshutdown$$00000010)
    __rt_lib_shutdown_signal_1               0x0800020f   Thumb Code     0  libshutdown2.o(.ARM.Collect$$libshutdown$$0000000A)
    __rt_lib_shutdown_stdio_1                0x0800020f   Thumb Code     0  libshutdown2.o(.ARM.Collect$$libshutdown$$00000004)
    __rt_lib_shutdown_user_alloc_1           0x0800020f   Thumb Code     0  libshutdown2.o(.ARM.Collect$$libshutdown$$0000000C)
    __rt_entry                               0x08000211   Thumb Code     0  __rtentry.o(.ARM.Collect$$rtentry$$00000000)
    __rt_entry_presh_1                       0x08000211   Thumb Code     0  __rtentry2.o(.ARM.Collect$$rtentry$$00000002)
    __rt_entry_sh                            0x08000211   Thumb Code     0  __rtentry4.o(.ARM.Collect$$rtentry$$00000004)
    __rt_entry_li                            0x08000217   Thumb Code     0  __rtentry2.o(.ARM.Collect$$rtentry$$0000000A)
    __rt_entry_postsh_1                      0x08000217   Thumb Code     0  __rtentry2.o(.ARM.Collect$$rtentry$$00000009)
    __rt_entry_main                          0x0800021b   Thumb Code     0  __rtentry2.o(.ARM.Collect$$rtentry$$0000000D)
    __rt_entry_postli_1                      0x0800021b   Thumb Code     0  __rtentry2.o(.ARM.Collect$$rtentry$$0000000C)
    __rt_exit                                0x08000223   Thumb Code     0  rtexit.o(.ARM.Collect$$rtexit$$00000000)
    __rt_exit_ls                             0x08000225   Thumb Code     0  rtexit2.o(.ARM.Collect$$rtexit$$00000003)
    __rt_exit_prels_1                        0x08000225   Thumb Code     0  rtexit2.o(.ARM.Collect$$rtexit$$00000002)
    __rt_exit_exit                           0x08000229   Thumb Code     0  rtexit2.o(.ARM.Collect$$rtexit$$00000004)
    Reset_Handler                            0x08000231   Thumb Code     8  startup_stm32f10x_hd.o(.text)
    ADC1_2_IRQHandler                        0x0800024b   Thumb Code     0  startup_stm32f10x_hd.o(.text)
    ADC3_IRQHandler                          0x0800024b   Thumb Code     0  startup_stm32f10x_hd.o(.text)
    CAN1_RX1_IRQHandler                      0x0800024b   Thumb Code     0  startup_stm32f10x_hd.o(.text)
    CAN1_SCE_IRQHandler                      0x0800024b   Thumb Code     0  startup_stm32f10x_hd.o(.text)
    DMA1_Channel1_IRQHandler                 0x0800024b   Thumb Code     0  startup_stm32f10x_hd.o(.text)
    DMA1_Channel2_IRQHandler                 0x0800024b   Thumb Code     0  startup_stm32f10x_hd.o(.text)
    DMA1_Channel3_IRQHandler                 0x0800024b   Thumb Code     0  startup_stm32f10x_hd.o(.text)
    DMA1_Channel4_IRQHandler                 0x0800024b   Thumb Code     0  startup_stm32f10x_hd.o(.text)
    DMA1_Channel6_IRQHandler                 0x0800024b   Thumb Code     0  startup_stm32f10x_hd.o(.text)
    DMA1_Channel7_IRQHandler                 0x0800024b   Thumb Code     0  startup_stm32f10x_hd.o(.text)
    DMA2_Channel1_IRQHandler                 0x0800024b   Thumb Code     0  startup_stm32f10x_hd.o(.text)
    DMA2_Channel2_IRQHandler                 0x0800024b   Thumb Code     0  startup_stm32f10x_hd.o(.text)
    DMA2_Channel3_IRQHandler                 0x0800024b   Thumb Code     0  startup_stm32f10x_hd.o(.text)
    DMA2_Channel4_5_IRQHandler               0x0800024b   Thumb Code     0  startup_stm32f10x_hd.o(.text)
    EXTI0_IRQHandler                         0x0800024b   Thumb Code     0  startup_stm32f10x_hd.o(.text)
    EXTI15_10_IRQHandler                     0x0800024b   Thumb Code     0  startup_stm32f10x_hd.o(.text)
    EXTI1_IRQHandler                         0x0800024b   Thumb Code     0  startup_stm32f10x_hd.o(.text)
    EXTI2_IRQHandler                         0x0800024b   Thumb Code     0  startup_stm32f10x_hd.o(.text)
    EXTI3_IRQHandler                         0x0800024b   Thumb Code     0  startup_stm32f10x_hd.o(.text)
    EXTI4_IRQHandler                         0x0800024b   Thumb Code     0  startup_stm32f10x_hd.o(.text)
    EXTI9_5_IRQHandler                       0x0800024b   Thumb Code     0  startup_stm32f10x_hd.o(.text)
    FLASH_IRQHandler                         0x0800024b   Thumb Code     0  startup_stm32f10x_hd.o(.text)
    FSMC_IRQHandler                          0x0800024b   Thumb Code     0  startup_stm32f10x_hd.o(.text)
    I2C1_ER_IRQHandler                       0x0800024b   Thumb Code     0  startup_stm32f10x_hd.o(.text)
    I2C1_EV_IRQHandler                       0x0800024b   Thumb Code     0  startup_stm32f10x_hd.o(.text)
    I2C2_ER_IRQHandler                       0x0800024b   Thumb Code     0  startup_stm32f10x_hd.o(.text)
    I2C2_EV_IRQHandler                       0x0800024b   Thumb Code     0  startup_stm32f10x_hd.o(.text)
    PVD_IRQHandler                           0x0800024b   Thumb Code     0  startup_stm32f10x_hd.o(.text)
    RCC_IRQHandler                           0x0800024b   Thumb Code     0  startup_stm32f10x_hd.o(.text)
    RTCAlarm_IRQHandler                      0x0800024b   Thumb Code     0  startup_stm32f10x_hd.o(.text)
    RTC_IRQHandler                           0x0800024b   Thumb Code     0  startup_stm32f10x_hd.o(.text)
    SDIO_IRQHandler                          0x0800024b   Thumb Code     0  startup_stm32f10x_hd.o(.text)
    SPI1_IRQHandler                          0x0800024b   Thumb Code     0  startup_stm32f10x_hd.o(.text)
    SPI2_IRQHandler                          0x0800024b   Thumb Code     0  startup_stm32f10x_hd.o(.text)
    SPI3_IRQHandler                          0x0800024b   Thumb Code     0  startup_stm32f10x_hd.o(.text)
    TAMPER_IRQHandler                        0x0800024b   Thumb Code     0  startup_stm32f10x_hd.o(.text)
    TIM1_BRK_IRQHandler                      0x0800024b   Thumb Code     0  startup_stm32f10x_hd.o(.text)
    TIM1_CC_IRQHandler                       0x0800024b   Thumb Code     0  startup_stm32f10x_hd.o(.text)
    TIM1_TRG_COM_IRQHandler                  0x0800024b   Thumb Code     0  startup_stm32f10x_hd.o(.text)
    TIM2_IRQHandler                          0x0800024b   Thumb Code     0  startup_stm32f10x_hd.o(.text)
    TIM3_IRQHandler                          0x0800024b   Thumb Code     0  startup_stm32f10x_hd.o(.text)
    TIM4_IRQHandler                          0x0800024b   Thumb Code     0  startup_stm32f10x_hd.o(.text)
    TIM5_IRQHandler                          0x0800024b   Thumb Code     0  startup_stm32f10x_hd.o(.text)
    TIM6_IRQHandler                          0x0800024b   Thumb Code     0  startup_stm32f10x_hd.o(.text)
    TIM7_IRQHandler                          0x0800024b   Thumb Code     0  startup_stm32f10x_hd.o(.text)
    TIM8_BRK_IRQHandler                      0x0800024b   Thumb Code     0  startup_stm32f10x_hd.o(.text)
    TIM8_CC_IRQHandler                       0x0800024b   Thumb Code     0  startup_stm32f10x_hd.o(.text)
    TIM8_TRG_COM_IRQHandler                  0x0800024b   Thumb Code     0  startup_stm32f10x_hd.o(.text)
    TIM8_UP_IRQHandler                       0x0800024b   Thumb Code     0  startup_stm32f10x_hd.o(.text)
    UART4_IRQHandler                         0x0800024b   Thumb Code     0  startup_stm32f10x_hd.o(.text)
    UART5_IRQHandler                         0x0800024b   Thumb Code     0  startup_stm32f10x_hd.o(.text)
    USART2_IRQHandler                        0x0800024b   Thumb Code     0  startup_stm32f10x_hd.o(.text)
    USBWakeUp_IRQHandler                     0x0800024b   Thumb Code     0  startup_stm32f10x_hd.o(.text)
    USB_HP_CAN1_TX_IRQHandler                0x0800024b   Thumb Code     0  startup_stm32f10x_hd.o(.text)
    USB_LP_CAN1_RX0_IRQHandler               0x0800024b   Thumb Code     0  startup_stm32f10x_hd.o(.text)
    WWDG_IRQHandler                          0x0800024b   Thumb Code     0  startup_stm32f10x_hd.o(.text)
    __user_initial_stackheap                 0x0800024d   Thumb Code     0  startup_stm32f10x_hd.o(.text)
    atoi                                     0x08000271   Thumb Code    26  atoi.o(.text)
    __use_two_region_memory                  0x0800028b   Thumb Code     2  heapauxi.o(.text)
    __rt_heap_escrow$2region                 0x0800028d   Thumb Code     2  heapauxi.o(.text)
    __rt_heap_expand$2region                 0x0800028f   Thumb Code     2  heapauxi.o(.text)
    __aeabi_errno_addr                       0x08000291   Thumb Code     8  rt_errno_addr_intlibspace.o(.text)
    __errno$intlibspace                      0x08000291   Thumb Code     0  rt_errno_addr_intlibspace.o(.text)
    __rt_errno_addr$intlibspace              0x08000291   Thumb Code     0  rt_errno_addr_intlibspace.o(.text)
    __read_errno                             0x08000299   Thumb Code    10  _rserrno.o(.text)
    __set_errno                              0x080002a3   Thumb Code    12  _rserrno.o(.text)
    __strtod_int                             0x080002ed   Thumb Code    90  strtod.o(.text)
    strtol                                   0x08000355   Thumb Code   112  strtol.o(.text)
    __user_libspace                          0x080003c5   Thumb Code     8  libspace.o(.text)
    __user_perproc_libspace                  0x080003c5   Thumb Code     0  libspace.o(.text)
    __user_perthread_libspace                0x080003c5   Thumb Code     0  libspace.o(.text)
    __rt_ctype_table                         0x080003cd   Thumb Code    16  rt_ctype_table.o(.text)
    isspace                                  0x080003dd   Thumb Code    18  isspace.o(.text)
    _sgetc                                   0x080003ef   Thumb Code    30  _sgetc.o(.text)
    _sbackspace                              0x0800040d   Thumb Code    34  _sgetc.o(.text)
    _strtoul                                 0x0800042f   Thumb Code   158  _strtoul.o(.text)
    __user_setup_stackheap                   0x080004cd   Thumb Code    74  sys_stackheap_outer.o(.text)
    __rt_locale                              0x08000519   Thumb Code     8  rt_locale_intlibspace.o(.text)
    _chval                                   0x08000521   Thumb Code    28  _chval.o(.text)
    _scanf_really_real                       0x08000789   Thumb Code   684  scanf_fp.o(.text)
    exit                                     0x08000a35   Thumb Code    18  exit.o(.text)
    strcmp                                   0x08000a49   Thumb Code   128  strcmpv7m.o(.text)
    _btod_etento                             0x08000ac9   Thumb Code   224  bigflt0.o(.text)
    _scanf_really_hex_real                   0x08000bad   Thumb Code   786  scanf_hexfp.o(.text)
    _scanf_really_infnan                     0x08000ecd   Thumb Code   292  scanf_infnan.o(.text)
    _sys_exit                                0x08001001   Thumb Code     8  sys_exit.o(.text)
    __aeabi_llsl                             0x0800100d   Thumb Code     0  llshl.o(.text)
    _ll_shift_l                              0x0800100d   Thumb Code    38  llshl.o(.text)
    __I$use$semihosting                      0x08001033   Thumb Code     0  use_no_semi.o(.text)
    __use_no_semihosting_swi                 0x08001033   Thumb Code     2  use_no_semi.o(.text)
    __btod_div_common                        0x08001035   Thumb Code   696  btod.o(CL$$btod_div_common)
    __semihosting_library_function           0x08001035   Thumb Code     0  indicate_semi.o(.text)
    _e2d                                     0x0800136d   Thumb Code   122  btod.o(CL$$btod_e2d)
    _e2e                                     0x080013f1   Thumb Code   220  btod.o(CL$$btod_e2e)
    _btod_ediv                               0x080014cd   Thumb Code    42  btod.o(CL$$btod_ediv)
    _btod_edivd                              0x080014f7   Thumb Code    42  btod.o(CL$$btod_edivd)
    _btod_emul                               0x08001521   Thumb Code    42  btod.o(CL$$btod_emul)
    _btod_emuld                              0x0800154b   Thumb Code    42  btod.o(CL$$btod_emuld)
    __btod_mult_common                       0x08001575   Thumb Code   580  btod.o(CL$$btod_mult_common)
    ADC_Cmd                                  0x080017b9   Thumb Code    22  stm32f10x_adc.o(i.ADC_Cmd)
    ADC_DMACmd                               0x080017cf   Thumb Code    22  stm32f10x_adc.o(i.ADC_DMACmd)
    ADC_DMA_Init                             0x080017e5   Thumb Code    82  adc.o(i.ADC_DMA_Init)
    ADC_DeInit                               0x08001845   Thumb Code    78  stm32f10x_adc.o(i.ADC_DeInit)
    ADC_GetCalibrationStatus                 0x080018a1   Thumb Code    20  stm32f10x_adc.o(i.ADC_GetCalibrationStatus)
    ADC_GetResetCalibrationStatus            0x080018b5   Thumb Code    20  stm32f10x_adc.o(i.ADC_GetResetCalibrationStatus)
    ADC_Init                                 0x080018c9   Thumb Code    70  stm32f10x_adc.o(i.ADC_Init)
    ADC_RegularChannelConfig                 0x08001919   Thumb Code   184  stm32f10x_adc.o(i.ADC_RegularChannelConfig)
    ADC_ResetCalibration                     0x080019d1   Thumb Code    10  stm32f10x_adc.o(i.ADC_ResetCalibration)
    ADC_SoftwareStartConvCmd                 0x080019db   Thumb Code    22  stm32f10x_adc.o(i.ADC_SoftwareStartConvCmd)
    ADC_StartCalibration                     0x080019f1   Thumb Code    10  stm32f10x_adc.o(i.ADC_StartCalibration)
    Adc_Init                                 0x080019fd   Thumb Code   198  adc.o(i.Adc_Init)
    BusFault_Handler                         0x08001acd   Thumb Code     4  stm32f10x_it.o(i.BusFault_Handler)
    DMA1_Channel5_IRQHandler                 0x08001ad1   Thumb Code    90  24g.o(i.DMA1_Channel5_IRQHandler)
    DMA_ClearFlag                            0x08001b3d   Thumb Code    18  stm32f10x_dma.o(i.DMA_ClearFlag)
    DMA_Cmd                                  0x08001b59   Thumb Code    24  stm32f10x_dma.o(i.DMA_Cmd)
    DMA_DeInit                               0x08001b71   Thumb Code   324  stm32f10x_dma.o(i.DMA_DeInit)
    DMA_ITConfig                             0x08001cbd   Thumb Code    18  stm32f10x_dma.o(i.DMA_ITConfig)
    DMA_Init                                 0x08001ccf   Thumb Code    60  stm32f10x_dma.o(i.DMA_Init)
    DebugMon_Handler                         0x08001d0b   Thumb Code     2  stm32f10x_it.o(i.DebugMon_Handler)
    GPIO_Init                                0x08001d0d   Thumb Code   278  stm32f10x_gpio.o(i.GPIO_Init)
    GPIO_PinRemapConfig                      0x08001e25   Thumb Code   138  stm32f10x_gpio.o(i.GPIO_PinRemapConfig)
    GPIO_SetBits                             0x08001eb5   Thumb Code     4  stm32f10x_gpio.o(i.GPIO_SetBits)
    GPS_DMA_Init                             0x08001eb9   Thumb Code   158  gps.o(i.GPS_DMA_Init)
    GPS_Init                                 0x08001f65   Thumb Code    16  gps.o(i.GPS_Init)
    Get_Adc                                  0x08001f75   Thumb Code    68  adc.o(i.Get_Adc)
    HardFault_Handler                        0x08001fc1   Thumb Code     4  stm32f10x_it.o(i.HardFault_Handler)
    I2C1_Soft_Mult_Read                      0x08001fc5   Thumb Code   366  iic.o(i.I2C1_Soft_Mult_Read)
    I2C1_Soft_Mult_Write                     0x08002141   Thumb Code   194  iic.o(i.I2C1_Soft_Mult_Write)
    I2C1_Soft_Single_Read                    0x08002211   Thumb Code    24  iic.o(i.I2C1_Soft_Single_Read)
    I2C1_Soft_Single_Write                   0x08002229   Thumb Code    20  iic.o(i.I2C1_Soft_Single_Write)
    I2C_AcknowledgeConfig                    0x0800223d   Thumb Code    24  stm32f10x_i2c.o(i.I2C_AcknowledgeConfig)
    I2C_CheckEvent                           0x08002255   Thumb Code    42  stm32f10x_i2c.o(i.I2C_CheckEvent)
    I2C_Cmd                                  0x0800227f   Thumb Code    24  stm32f10x_i2c.o(i.I2C_Cmd)
    I2C_DeInit                               0x08002299   Thumb Code    50  stm32f10x_i2c.o(i.I2C_DeInit)
    I2C_GenerateSTART                        0x080022d1   Thumb Code    24  stm32f10x_i2c.o(i.I2C_GenerateSTART)
    I2C_GenerateSTOP                         0x080022e9   Thumb Code    24  stm32f10x_i2c.o(i.I2C_GenerateSTOP)
    I2C_Init                                 0x08002301   Thumb Code   222  stm32f10x_i2c.o(i.I2C_Init)
    I2C_ReceiveData                          0x080023ed   Thumb Code     8  stm32f10x_i2c.o(i.I2C_ReceiveData)
    I2C_Send7bitAddress                      0x080023f5   Thumb Code    18  stm32f10x_i2c.o(i.I2C_Send7bitAddress)
    I2C_SendData                             0x08002407   Thumb Code     4  stm32f10x_i2c.o(i.I2C_SendData)
    LED_Init                                 0x0800240d   Thumb Code    60  led.o(i.LED_Init)
    MPU_Get_Raw_Data                         0x0800244d   Thumb Code   368  mpu6050.o(i.MPU_Get_Raw_Data)
    MPU_Init                                 0x080025dd   Thumb Code   182  mpu6050.o(i.MPU_Init)
    MPU_My_Calculate                         0x08002699   Thumb Code   660  mpu6050.o(i.MPU_My_Calculate)
    MemManage_Handler                        0x08002965   Thumb Code     4  stm32f10x_it.o(i.MemManage_Handler)
    NMI_Handler                              0x08002969   Thumb Code     2  stm32f10x_it.o(i.NMI_Handler)
    NVIC_Init                                0x0800296d   Thumb Code   100  misc.o(i.NVIC_Init)
    NVIC_PriorityGroupConfig                 0x080029dd   Thumb Code    10  misc.o(i.NVIC_PriorityGroupConfig)
    PWM_Init                                 0x080029f1   Thumb Code   408  serio.o(i.PWM_Init)
    PWM_Output                               0x08002ba9   Thumb Code   628  serio.o(i.PWM_Output)
    PendSV_Handler                           0x08002e45   Thumb Code     2  stm32f10x_it.o(i.PendSV_Handler)
    RCC_ADCCLKConfig                         0x08002e49   Thumb Code    18  stm32f10x_rcc.o(i.RCC_ADCCLKConfig)
    RCC_AHBPeriphClockCmd                    0x08002e61   Thumb Code    26  stm32f10x_rcc.o(i.RCC_AHBPeriphClockCmd)
    RCC_APB1PeriphClockCmd                   0x08002e81   Thumb Code    26  stm32f10x_rcc.o(i.RCC_APB1PeriphClockCmd)
    RCC_APB1PeriphResetCmd                   0x08002ea1   Thumb Code    26  stm32f10x_rcc.o(i.RCC_APB1PeriphResetCmd)
    RCC_APB2PeriphClockCmd                   0x08002ec1   Thumb Code    26  stm32f10x_rcc.o(i.RCC_APB2PeriphClockCmd)
    RCC_APB2PeriphResetCmd                   0x08002ee1   Thumb Code    26  stm32f10x_rcc.o(i.RCC_APB2PeriphResetCmd)
    RCC_GetClocksFreq                        0x08002f01   Thumb Code   192  stm32f10x_rcc.o(i.RCC_GetClocksFreq)
    SVC_Handler                              0x08002fd5   Thumb Code     2  stm32f10x_it.o(i.SVC_Handler)
    Soft_IIC1_Init                           0x080030c1   Thumb Code   132  iic.o(i.Soft_IIC1_Init)
    SysTick_CLKSourceConfig                  0x08003151   Thumb Code    40  misc.o(i.SysTick_CLKSourceConfig)
    SysTick_Handler                          0x08003179   Thumb Code     2  stm32f10x_it.o(i.SysTick_Handler)
    SystemInit                               0x0800317d   Thumb Code    78  system_stm32f10x.o(i.SystemInit)
    TIM1_Int_Init                            0x080031dd   Thumb Code   104  timer.o(i.TIM1_Int_Init)
    TIM1_UP_IRQHandler                       0x08003249   Thumb Code   290  main.o(i.TIM1_UP_IRQHandler)
    TIM_ClearFlag                            0x08003391   Thumb Code     6  stm32f10x_tim.o(i.TIM_ClearFlag)
    TIM_ClearITPendingBit                    0x08003397   Thumb Code     6  stm32f10x_tim.o(i.TIM_ClearITPendingBit)
    TIM_Cmd                                  0x0800339d   Thumb Code    24  stm32f10x_tim.o(i.TIM_Cmd)
    TIM_GetITStatus                          0x080033b5   Thumb Code    34  stm32f10x_tim.o(i.TIM_GetITStatus)
    TIM_ITConfig                             0x080033d7   Thumb Code    18  stm32f10x_tim.o(i.TIM_ITConfig)
    TIM_OC1Init                              0x080033e9   Thumb Code   132  stm32f10x_tim.o(i.TIM_OC1Init)
    TIM_OC1PreloadConfig                     0x08003481   Thumb Code    18  stm32f10x_tim.o(i.TIM_OC1PreloadConfig)
    TIM_OC2Init                              0x08003495   Thumb Code   154  stm32f10x_tim.o(i.TIM_OC2Init)
    TIM_OC2PreloadConfig                     0x08003539   Thumb Code    26  stm32f10x_tim.o(i.TIM_OC2PreloadConfig)
    TIM_OC3Init                              0x08003555   Thumb Code   150  stm32f10x_tim.o(i.TIM_OC3Init)
    TIM_OC3PreloadConfig                     0x080035f5   Thumb Code    18  stm32f10x_tim.o(i.TIM_OC3PreloadConfig)
    TIM_OC4Init                              0x08003609   Thumb Code   114  stm32f10x_tim.o(i.TIM_OC4Init)
    TIM_OC4PreloadConfig                     0x08003685   Thumb Code    26  stm32f10x_tim.o(i.TIM_OC4PreloadConfig)
    TIM_SetCompare1                          0x0800369f   Thumb Code     4  stm32f10x_tim.o(i.TIM_SetCompare1)
    TIM_SetCompare2                          0x080036a3   Thumb Code     4  stm32f10x_tim.o(i.TIM_SetCompare2)
    TIM_SetCompare3                          0x080036a7   Thumb Code     4  stm32f10x_tim.o(i.TIM_SetCompare3)
    TIM_SetCompare4                          0x080036ab   Thumb Code     6  stm32f10x_tim.o(i.TIM_SetCompare4)
    TIM_TimeBaseInit                         0x080036b1   Thumb Code   122  stm32f10x_tim.o(i.TIM_TimeBaseInit)
    UART_GPS_Init                            0x08003755   Thumb Code   130  usart.o(i.UART_GPS_Init)
    USART1_IRQHandler                        0x080037e1   Thumb Code    18  24g.o(i.USART1_IRQHandler)
    USART3_IRQHandler                        0x080037fd   Thumb Code  1330  gps.o(i.USART3_IRQHandler)
    USART_Cmd                                0x08003d45   Thumb Code    24  stm32f10x_usart.o(i.USART_Cmd)
    USART_DMACmd                             0x08003d5d   Thumb Code    18  stm32f10x_usart.o(i.USART_DMACmd)
    USART_ITConfig                           0x08003d6f   Thumb Code    74  stm32f10x_usart.o(i.USART_ITConfig)
    USART_Init                               0x08003db9   Thumb Code   210  stm32f10x_usart.o(i.USART_Init)
    UsageFault_Handler                       0x08003e91   Thumb Code     4  stm32f10x_it.o(i.UsageFault_Handler)
    Wireless_DMA_Init                        0x08003e95   Thumb Code   248  24g.o(i.Wireless_DMA_Init)
    Wireless_Init                            0x08003f9d   Thumb Code    24  24g.o(i.Wireless_Init)
    Wireless_Send_Data                       0x08003fb9   Thumb Code   296  24g.o(i.Wireless_Send_Data)
    Wireless_UART_Init                       0x080040fd   Thumb Code   164  24g.o(i.Wireless_UART_Init)
    __ARM_fpclassify                         0x080041a9   Thumb Code    40  fpclassify.o(i.__ARM_fpclassify)
    __ieee754_rem_pio2                       0x080041d1   Thumb Code   828  rred.o(i.__ieee754_rem_pio2)
    __kernel_cos                             0x08004559   Thumb Code   230  cos_i.o(i.__kernel_cos)
    __kernel_poly                            0x08004655   Thumb Code   170  poly.o(i.__kernel_poly)
    __kernel_sin                             0x08004701   Thumb Code   224  sin_i.o(i.__kernel_sin)
    __mathlib_dbl_infnan                     0x080047ed   Thumb Code     6  dunder.o(i.__mathlib_dbl_infnan)
    __mathlib_dbl_invalid                    0x080047f3   Thumb Code    12  dunder.o(i.__mathlib_dbl_invalid)
    __mathlib_dbl_overflow                   0x080047ff   Thumb Code    14  dunder.o(i.__mathlib_dbl_overflow)
    __mathlib_dbl_underflow                  0x0800480d   Thumb Code    10  dunder.o(i.__mathlib_dbl_underflow)
    __mathlib_narrow                         0x0800481d   Thumb Code    16  narrow.o(i.__mathlib_narrow)
    __mathlib_tofloat                        0x0800482d   Thumb Code   184  narrow.o(i.__mathlib_tofloat)
    __support_ldexp                          0x080048e9   Thumb Code    22  ldexp.o(i.__support_ldexp)
    _is_digit                                0x080048ff   Thumb Code    14  scanf_fp.o(i._is_digit)
    acos                                     0x0800490d   Thumb Code   574  acos.o(i.acos)
    atof                                     0x08004b89   Thumb Code    42  atof.o(i.atof)
    cos                                      0x08004bb5   Thumb Code   148  cos.o(i.cos)
    delay_init                               0x08004c51   Thumb Code    50  delay.o(i.delay_init)
    delay_ms                                 0x08004c95   Thumb Code    72  delay.o(i.delay_ms)
    fast_atan2                               0x08004ce1   Thumb Code   368  my_math.o(i.fast_atan2)
    frexp                                    0x08004e65   Thumb Code    80  frexp.o(i.frexp)
    ldexp                                    0x08004ebd   Thumb Code   116  ldexp.o(i.ldexp)
    main                                     0x08004f31   Thumb Code   116  main.o(i.main)
    sin                                      0x08004fb1   Thumb Code   150  sin.o(i.sin)
    sqrt                                     0x08005051   Thumb Code    76  sqrt.o(i.sqrt)
    _get_lc_numeric                          0x0800509d   Thumb Code    44  lc_numeric_c.o(locale$$code)
    _get_lc_ctype                            0x080050c9   Thumb Code    44  lc_ctype_c.o(locale$$code)
    __aeabi_d2f                              0x080050f5   Thumb Code     0  d2f.o(x$fpl$d2f)
    _d2f                                     0x080050f5   Thumb Code    98  d2f.o(x$fpl$d2f)
    __aeabi_dadd                             0x08005159   Thumb Code     0  daddsub_clz.o(x$fpl$dadd)
    _dadd                                    0x08005159   Thumb Code   332  daddsub_clz.o(x$fpl$dadd)
    __fpl_dcheck_NaN1                        0x080052a9   Thumb Code    10  dcheck1.o(x$fpl$dcheck1)
    __fpl_dcmp_Inf                           0x080052b9   Thumb Code    24  dcmpi.o(x$fpl$dcmpinf)
    __aeabi_ddiv                             0x080052d1   Thumb Code     0  ddiv.o(x$fpl$ddiv)
    _ddiv                                    0x080052d1   Thumb Code   552  ddiv.o(x$fpl$ddiv)
    __aeabi_cdcmpeq                          0x08005581   Thumb Code     0  deqf.o(x$fpl$deqf)
    _dcmpeq                                  0x08005581   Thumb Code   120  deqf.o(x$fpl$deqf)
    __aeabi_d2iz                             0x080055f9   Thumb Code     0  dfix.o(x$fpl$dfix)
    _dfix                                    0x080055f9   Thumb Code    94  dfix.o(x$fpl$dfix)
    __aeabi_d2uiz                            0x08005659   Thumb Code     0  dfixu.o(x$fpl$dfixu)
    _dfixu                                   0x08005659   Thumb Code    90  dfixu.o(x$fpl$dfixu)
    __aeabi_i2d                              0x080056b3   Thumb Code     0  dflt_clz.o(x$fpl$dflt)
    _dflt                                    0x080056b3   Thumb Code    46  dflt_clz.o(x$fpl$dflt)
    __aeabi_ui2d                             0x080056e1   Thumb Code     0  dflt_clz.o(x$fpl$dfltu)
    _dfltu                                   0x080056e1   Thumb Code    38  dflt_clz.o(x$fpl$dfltu)
    __aeabi_cdcmple                          0x08005709   Thumb Code     0  dleqf.o(x$fpl$dleqf)
    _dcmple                                  0x08005709   Thumb Code   120  dleqf.o(x$fpl$dleqf)
    __fpl_dcmple_InfNaN                      0x0800576b   Thumb Code     0  dleqf.o(x$fpl$dleqf)
    __aeabi_dmul                             0x08005781   Thumb Code     0  dmul.o(x$fpl$dmul)
    _dmul                                    0x08005781   Thumb Code   332  dmul.o(x$fpl$dmul)
    __fpl_dnaninf                            0x080058d5   Thumb Code   156  dnaninf.o(x$fpl$dnaninf)
    __fpl_dretinf                            0x08005971   Thumb Code    12  dretinf.o(x$fpl$dretinf)
    __aeabi_cdrcmple                         0x0800597d   Thumb Code     0  drleqf.o(x$fpl$drleqf)
    _drcmple                                 0x0800597d   Thumb Code   108  drleqf.o(x$fpl$drleqf)
    __aeabi_drsub                            0x080059e9   Thumb Code     0  daddsub_clz.o(x$fpl$drsb)
    _drsb                                    0x080059e9   Thumb Code    22  daddsub_clz.o(x$fpl$drsb)
    _dsqrt                                   0x08005a01   Thumb Code   456  dsqrt_noumaal.o(x$fpl$dsqrt)
    __aeabi_dsub                             0x08005bcd   Thumb Code     0  daddsub_clz.o(x$fpl$dsub)
    _dsub                                    0x08005bcd   Thumb Code   464  daddsub_clz.o(x$fpl$dsub)
    __aeabi_f2d                              0x08005da1   Thumb Code     0  f2d.o(x$fpl$f2d)
    _f2d                                     0x08005da1   Thumb Code    86  f2d.o(x$fpl$f2d)
    __aeabi_fadd                             0x08005df9   Thumb Code     0  faddsub_clz.o(x$fpl$fadd)
    _fadd                                    0x08005df9   Thumb Code   196  faddsub_clz.o(x$fpl$fadd)
    __fpl_fcmp_Inf                           0x08005ebd   Thumb Code    24  fcmpi.o(x$fpl$fcmpinf)
    __aeabi_fdiv                             0x08005ed5   Thumb Code     0  fdiv.o(x$fpl$fdiv)
    _fdiv                                    0x08005ed5   Thumb Code   384  fdiv.o(x$fpl$fdiv)
    __aeabi_cfcmpeq                          0x08006059   Thumb Code     0  feqf.o(x$fpl$feqf)
    _fcmpeq                                  0x08006059   Thumb Code   104  feqf.o(x$fpl$feqf)
    __aeabi_f2iz                             0x080060c1   Thumb Code     0  ffix.o(x$fpl$ffix)
    _ffix                                    0x080060c1   Thumb Code    54  ffix.o(x$fpl$ffix)
    __aeabi_i2f                              0x080060f9   Thumb Code     0  fflt_clz.o(x$fpl$fflt)
    _fflt                                    0x080060f9   Thumb Code    48  fflt_clz.o(x$fpl$fflt)
    __aeabi_cfcmple                          0x08006129   Thumb Code     0  fleqf.o(x$fpl$fleqf)
    _fcmple                                  0x08006129   Thumb Code   104  fleqf.o(x$fpl$fleqf)
    __fpl_fcmple_InfNaN                      0x0800617b   Thumb Code     0  fleqf.o(x$fpl$fleqf)
    __aeabi_fmul                             0x08006191   Thumb Code     0  fmul.o(x$fpl$fmul)
    _fmul                                    0x08006191   Thumb Code   258  fmul.o(x$fpl$fmul)
    __fpl_fnaninf                            0x08006293   Thumb Code   140  fnaninf.o(x$fpl$fnaninf)
    __fpl_fretinf                            0x0800631f   Thumb Code    10  fretinf.o(x$fpl$fretinf)
    __aeabi_cfrcmple                         0x08006329   Thumb Code     0  frleqf.o(x$fpl$frleqf)
    _frcmple                                 0x08006329   Thumb Code    98  frleqf.o(x$fpl$frleqf)
    __aeabi_frsub                            0x0800638b   Thumb Code     0  faddsub_clz.o(x$fpl$frsb)
    _frsb                                    0x0800638b   Thumb Code    20  faddsub_clz.o(x$fpl$frsb)
    __aeabi_fsub                             0x080063a1   Thumb Code     0  faddsub_clz.o(x$fpl$fsub)
    _fsub                                    0x080063a1   Thumb Code   234  faddsub_clz.o(x$fpl$fsub)
    __ieee_status                            0x0800648b   Thumb Code     6  istatus.o(x$fpl$ieeestatus)
    __fpl_return_NaN                         0x08006491   Thumb Code   100  retnan.o(x$fpl$retnan)
    __ARM_scalbn                             0x080064f5   Thumb Code    92  scalbn.o(x$fpl$scalbn)
    _scanf_real                              0x08006551   Thumb Code     4  scanf1.o(x$fpl$scanf1)
    _scanf_hex_real                          0x08006555   Thumb Code     4  scanf2.o(x$fpl$scanf2)
    _scanf_infnan                            0x08006559   Thumb Code     4  scanf2.o(x$fpl$scanf2)
    __fpl_cmpreturn                          0x0800655d   Thumb Code    48  trapv.o(x$fpl$trapveneer)
    __I$use$fp                               0x0800658c   Number         0  usenofp.o(x$fpl$usenofp)
    Region$$Table$$Base                      0x08006794   Number         0  anon$$obj.o(Region$$Table)
    Region$$Table$$Limit                     0x080067b4   Number         0  anon$$obj.o(Region$$Table)
    __aeabi_HUGE_VAL                         0x080067b4   Data           0  fpconst.o(c$$dinf)
    __aeabi_HUGE_VALL                        0x080067b4   Data           0  fpconst.o(c$$dinf)
    __aeabi_INFINITY                         0x080067b4   Data           0  fpconst.o(c$$dinf)
    __dInf                                   0x080067b4   Data           0  fpconst.o(c$$dinf)
    __huge_val                               0x080067b4   Data           0  fpconst.o(c$$dinf)
    __dbl_max                                0x080067bc   Data           0  fpconst.o(c$$dmax)
    __ctype                                  0x080067ed   Data           0  lc_ctype_c.o(locale$$data)
    cnt                                      0x20000000   Data           1  main.o(.data)
    SystemCoreClock                          0x20000004   Data           4  system_stm32f10x.o(.data)
    AHBPrescTable                            0x20000008   Data          16  system_stm32f10x.o(.data)
    fast_atan_table                          0x2000001c   Data        1028  my_math.o(.data)
    MPU_times                                0x20000438   Data           1  mpu6050.o(.data)
    norm                                     0x20000440   Data           8  mpu6050.o(.data)
    USART_RX_STA                             0x20000448   Data           1  gps.o(.data)
    temppointer                              0x20000449   Data           1  gps.o(.data)
    flag_OLED_refresh                        0x2000044a   Data           1  gps.o(.data)
    home_pos_cnt                             0x2000044b   Data           1  gps.o(.data)
    controler_offline_cnt                    0x2000044c   Data           1  24g.o(.data)
    controler_offline_flag                   0x2000044d   Data           1  24g.o(.data)
    uart_time_cnt                            0x2000044e   Data           1  24g.o(.data)
    ADC_Value                                0x20000450   Data          24  adc.o(.bss)
    ADC_DMA_Value                            0x20000468   Data          16  adc.o(.bss)
    nummm                                    0x20000478   Data          16  adc.o(.bss)
    MPU_Data                                 0x20000488   Data         128  mpu6050.o(.bss)
    total                                    0x20000508   Data          24  mpu6050.o(.bss)
    GPS_Data                                 0x20000520   Data          64  gps.o(.bss)
    USART_RX_BUF                             0x20000560   Data         256  gps.o(.bss)
    serio_Data                               0x20000660   Data          30  serio.o(.bss)
    send_Data                                0x2000067e   Data          18  24g.o(.bss)
    receive_Data                             0x20000690   Data          10  24g.o(.bss)
    DMA_receive_Data                         0x2000069a   Data          10  24g.o(.bss)
    __libspace_start                         0x200006a4   Data          96  libspace.o(.bss)
    __temporary_stack_top$libspace           0x20000704   Data           0  libspace.o(.bss)



==============================================================================

Memory Map of the image

  Image Entry point : 0x08000231

  Load Region LR_1 (Base: 0x08000000, Size: 0x00006d40, Max: 0xffffffff, ABSOLUTE, COMPRESSED[0x00006d20])

    Execution Region ER_RO (Exec base: 0x08000000, Load base: 0x08000000, Size: 0x000068f0, Max: 0xffffffff, ABSOLUTE)

    Exec Addr    Load Addr    Size         Type   Attr      Idx    E Section Name        Object

    0x08000000   0x08000000   0x00000130   Data   RO          581    RESET               startup_stm32f10x_hd.o
    0x08000130   0x08000130   0x00000008   Code   RO         3861  * !!!main             c_w.l(__main.o)
    0x08000138   0x08000138   0x00000034   Code   RO         4283    !!!scatter          c_w.l(__scatter.o)
    0x0800016c   0x0800016c   0x00000064   Code   RO         4281    !!dclz77c           c_w.l(__dclz77c.o)
    0x080001d0   0x080001d0   0x0000001c   Code   RO         4285    !!handler_zi        c_w.l(__scatter_zi.o)
    0x080001ec   0x080001ec   0x00000002   Code   RO         4082    .ARM.Collect$$libinit$$00000000  c_w.l(libinit.o)
    0x080001ee   0x080001ee   0x00000000   Code   RO         4084    .ARM.Collect$$libinit$$00000002  c_w.l(libinit2.o)
    0x080001ee   0x080001ee   0x00000000   Code   RO         4086    .ARM.Collect$$libinit$$00000004  c_w.l(libinit2.o)
    0x080001ee   0x080001ee   0x00000000   Code   RO         4089    .ARM.Collect$$libinit$$0000000A  c_w.l(libinit2.o)
    0x080001ee   0x080001ee   0x00000000   Code   RO         4091    .ARM.Collect$$libinit$$0000000C  c_w.l(libinit2.o)
    0x080001ee   0x080001ee   0x00000000   Code   RO         4093    .ARM.Collect$$libinit$$0000000E  c_w.l(libinit2.o)
    0x080001ee   0x080001ee   0x00000006   Code   RO         4094    .ARM.Collect$$libinit$$0000000F  c_w.l(libinit2.o)
    0x080001f4   0x080001f4   0x00000000   Code   RO         4096    .ARM.Collect$$libinit$$00000011  c_w.l(libinit2.o)
    0x080001f4   0x080001f4   0x0000000c   Code   RO         4097    .ARM.Collect$$libinit$$00000012  c_w.l(libinit2.o)
    0x08000200   0x08000200   0x00000000   Code   RO         4098    .ARM.Collect$$libinit$$00000013  c_w.l(libinit2.o)
    0x08000200   0x08000200   0x00000000   Code   RO         4100    .ARM.Collect$$libinit$$00000015  c_w.l(libinit2.o)
    0x08000200   0x08000200   0x0000000a   Code   RO         4101    .ARM.Collect$$libinit$$00000016  c_w.l(libinit2.o)
    0x0800020a   0x0800020a   0x00000000   Code   RO         4102    .ARM.Collect$$libinit$$00000017  c_w.l(libinit2.o)
    0x0800020a   0x0800020a   0x00000000   Code   RO         4104    .ARM.Collect$$libinit$$00000019  c_w.l(libinit2.o)
    0x0800020a   0x0800020a   0x00000000   Code   RO         4106    .ARM.Collect$$libinit$$0000001B  c_w.l(libinit2.o)
    0x0800020a   0x0800020a   0x00000000   Code   RO         4108    .ARM.Collect$$libinit$$0000001D  c_w.l(libinit2.o)
    0x0800020a   0x0800020a   0x00000000   Code   RO         4110    .ARM.Collect$$libinit$$0000001F  c_w.l(libinit2.o)
    0x0800020a   0x0800020a   0x00000000   Code   RO         4112    .ARM.Collect$$libinit$$00000021  c_w.l(libinit2.o)
    0x0800020a   0x0800020a   0x00000000   Code   RO         4114    .ARM.Collect$$libinit$$00000023  c_w.l(libinit2.o)
    0x0800020a   0x0800020a   0x00000000   Code   RO         4116    .ARM.Collect$$libinit$$00000025  c_w.l(libinit2.o)
    0x0800020a   0x0800020a   0x00000000   Code   RO         4120    .ARM.Collect$$libinit$$0000002C  c_w.l(libinit2.o)
    0x0800020a   0x0800020a   0x00000000   Code   RO         4122    .ARM.Collect$$libinit$$0000002E  c_w.l(libinit2.o)
    0x0800020a   0x0800020a   0x00000000   Code   RO         4124    .ARM.Collect$$libinit$$00000030  c_w.l(libinit2.o)
    0x0800020a   0x0800020a   0x00000000   Code   RO         4126    .ARM.Collect$$libinit$$00000032  c_w.l(libinit2.o)
    0x0800020a   0x0800020a   0x00000002   Code   RO         4127    .ARM.Collect$$libinit$$00000033  c_w.l(libinit2.o)
    0x0800020c   0x0800020c   0x00000002   Code   RO         4216    .ARM.Collect$$libshutdown$$00000000  c_w.l(libshutdown.o)
    0x0800020e   0x0800020e   0x00000000   Code   RO         4239    .ARM.Collect$$libshutdown$$00000002  c_w.l(libshutdown2.o)
    0x0800020e   0x0800020e   0x00000000   Code   RO         4241    .ARM.Collect$$libshutdown$$00000004  c_w.l(libshutdown2.o)
    0x0800020e   0x0800020e   0x00000000   Code   RO         4244    .ARM.Collect$$libshutdown$$00000007  c_w.l(libshutdown2.o)
    0x0800020e   0x0800020e   0x00000000   Code   RO         4247    .ARM.Collect$$libshutdown$$0000000A  c_w.l(libshutdown2.o)
    0x0800020e   0x0800020e   0x00000000   Code   RO         4249    .ARM.Collect$$libshutdown$$0000000C  c_w.l(libshutdown2.o)
    0x0800020e   0x0800020e   0x00000000   Code   RO         4252    .ARM.Collect$$libshutdown$$0000000F  c_w.l(libshutdown2.o)
    0x0800020e   0x0800020e   0x00000002   Code   RO         4253    .ARM.Collect$$libshutdown$$00000010  c_w.l(libshutdown2.o)
    0x08000210   0x08000210   0x00000000   Code   RO         3959    .ARM.Collect$$rtentry$$00000000  c_w.l(__rtentry.o)
    0x08000210   0x08000210   0x00000000   Code   RO         4026    .ARM.Collect$$rtentry$$00000002  c_w.l(__rtentry2.o)
    0x08000210   0x08000210   0x00000006   Code   RO         4038    .ARM.Collect$$rtentry$$00000004  c_w.l(__rtentry4.o)
    0x08000216   0x08000216   0x00000000   Code   RO         4028    .ARM.Collect$$rtentry$$00000009  c_w.l(__rtentry2.o)
    0x08000216   0x08000216   0x00000004   Code   RO         4029    .ARM.Collect$$rtentry$$0000000A  c_w.l(__rtentry2.o)
    0x0800021a   0x0800021a   0x00000000   Code   RO         4031    .ARM.Collect$$rtentry$$0000000C  c_w.l(__rtentry2.o)
    0x0800021a   0x0800021a   0x00000008   Code   RO         4032    .ARM.Collect$$rtentry$$0000000D  c_w.l(__rtentry2.o)
    0x08000222   0x08000222   0x00000002   Code   RO         4130    .ARM.Collect$$rtexit$$00000000  c_w.l(rtexit.o)
    0x08000224   0x08000224   0x00000000   Code   RO         4182    .ARM.Collect$$rtexit$$00000002  c_w.l(rtexit2.o)
    0x08000224   0x08000224   0x00000004   Code   RO         4183    .ARM.Collect$$rtexit$$00000003  c_w.l(rtexit2.o)
    0x08000228   0x08000228   0x00000006   Code   RO         4184    .ARM.Collect$$rtexit$$00000004  c_w.l(rtexit2.o)
    0x0800022e   0x0800022e   0x00000002   PAD
    0x08000230   0x08000230   0x00000040   Code   RO          582  * .text               startup_stm32f10x_hd.o
    0x08000270   0x08000270   0x0000001a   Code   RO         3857    .text               c_w.l(atoi.o)
    0x0800028a   0x0800028a   0x00000006   Code   RO         3859    .text               c_w.l(heapauxi.o)
    0x08000290   0x08000290   0x00000008   Code   RO         3963    .text               c_w.l(rt_errno_addr_intlibspace.o)
    0x08000298   0x08000298   0x00000016   Code   RO         3965    .text               c_w.l(_rserrno.o)
    0x080002ae   0x080002ae   0x00000002   PAD
    0x080002b0   0x080002b0   0x000000a4   Code   RO         3967    .text               c_w.l(strtod.o)
    0x08000354   0x08000354   0x00000070   Code   RO         3969    .text               c_w.l(strtol.o)
    0x080003c4   0x080003c4   0x00000008   Code   RO         4022    .text               c_w.l(libspace.o)
    0x080003cc   0x080003cc   0x00000010   Code   RO         4040    .text               c_w.l(rt_ctype_table.o)
    0x080003dc   0x080003dc   0x00000012   Code   RO         4042    .text               c_w.l(isspace.o)
    0x080003ee   0x080003ee   0x00000040   Code   RO         4044    .text               c_w.l(_sgetc.o)
    0x0800042e   0x0800042e   0x0000009e   Code   RO         4046    .text               c_w.l(_strtoul.o)
    0x080004cc   0x080004cc   0x0000004a   Code   RO         4057    .text               c_w.l(sys_stackheap_outer.o)
    0x08000516   0x08000516   0x00000002   PAD
    0x08000518   0x08000518   0x00000008   Code   RO         4062    .text               c_w.l(rt_locale_intlibspace.o)
    0x08000520   0x08000520   0x0000001c   Code   RO         4064    .text               c_w.l(_chval.o)
    0x0800053c   0x0800053c   0x000004f8   Code   RO         4066    .text               c_w.l(scanf_fp.o)
    0x08000a34   0x08000a34   0x00000012   Code   RO         4073    .text               c_w.l(exit.o)
    0x08000a46   0x08000a46   0x00000002   PAD
    0x08000a48   0x08000a48   0x00000080   Code   RO         4075    .text               c_w.l(strcmpv7m.o)
    0x08000ac8   0x08000ac8   0x000000e4   Code   RO         4132    .text               c_w.l(bigflt0.o)
    0x08000bac   0x08000bac   0x00000320   Code   RO         4188    .text               c_w.l(scanf_hexfp.o)
    0x08000ecc   0x08000ecc   0x00000134   Code   RO         4190    .text               c_w.l(scanf_infnan.o)
    0x08001000   0x08001000   0x0000000c   Code   RO         4204    .text               c_w.l(sys_exit.o)
    0x0800100c   0x0800100c   0x00000026   Code   RO         4208    .text               c_w.l(llshl.o)
    0x08001032   0x08001032   0x00000002   Code   RO         4229    .text               c_w.l(use_no_semi.o)
    0x08001034   0x08001034   0x00000000   Code   RO         4231    .text               c_w.l(indicate_semi.o)
    0x08001034   0x08001034   0x00000338   Code   RO         4145    CL$$btod_div_common  c_w.l(btod.o)
    0x0800136c   0x0800136c   0x00000084   Code   RO         4143    CL$$btod_e2d        c_w.l(btod.o)
    0x080013f0   0x080013f0   0x000000dc   Code   RO         4142    CL$$btod_e2e        c_w.l(btod.o)
    0x080014cc   0x080014cc   0x0000002a   Code   RO         4139    CL$$btod_ediv       c_w.l(btod.o)
    0x080014f6   0x080014f6   0x0000002a   Code   RO         4141    CL$$btod_edivd      c_w.l(btod.o)
    0x08001520   0x08001520   0x0000002a   Code   RO         4138    CL$$btod_emul       c_w.l(btod.o)
    0x0800154a   0x0800154a   0x0000002a   Code   RO         4140    CL$$btod_emuld      c_w.l(btod.o)
    0x08001574   0x08001574   0x00000244   Code   RO         4144    CL$$btod_mult_common  c_w.l(btod.o)
    0x080017b8   0x080017b8   0x00000016   Code   RO          654    i.ADC_Cmd           stm32f10x_adc.o
    0x080017ce   0x080017ce   0x00000016   Code   RO          655    i.ADC_DMACmd        stm32f10x_adc.o
    0x080017e4   0x080017e4   0x00000060   Code   RO          536    i.ADC_DMA_Init      adc.o
    0x08001844   0x08001844   0x0000005c   Code   RO          656    i.ADC_DeInit        stm32f10x_adc.o
    0x080018a0   0x080018a0   0x00000014   Code   RO          662    i.ADC_GetCalibrationStatus  stm32f10x_adc.o
    0x080018b4   0x080018b4   0x00000014   Code   RO          668    i.ADC_GetResetCalibrationStatus  stm32f10x_adc.o
    0x080018c8   0x080018c8   0x00000050   Code   RO          672    i.ADC_Init          stm32f10x_adc.o
    0x08001918   0x08001918   0x000000b8   Code   RO          676    i.ADC_RegularChannelConfig  stm32f10x_adc.o
    0x080019d0   0x080019d0   0x0000000a   Code   RO          677    i.ADC_ResetCalibration  stm32f10x_adc.o
    0x080019da   0x080019da   0x00000016   Code   RO          679    i.ADC_SoftwareStartConvCmd  stm32f10x_adc.o
    0x080019f0   0x080019f0   0x0000000a   Code   RO          681    i.ADC_StartCalibration  stm32f10x_adc.o
    0x080019fa   0x080019fa   0x00000002   PAD
    0x080019fc   0x080019fc   0x000000d0   Code   RO          537    i.Adc_Init          adc.o
    0x08001acc   0x08001acc   0x00000004   Code   RO          162    i.BusFault_Handler  stm32f10x_it.o
    0x08001ad0   0x08001ad0   0x0000006c   Code   RO         3786    i.DMA1_Channel5_IRQHandler  24g.o
    0x08001b3c   0x08001b3c   0x0000001c   Code   RO         1337    i.DMA_ClearFlag     stm32f10x_dma.o
    0x08001b58   0x08001b58   0x00000018   Code   RO         1339    i.DMA_Cmd           stm32f10x_dma.o
    0x08001b70   0x08001b70   0x0000014c   Code   RO         1340    i.DMA_DeInit        stm32f10x_dma.o
    0x08001cbc   0x08001cbc   0x00000012   Code   RO         1344    i.DMA_ITConfig      stm32f10x_dma.o
    0x08001cce   0x08001cce   0x0000003c   Code   RO         1345    i.DMA_Init          stm32f10x_dma.o
    0x08001d0a   0x08001d0a   0x00000002   Code   RO          163    i.DebugMon_Handler  stm32f10x_it.o
    0x08001d0c   0x08001d0c   0x00000116   Code   RO         1763    i.GPIO_Init         stm32f10x_gpio.o
    0x08001e22   0x08001e22   0x00000002   PAD
    0x08001e24   0x08001e24   0x00000090   Code   RO         1765    i.GPIO_PinRemapConfig  stm32f10x_gpio.o
    0x08001eb4   0x08001eb4   0x00000004   Code   RO         1771    i.GPIO_SetBits      stm32f10x_gpio.o
    0x08001eb8   0x08001eb8   0x000000ac   Code   RO         3616    i.GPS_DMA_Init      gps.o
    0x08001f64   0x08001f64   0x00000010   Code   RO         3617    i.GPS_Init          gps.o
    0x08001f74   0x08001f74   0x0000004c   Code   RO          538    i.Get_Adc           adc.o
    0x08001fc0   0x08001fc0   0x00000004   Code   RO          164    i.HardFault_Handler  stm32f10x_it.o
    0x08001fc4   0x08001fc4   0x0000017c   Code   RO          342    i.I2C1_Soft_Mult_Read  iic.o
    0x08002140   0x08002140   0x000000d0   Code   RO          343    i.I2C1_Soft_Mult_Write  iic.o
    0x08002210   0x08002210   0x00000018   Code   RO          344    i.I2C1_Soft_Single_Read  iic.o
    0x08002228   0x08002228   0x00000014   Code   RO          345    i.I2C1_Soft_Single_Write  iic.o
    0x0800223c   0x0800223c   0x00000018   Code   RO         1872    i.I2C_AcknowledgeConfig  stm32f10x_i2c.o
    0x08002254   0x08002254   0x0000002a   Code   RO         1874    i.I2C_CheckEvent    stm32f10x_i2c.o
    0x0800227e   0x0800227e   0x00000018   Code   RO         1877    i.I2C_Cmd           stm32f10x_i2c.o
    0x08002296   0x08002296   0x00000002   PAD
    0x08002298   0x08002298   0x00000038   Code   RO         1880    i.I2C_DeInit        stm32f10x_i2c.o
    0x080022d0   0x080022d0   0x00000018   Code   RO         1884    i.I2C_GenerateSTART  stm32f10x_i2c.o
    0x080022e8   0x080022e8   0x00000018   Code   RO         1885    i.I2C_GenerateSTOP  stm32f10x_i2c.o
    0x08002300   0x08002300   0x000000ec   Code   RO         1891    i.I2C_Init          stm32f10x_i2c.o
    0x080023ec   0x080023ec   0x00000008   Code   RO         1896    i.I2C_ReceiveData   stm32f10x_i2c.o
    0x080023f4   0x080023f4   0x00000012   Code   RO         1898    i.I2C_Send7bitAddress  stm32f10x_i2c.o
    0x08002406   0x08002406   0x00000004   Code   RO         1899    i.I2C_SendData      stm32f10x_i2c.o
    0x0800240a   0x0800240a   0x00000002   PAD
    0x0800240c   0x0800240c   0x00000040   Code   RO         3843    i.LED_Init          led.o
    0x0800244c   0x0800244c   0x00000190   Code   RO         3579    i.MPU_Get_Raw_Data  mpu6050.o
    0x080025dc   0x080025dc   0x000000bc   Code   RO         3580    i.MPU_Init          mpu6050.o
    0x08002698   0x08002698   0x000002cc   Code   RO         3581    i.MPU_My_Calculate  mpu6050.o
    0x08002964   0x08002964   0x00000004   Code   RO          165    i.MemManage_Handler  stm32f10x_it.o
    0x08002968   0x08002968   0x00000002   Code   RO          166    i.NMI_Handler       stm32f10x_it.o
    0x0800296a   0x0800296a   0x00000002   PAD
    0x0800296c   0x0800296c   0x00000070   Code   RO          586    i.NVIC_Init         misc.o
    0x080029dc   0x080029dc   0x00000014   Code   RO          587    i.NVIC_PriorityGroupConfig  misc.o
    0x080029f0   0x080029f0   0x000001b8   Code   RO         3658    i.PWM_Init          serio.o
    0x08002ba8   0x08002ba8   0x0000029c   Code   RO         3659    i.PWM_Output        serio.o
    0x08002e44   0x08002e44   0x00000002   Code   RO          167    i.PendSV_Handler    stm32f10x_it.o
    0x08002e46   0x08002e46   0x00000002   PAD
    0x08002e48   0x08002e48   0x00000018   Code   RO         2177    i.RCC_ADCCLKConfig  stm32f10x_rcc.o
    0x08002e60   0x08002e60   0x00000020   Code   RO         2178    i.RCC_AHBPeriphClockCmd  stm32f10x_rcc.o
    0x08002e80   0x08002e80   0x00000020   Code   RO         2179    i.RCC_APB1PeriphClockCmd  stm32f10x_rcc.o
    0x08002ea0   0x08002ea0   0x00000020   Code   RO         2180    i.RCC_APB1PeriphResetCmd  stm32f10x_rcc.o
    0x08002ec0   0x08002ec0   0x00000020   Code   RO         2181    i.RCC_APB2PeriphClockCmd  stm32f10x_rcc.o
    0x08002ee0   0x08002ee0   0x00000020   Code   RO         2182    i.RCC_APB2PeriphResetCmd  stm32f10x_rcc.o
    0x08002f00   0x08002f00   0x000000d4   Code   RO         2189    i.RCC_GetClocksFreq  stm32f10x_rcc.o
    0x08002fd4   0x08002fd4   0x00000002   Code   RO          168    i.SVC_Handler       stm32f10x_it.o
    0x08002fd6   0x08002fd6   0x00000008   Code   RO          308    i.SetSysClock       system_stm32f10x.o
    0x08002fde   0x08002fde   0x00000002   PAD
    0x08002fe0   0x08002fe0   0x000000e0   Code   RO          309    i.SetSysClockTo72   system_stm32f10x.o
    0x080030c0   0x080030c0   0x00000090   Code   RO          347    i.Soft_IIC1_Init    iic.o
    0x08003150   0x08003150   0x00000028   Code   RO          590    i.SysTick_CLKSourceConfig  misc.o
    0x08003178   0x08003178   0x00000002   Code   RO          169    i.SysTick_Handler   stm32f10x_it.o
    0x0800317a   0x0800317a   0x00000002   PAD
    0x0800317c   0x0800317c   0x00000060   Code   RO          311    i.SystemInit        system_stm32f10x.o
    0x080031dc   0x080031dc   0x0000006c   Code   RO          455    i.TIM1_Int_Init     timer.o
    0x08003248   0x08003248   0x00000148   Code   RO            1    i.TIM1_UP_IRQHandler  main.o
    0x08003390   0x08003390   0x00000006   Code   RO         2807    i.TIM_ClearFlag     stm32f10x_tim.o
    0x08003396   0x08003396   0x00000006   Code   RO         2808    i.TIM_ClearITPendingBit  stm32f10x_tim.o
    0x0800339c   0x0800339c   0x00000018   Code   RO         2813    i.TIM_Cmd           stm32f10x_tim.o
    0x080033b4   0x080033b4   0x00000022   Code   RO         2834    i.TIM_GetITStatus   stm32f10x_tim.o
    0x080033d6   0x080033d6   0x00000012   Code   RO         2838    i.TIM_ITConfig      stm32f10x_tim.o
    0x080033e8   0x080033e8   0x00000098   Code   RO         2842    i.TIM_OC1Init       stm32f10x_tim.o
    0x08003480   0x08003480   0x00000012   Code   RO         2845    i.TIM_OC1PreloadConfig  stm32f10x_tim.o
    0x08003492   0x08003492   0x00000002   PAD
    0x08003494   0x08003494   0x000000a4   Code   RO         2847    i.TIM_OC2Init       stm32f10x_tim.o
    0x08003538   0x08003538   0x0000001a   Code   RO         2850    i.TIM_OC2PreloadConfig  stm32f10x_tim.o
    0x08003552   0x08003552   0x00000002   PAD
    0x08003554   0x08003554   0x000000a0   Code   RO         2852    i.TIM_OC3Init       stm32f10x_tim.o
    0x080035f4   0x080035f4   0x00000012   Code   RO         2855    i.TIM_OC3PreloadConfig  stm32f10x_tim.o
    0x08003606   0x08003606   0x00000002   PAD
    0x08003608   0x08003608   0x0000007c   Code   RO         2857    i.TIM_OC4Init       stm32f10x_tim.o
    0x08003684   0x08003684   0x0000001a   Code   RO         2859    i.TIM_OC4PreloadConfig  stm32f10x_tim.o
    0x0800369e   0x0800369e   0x00000004   Code   RO         2874    i.TIM_SetCompare1   stm32f10x_tim.o
    0x080036a2   0x080036a2   0x00000004   Code   RO         2875    i.TIM_SetCompare2   stm32f10x_tim.o
    0x080036a6   0x080036a6   0x00000004   Code   RO         2876    i.TIM_SetCompare3   stm32f10x_tim.o
    0x080036aa   0x080036aa   0x00000006   Code   RO         2877    i.TIM_SetCompare4   stm32f10x_tim.o
    0x080036b0   0x080036b0   0x000000a4   Code   RO         2884    i.TIM_TimeBaseInit  stm32f10x_tim.o
    0x08003754   0x08003754   0x0000008c   Code   RO          439    i.UART_GPS_Init     usart.o
    0x080037e0   0x080037e0   0x0000001c   Code   RO         3787    i.USART1_IRQHandler  24g.o
    0x080037fc   0x080037fc   0x00000548   Code   RO         3618    i.USART3_IRQHandler  gps.o
    0x08003d44   0x08003d44   0x00000018   Code   RO         3349    i.USART_Cmd         stm32f10x_usart.o
    0x08003d5c   0x08003d5c   0x00000012   Code   RO         3350    i.USART_DMACmd      stm32f10x_usart.o
    0x08003d6e   0x08003d6e   0x0000004a   Code   RO         3355    i.USART_ITConfig    stm32f10x_usart.o
    0x08003db8   0x08003db8   0x000000d8   Code   RO         3356    i.USART_Init        stm32f10x_usart.o
    0x08003e90   0x08003e90   0x00000004   Code   RO          170    i.UsageFault_Handler  stm32f10x_it.o
    0x08003e94   0x08003e94   0x00000108   Code   RO         3788    i.Wireless_DMA_Init  24g.o
    0x08003f9c   0x08003f9c   0x0000001c   Code   RO         3789    i.Wireless_Init     24g.o
    0x08003fb8   0x08003fb8   0x00000144   Code   RO         3790    i.Wireless_Send_Data  24g.o
    0x080040fc   0x080040fc   0x000000ac   Code   RO         3791    i.Wireless_UART_Init  24g.o
    0x080041a8   0x080041a8   0x00000028   Code   RO         4055    i.__ARM_fpclassify  m_ws.l(fpclassify.o)
    0x080041d0   0x080041d0   0x00000388   Code   RO         4011    i.__ieee754_rem_pio2  m_ws.l(rred.o)
    0x08004558   0x08004558   0x000000fc   Code   RO         3992    i.__kernel_cos      m_ws.l(cos_i.o)
    0x08004654   0x08004654   0x000000aa   Code   RO         4009    i.__kernel_poly     m_ws.l(poly.o)
    0x080046fe   0x080046fe   0x00000002   PAD
    0x08004700   0x08004700   0x000000ec   Code   RO         4016    i.__kernel_sin      m_ws.l(sin_i.o)
    0x080047ec   0x080047ec   0x00000006   Code   RO         3996    i.__mathlib_dbl_infnan  m_ws.l(dunder.o)
    0x080047f2   0x080047f2   0x0000000c   Code   RO         3998    i.__mathlib_dbl_invalid  m_ws.l(dunder.o)
    0x080047fe   0x080047fe   0x0000000e   Code   RO         3999    i.__mathlib_dbl_overflow  m_ws.l(dunder.o)
    0x0800480c   0x0800480c   0x00000010   Code   RO         4001    i.__mathlib_dbl_underflow  m_ws.l(dunder.o)
    0x0800481c   0x0800481c   0x00000010   Code   RO         4175    i.__mathlib_narrow  m_ws.l(narrow.o)
    0x0800482c   0x0800482c   0x000000bc   Code   RO         4176    i.__mathlib_tofloat  m_ws.l(narrow.o)
    0x080048e8   0x080048e8   0x00000016   Code   RO         4218    i.__support_ldexp   m_ws.l(ldexp.o)
    0x080048fe   0x080048fe   0x0000000e   Code   RO         4068    i._is_digit         c_w.l(scanf_fp.o)
    0x0800490c   0x0800490c   0x0000027c   Code   RO         3922    i.acos              m_ws.l(acos.o)
    0x08004b88   0x08004b88   0x0000002a   Code   RO         3932    i.atof              m_ws.l(atof.o)
    0x08004bb2   0x08004bb2   0x00000002   PAD
    0x08004bb4   0x08004bb4   0x0000009c   Code   RO         3936    i.cos               m_ws.l(cos.o)
    0x08004c50   0x08004c50   0x00000044   Code   RO          413    i.delay_init        delay.o
    0x08004c94   0x08004c94   0x0000004c   Code   RO          414    i.delay_ms          delay.o
    0x08004ce0   0x08004ce0   0x00000184   Code   RO          469    i.fast_atan2        my_math.o
    0x08004e64   0x08004e64   0x00000058   Code   RO         4199    i.frexp             m_ws.l(frexp.o)
    0x08004ebc   0x08004ebc   0x00000074   Code   RO         4219    i.ldexp             m_ws.l(ldexp.o)
    0x08004f30   0x08004f30   0x00000080   Code   RO            2    i.main              main.o
    0x08004fb0   0x08004fb0   0x000000a0   Code   RO         3944    i.sin               m_ws.l(sin.o)
    0x08005050   0x08005050   0x0000004c   Code   RO         3952    i.sqrt              m_ws.l(sqrt.o)
    0x0800509c   0x0800509c   0x0000002c   Code   RO         4049    locale$$code        c_w.l(lc_numeric_c.o)
    0x080050c8   0x080050c8   0x0000002c   Code   RO         4071    locale$$code        c_w.l(lc_ctype_c.o)
    0x080050f4   0x080050f4   0x00000062   Code   RO         3863    x$fpl$d2f           fz_ws.l(d2f.o)
    0x08005156   0x08005156   0x00000002   PAD
    0x08005158   0x08005158   0x00000150   Code   RO         3865    x$fpl$dadd          fz_ws.l(daddsub_clz.o)
    0x080052a8   0x080052a8   0x00000010   Code   RO         4051    x$fpl$dcheck1       fz_ws.l(dcheck1.o)
    0x080052b8   0x080052b8   0x00000018   Code   RO         3971    x$fpl$dcmpinf       fz_ws.l(dcmpi.o)
    0x080052d0   0x080052d0   0x000002b0   Code   RO         3974    x$fpl$ddiv          fz_ws.l(ddiv.o)
    0x08005580   0x08005580   0x00000078   Code   RO         4196    x$fpl$deqf          fz_ws.l(deqf.o)
    0x080055f8   0x080055f8   0x0000005e   Code   RO         3871    x$fpl$dfix          fz_ws.l(dfix.o)
    0x08005656   0x08005656   0x00000002   PAD
    0x08005658   0x08005658   0x0000005a   Code   RO         3875    x$fpl$dfixu         fz_ws.l(dfixu.o)
    0x080056b2   0x080056b2   0x0000002e   Code   RO         3880    x$fpl$dflt          fz_ws.l(dflt_clz.o)
    0x080056e0   0x080056e0   0x00000026   Code   RO         3879    x$fpl$dfltu         fz_ws.l(dflt_clz.o)
    0x08005706   0x08005706   0x00000002   PAD
    0x08005708   0x08005708   0x00000078   Code   RO         3885    x$fpl$dleqf         fz_ws.l(dleqf.o)
    0x08005780   0x08005780   0x00000154   Code   RO         3887    x$fpl$dmul          fz_ws.l(dmul.o)
    0x080058d4   0x080058d4   0x0000009c   Code   RO         3977    x$fpl$dnaninf       fz_ws.l(dnaninf.o)
    0x08005970   0x08005970   0x0000000c   Code   RO         3979    x$fpl$dretinf       fz_ws.l(dretinf.o)
    0x0800597c   0x0800597c   0x0000006c   Code   RO         3889    x$fpl$drleqf        fz_ws.l(drleqf.o)
    0x080059e8   0x080059e8   0x00000016   Code   RO         3866    x$fpl$drsb          fz_ws.l(daddsub_clz.o)
    0x080059fe   0x080059fe   0x00000002   PAD
    0x08005a00   0x08005a00   0x000001cc   Code   RO         3981    x$fpl$dsqrt         fz_ws.l(dsqrt_noumaal.o)
    0x08005bcc   0x08005bcc   0x000001d4   Code   RO         3867    x$fpl$dsub          fz_ws.l(daddsub_clz.o)
    0x08005da0   0x08005da0   0x00000056   Code   RO         3891    x$fpl$f2d           fz_ws.l(f2d.o)
    0x08005df6   0x08005df6   0x00000002   PAD
    0x08005df8   0x08005df8   0x000000c4   Code   RO         3893    x$fpl$fadd          fz_ws.l(faddsub_clz.o)
    0x08005ebc   0x08005ebc   0x00000018   Code   RO         3983    x$fpl$fcmpinf       fz_ws.l(fcmpi.o)
    0x08005ed4   0x08005ed4   0x00000184   Code   RO         3900    x$fpl$fdiv          fz_ws.l(fdiv.o)
    0x08006058   0x08006058   0x00000068   Code   RO         3903    x$fpl$feqf          fz_ws.l(feqf.o)
    0x080060c0   0x080060c0   0x00000036   Code   RO         3905    x$fpl$ffix          fz_ws.l(ffix.o)
    0x080060f6   0x080060f6   0x00000002   PAD
    0x080060f8   0x080060f8   0x00000030   Code   RO         3910    x$fpl$fflt          fz_ws.l(fflt_clz.o)
    0x08006128   0x08006128   0x00000068   Code   RO         3915    x$fpl$fleqf         fz_ws.l(fleqf.o)
    0x08006190   0x08006190   0x00000102   Code   RO         3917    x$fpl$fmul          fz_ws.l(fmul.o)
    0x08006292   0x08006292   0x0000008c   Code   RO         3985    x$fpl$fnaninf       fz_ws.l(fnaninf.o)
    0x0800631e   0x0800631e   0x0000000a   Code   RO         3987    x$fpl$fretinf       fz_ws.l(fretinf.o)
    0x08006328   0x08006328   0x00000062   Code   RO         3919    x$fpl$frleqf        fz_ws.l(frleqf.o)
    0x0800638a   0x0800638a   0x00000014   Code   RO         3894    x$fpl$frsb          fz_ws.l(faddsub_clz.o)
    0x0800639e   0x0800639e   0x00000002   PAD
    0x080063a0   0x080063a0   0x000000ea   Code   RO         3895    x$fpl$fsub          fz_ws.l(faddsub_clz.o)
    0x0800648a   0x0800648a   0x00000006   Code   RO         4165    x$fpl$ieeestatus    fz_ws.l(istatus.o)
    0x08006490   0x08006490   0x00000064   Code   RO         4128    x$fpl$retnan        fz_ws.l(retnan.o)
    0x080064f4   0x080064f4   0x0000005c   Code   RO         3989    x$fpl$scalbn        fz_ws.l(scalbn.o)
    0x08006550   0x08006550   0x00000004   Code   RO         4053    x$fpl$scanf1        fz_ws.l(scanf1.o)
    0x08006554   0x08006554   0x00000008   Code   RO         4167    x$fpl$scanf2        fz_ws.l(scanf2.o)
    0x0800655c   0x0800655c   0x00000030   Code   RO         4173    x$fpl$trapveneer    fz_ws.l(trapv.o)
    0x0800658c   0x0800658c   0x00000000   Code   RO         3991    x$fpl$usenofp       fz_ws.l(usenofp.o)
    0x0800658c   0x0800658c   0x00000004   PAD
    0x08006590   0x08006590   0x00000050   Data   RO         3923    .constdata          m_ws.l(acos.o)
    0x080065e0   0x080065e0   0x00000030   Data   RO         3993    .constdata          m_ws.l(cos_i.o)
    0x08006610   0x08006610   0x000000c8   Data   RO         4013    .constdata          m_ws.l(rred.o)
    0x080066d8   0x080066d8   0x00000028   Data   RO         4017    .constdata          m_ws.l(sin_i.o)
    0x08006700   0x08006700   0x00000094   Data   RO         4133    .constdata          c_w.l(bigflt0.o)
    0x08006794   0x08006794   0x00000020   Data   RO         4279    Region$$Table       anon$$obj.o
    0x080067b4   0x080067b4   0x00000008   Data   RO         4159    c$$dinf             fz_ws.l(fpconst.o)
    0x080067bc   0x080067bc   0x00000008   Data   RO         4162    c$$dmax             fz_ws.l(fpconst.o)
    0x080067c4   0x080067c4   0x0000001c   Data   RO         4048    locale$$data        c_w.l(lc_numeric_c.o)
    0x080067e0   0x080067e0   0x00000110   Data   RO         4070    locale$$data        c_w.l(lc_ctype_c.o)


    Execution Region ER_RW (Exec base: 0x20000000, Load base: 0x080068f0, Size: 0x00000450, Max: 0xffffffff, ABSOLUTE, COMPRESSED[0x00000430])

    Exec Addr    Load Addr    Size         Type   Attr      Idx    E Section Name        Object

    0x20000000   COMPRESSED   0x00000001   Data   RW            3    .data               main.o
    0x20000001   COMPRESSED   0x00000003   PAD
    0x20000004   COMPRESSED   0x00000014   Data   RW          312    .data               system_stm32f10x.o
    0x20000018   COMPRESSED   0x00000004   Data   RW          416    .data               delay.o
    0x2000001c   COMPRESSED   0x00000404   Data   RW          477    .data               my_math.o
    0x20000420   COMPRESSED   0x00000014   Data   RW         2209    .data               stm32f10x_rcc.o
    0x20000434   COMPRESSED   0x00000004   PAD
    0x20000438   COMPRESSED   0x00000010   Data   RW         3584    .data               mpu6050.o
    0x20000448   COMPRESSED   0x00000004   Data   RW         3620    .data               gps.o
    0x2000044c   COMPRESSED   0x00000003   Data   RW         3793    .data               24g.o


    Execution Region ER_ZI (Exec base: 0x20000450, Load base: 0x08006d20, Size: 0x000008b8, Max: 0xffffffff, ABSOLUTE)

    Exec Addr    Load Addr    Size         Type   Attr      Idx    E Section Name        Object

    0x20000450        -       0x00000038   Zero   RW          539    .bss                adc.o
    0x20000488        -       0x00000098   Zero   RW         3583    .bss                mpu6050.o
    0x20000520        -       0x00000140   Zero   RW         3619    .bss                gps.o
    0x20000660        -       0x0000001e   Zero   RW         3660    .bss                serio.o
    0x2000067e        -       0x00000026   Zero   RW         3792    .bss                24g.o
    0x200006a4        -       0x00000060   Zero   RW         4023    .bss                c_w.l(libspace.o)
    0x20000704   0x08006d20   0x00000004   PAD
    0x20000708        -       0x00000200   Zero   RW          580    HEAP                startup_stm32f10x_hd.o
    0x20000908        -       0x00000400   Zero   RW          579    STACK               startup_stm32f10x_hd.o


==============================================================================

Image component sizes


      Code (inc. data)   RO Data    RW Data    ZI Data      Debug   Object Name

       924         84          0          3         38       4442   24g.o
       380         32          0          0         56       2572   adc.o
         0          0          0          0          0         32   core_cm3.o
       144         22          0          4          0       1112   delay.o
      1540         80          0          4        320       3427   gps.o
       776         40          0          0          0     216515   iic.o
        64          4          0          0          0        463   led.o
       456         50          0          1          0     275089   main.o
       172         22          0          0          0     214329   misc.o
      1304         94          0         16        152       4773   mpu6050.o
       388         20          0       1028          0       1639   my_math.o
      1108         72          0          0         30       1961   serio.o
        64         26        304          0       1536        784   startup_stm32f10x_hd.o
       482         24          0          0          0       7718   stm32f10x_adc.o
       462         18          0          0          0       4377   stm32f10x_dma.o
       426          6          0          0          0       3241   stm32f10x_gpio.o
       460         20          0          0          0       7297   stm32f10x_i2c.o
        26          0          0          0          0      64686   stm32f10x_it.o
       396         56          0         20          0       6491   stm32f10x_rcc.o
       958         92          0          0          0      11002   stm32f10x_tim.o
       332          6          0          0          0       4161   stm32f10x_usart.o
       328         28          0         20          0       1977   system_stm32f10x.o
       108          4          0          0          0        636   timer.o
       140         10          0          0          0        668   usart.o

    ----------------------------------------------------------------------
     11460        810        336       1104       2132     839392   Object Totals
         0          0         32          0          0          0   (incl. Generated)
        22          0          0          8          0          0   (incl. Padding)

    ----------------------------------------------------------------------

      Code (inc. data)   RO Data    RW Data    ZI Data      Debug   Library Member Name

       100          0          0          0          0          0   __dclz77c.o
         8          0          0          0          0         68   __main.o
         0          0          0          0          0          0   __rtentry.o
        12          0          0          0          0          0   __rtentry2.o
         6          0          0          0          0          0   __rtentry4.o
        52          8          0          0          0          0   __scatter.o
        28          0          0          0          0          0   __scatter_zi.o
        28          0          0          0          0         68   _chval.o
        22          0          0          0          0        100   _rserrno.o
        64          0          0          0          0         84   _sgetc.o
       158          0          0          0          0         92   _strtoul.o
        26          0          0          0          0         80   atoi.o
       228          4        148          0          0         96   bigflt0.o
      1924        136          0          0          0        756   btod.o
        18          0          0          0          0         80   exit.o
         6          0          0          0          0        152   heapauxi.o
         0          0          0          0          0          0   indicate_semi.o
        18          0          0          0          0         76   isspace.o
        44         10        272          0          0         76   lc_ctype_c.o
        44         10         28          0          0         76   lc_numeric_c.o
         2          0          0          0          0          0   libinit.o
        30          0          0          0          0          0   libinit2.o
         2          0          0          0          0          0   libshutdown.o
         2          0          0          0          0          0   libshutdown2.o
         8          4          0          0         96         68   libspace.o
        38          0          0          0          0         68   llshl.o
        16          4          0          0          0         76   rt_ctype_table.o
         8          4          0          0          0         68   rt_errno_addr_intlibspace.o
         8          4          0          0          0         68   rt_locale_intlibspace.o
         2          0          0          0          0          0   rtexit.o
        10          0          0          0          0          0   rtexit2.o
      1286         16          0          0          0        236   scanf_fp.o
       800         14          0          0          0        100   scanf_hexfp.o
       308         16          0          0          0        100   scanf_infnan.o
       128          0          0          0          0         68   strcmpv7m.o
       164         14          0          0          0        120   strtod.o
       112          0          0          0          0         88   strtol.o
        12          4          0          0          0         68   sys_exit.o
        74          0          0          0          0         80   sys_stackheap_outer.o
         2          0          0          0          0         68   use_no_semi.o
        98          4          0          0          0         92   d2f.o
       826         16          0          0          0        348   daddsub_clz.o
        16          4          0          0          0         68   dcheck1.o
        24          0          0          0          0         68   dcmpi.o
       688        140          0          0          0        208   ddiv.o
       120          4          0          0          0         92   deqf.o
        94          4          0          0          0         92   dfix.o
        90          4          0          0          0         92   dfixu.o
        84          0          0          0          0        136   dflt_clz.o
       120          4          0          0          0         92   dleqf.o
       340         12          0          0          0        104   dmul.o
       156          4          0          0          0         92   dnaninf.o
        12          0          0          0          0         68   dretinf.o
       108          0          0          0          0         80   drleqf.o
       460         56          0          0          0        120   dsqrt_noumaal.o
        86          4          0          0          0         84   f2d.o
       450          8          0          0          0        236   faddsub_clz.o
        24          0          0          0          0         68   fcmpi.o
       388         76          0          0          0         96   fdiv.o
       104          4          0          0          0         84   feqf.o
        54          4          0          0          0         84   ffix.o
        48          0          0          0          0         68   fflt_clz.o
       104          4          0          0          0         84   fleqf.o
       258          4          0          0          0         84   fmul.o
       140          4          0          0          0         84   fnaninf.o
         0          0         16          0          0          0   fpconst.o
        10          0          0          0          0         68   fretinf.o
        98          0          0          0          0         68   frleqf.o
         6          0          0          0          0         68   istatus.o
       100          0          0          0          0         68   retnan.o
        92          0          0          0          0         68   scalbn.o
         4          0          0          0          0         68   scanf1.o
         8          0          0          0          0         84   scanf2.o
        48          0          0          0          0         68   trapv.o
         0          0          0          0          0          0   usenofp.o
       636         62         80          0          0        188   acos.o
        42          0          0          0          0         84   atof.o
       156          8          0          0          0        104   cos.o
       252         22         48          0          0        124   cos_i.o
        48          6          0          0          0        272   dunder.o
        40          0          0          0          0         68   fpclassify.o
        88          8          0          0          0         76   frexp.o
       138          0          0          0          0        160   ldexp.o
       204          4          0          0          0        168   narrow.o
       170          0          0          0          0         96   poly.o
       904         76        200          0          0        140   rred.o
       160         10          0          0          0        108   sin.o
       236         12         40          0          0        128   sin_i.o
        76          0          0          0          0         84   sqrt.o

    ----------------------------------------------------------------------
     14236        816        832          0        100       8164   Library Totals
        30          0          0          0          4          0   (incl. Padding)

    ----------------------------------------------------------------------

      Code (inc. data)   RO Data    RW Data    ZI Data      Debug   Library Name

      5798        248        448          0         96       3080   c_w.l
      5258        360         16          0          0       3284   fz_ws.l
      3150        208        368          0          0       1800   m_ws.l

    ----------------------------------------------------------------------
     14236        816        832          0        100       8164   Library Totals

    ----------------------------------------------------------------------

==============================================================================


      Code (inc. data)   RO Data    RW Data    ZI Data      Debug   

     25696       1626       1168       1104       2232     837880   Grand Totals
     25696       1626       1168       1072       2232     837880   ELF Image Totals (compressed)
     25696       1626       1168       1072          0          0   ROM Totals

==============================================================================

    Total RO  Size (Code + RO Data)                26864 (  26.23kB)
    Total RW  Size (RW Data + ZI Data)              3336 (   3.26kB)
    Total ROM Size (Code + RO Data + RW Data)      27936 (  27.28kB)

==============================================================================

