Component: ARM Compiler 5.06 update 6 (build 750) Tool: armlink [4d35ed]

==============================================================================

Section Cross References

    main.o(i.TIM1_UP_IRQHandler) refers to serio.o(i.PWM_Output) for PWM_Output
    main.o(i.TIM1_UP_IRQHandler) refers to 24g.o(i.Wireless_Send_Data) for Wireless_Send_Data
    main.o(i.TIM1_UP_IRQHandler) refers to 24g.o(i.OLED_Receive_Refresh) for OLED_Receive_Refresh
    main.o(i.TIM1_UP_IRQHandler) refers to stm32f10x_tim.o(i.TIM_GetITStatus) for TIM_GetITStatus
    main.o(i.TIM1_UP_IRQHandler) refers to stm32f10x_tim.o(i.TIM_ClearITPendingBit) for TIM_ClearITPendingBit
    main.o(i.TIM1_UP_IRQHandler) refers to 24g.o(.data) for uart_time_cnt
    main.o(i.TIM1_UP_IRQHandler) refers to main.o(.data) for cnt
    main.o(i.main) refers to misc.o(i.NVIC_PriorityGroupConfig) for NVIC_PriorityGroupConfig
    main.o(i.main) refers to delay.o(i.delay_init) for delay_init
    main.o(i.main) refers to led.o(i.LED_Init) for LED_Init
    main.o(i.main) refers to iic.o(i.Soft_IIC1_Init) for Soft_IIC1_Init
    main.o(i.main) refers to serio.o(i.PWM_Init) for PWM_Init
    main.o(i.main) refers to adc.o(i.Adc_Init) for Adc_Init
    main.o(i.main) refers to adc.o(i.ADC_DMA_Init) for ADC_DMA_Init
    main.o(i.main) refers to 24g.o(i.Wireless_Init) for Wireless_Init
    main.o(i.main) refers to timer.o(i.TIM1_Int_Init) for TIM1_Int_Init
    main.o(i.main) refers to delay.o(i.delay_ms) for delay_ms
    main.o(i.main) refers to mpu6050.o(i.MPU_Init) for MPU_Init
    main.o(i.main) refers to 091oled.o(i.OLED_Init) for OLED_Init
    main.o(i.main) refers to main.o(.data) for CPU_Free_Time
    system_stm32f10x.o(i.SetSysClock) refers to system_stm32f10x.o(i.SetSysClockTo72) for SetSysClockTo72
    system_stm32f10x.o(i.SystemCoreClockUpdate) refers to system_stm32f10x.o(.data) for SystemCoreClock
    system_stm32f10x.o(i.SystemInit) refers to system_stm32f10x.o(i.SetSysClock) for SetSysClock
    iic.o(i.I2C1_Soft_Mult_Read) refers to stm32f10x_i2c.o(i.I2C_GenerateSTART) for I2C_GenerateSTART
    iic.o(i.I2C1_Soft_Mult_Read) refers to stm32f10x_i2c.o(i.I2C_CheckEvent) for I2C_CheckEvent
    iic.o(i.I2C1_Soft_Mult_Read) refers to stm32f10x_i2c.o(i.I2C_Send7bitAddress) for I2C_Send7bitAddress
    iic.o(i.I2C1_Soft_Mult_Read) refers to stm32f10x_i2c.o(i.I2C_SendData) for I2C_SendData
    iic.o(i.I2C1_Soft_Mult_Read) refers to stm32f10x_i2c.o(i.I2C_AcknowledgeConfig) for I2C_AcknowledgeConfig
    iic.o(i.I2C1_Soft_Mult_Read) refers to stm32f10x_i2c.o(i.I2C_ReceiveData) for I2C_ReceiveData
    iic.o(i.I2C1_Soft_Mult_Read) refers to stm32f10x_i2c.o(i.I2C_GenerateSTOP) for I2C_GenerateSTOP
    iic.o(i.I2C1_Soft_Mult_Write) refers to stm32f10x_i2c.o(i.I2C_GenerateSTART) for I2C_GenerateSTART
    iic.o(i.I2C1_Soft_Mult_Write) refers to stm32f10x_i2c.o(i.I2C_CheckEvent) for I2C_CheckEvent
    iic.o(i.I2C1_Soft_Mult_Write) refers to stm32f10x_i2c.o(i.I2C_Send7bitAddress) for I2C_Send7bitAddress
    iic.o(i.I2C1_Soft_Mult_Write) refers to stm32f10x_i2c.o(i.I2C_SendData) for I2C_SendData
    iic.o(i.I2C1_Soft_Mult_Write) refers to stm32f10x_i2c.o(i.I2C_GenerateSTOP) for I2C_GenerateSTOP
    iic.o(i.I2C1_Soft_Single_Read) refers to iic.o(i.I2C1_Soft_Mult_Read) for I2C1_Soft_Mult_Read
    iic.o(i.I2C1_Soft_Single_Write) refers to iic.o(i.I2C1_Soft_Mult_Write) for I2C1_Soft_Mult_Write
    iic.o(i.IIC2_DMA_Init) refers to misc.o(i.NVIC_Init) for NVIC_Init
    iic.o(i.IIC2_DMA_Init) refers to stm32f10x_rcc.o(i.RCC_AHBPeriphClockCmd) for RCC_AHBPeriphClockCmd
    iic.o(i.IIC2_DMA_Init) refers to stm32f10x_dma.o(i.DMA_DeInit) for DMA_DeInit
    iic.o(i.IIC2_DMA_Init) refers to stm32f10x_dma.o(i.DMA_Init) for DMA_Init
    iic.o(i.IIC2_DMA_Init) refers to stm32f10x_i2c.o(i.I2C_DMACmd) for I2C_DMACmd
    iic.o(i.IIC2_DMA_Init) refers to iic.o(.bss) for I2C_TX_BUF
    iic.o(i.Soft_IIC1_Init) refers to stm32f10x_rcc.o(i.RCC_APB2PeriphClockCmd) for RCC_APB2PeriphClockCmd
    iic.o(i.Soft_IIC1_Init) refers to stm32f10x_rcc.o(i.RCC_APB1PeriphClockCmd) for RCC_APB1PeriphClockCmd
    iic.o(i.Soft_IIC1_Init) refers to stm32f10x_gpio.o(i.GPIO_PinRemapConfig) for GPIO_PinRemapConfig
    iic.o(i.Soft_IIC1_Init) refers to stm32f10x_gpio.o(i.GPIO_Init) for GPIO_Init
    iic.o(i.Soft_IIC1_Init) refers to stm32f10x_i2c.o(i.I2C_DeInit) for I2C_DeInit
    iic.o(i.Soft_IIC1_Init) refers to stm32f10x_i2c.o(i.I2C_Init) for I2C_Init
    iic.o(i.Soft_IIC1_Init) refers to stm32f10x_i2c.o(i.I2C_Cmd) for I2C_Cmd
    iic.o(i.Soft_IIC1_Init) refers to stm32f10x_i2c.o(i.I2C_GenerateSTOP) for I2C_GenerateSTOP
    iic.o(i.Soft_IIC1_Init) refers to stm32f10x_i2c.o(i.I2C_GenerateSTART) for I2C_GenerateSTART
    delay.o(i.delay_init) refers to misc.o(i.SysTick_CLKSourceConfig) for SysTick_CLKSourceConfig
    delay.o(i.delay_init) refers to system_stm32f10x.o(.data) for SystemCoreClock
    delay.o(i.delay_init) refers to delay.o(.data) for fac_us
[...]
    ../clib/libinit.s                        0x00000000   Number         0  libshutdown.o ABSOLUTE
    ../clib/libinit.s                        0x00000000   Number         0  libinit.o ABSOLUTE
    ../clib/libinit.s                        0x00000000   Number         0  libshutdown2.o ABSOLUTE
    ../clib/memcpset.s                       0x00000000   Number         0  rt_memcpy_w.o ABSOLUTE
    ../clib/memcpset.s                       0x00000000   Number         0  rt_memcpy_v6.o ABSOLUTE
    ../clib/signal.c                         0x00000000   Number         0  defsig_rtmem_inner.o ABSOLUTE
    ../clib/signal.c                         0x00000000   Number         0  __raise.o ABSOLUTE
    ../clib/signal.c                         0x00000000   Number         0  defsig_general.o ABSOLUTE
    ../clib/signal.c                         0x00000000   Number         0  defsig_abrt_inner.o ABSOLUTE
    ../clib/signal.c                         0x00000000   Number         0  defsig_fpe_inner.o ABSOLUTE
    ../clib/signal.c                         0x00000000   Number         0  defsig_rtred_inner.o ABSOLUTE
    ../clib/signal.c                         0x00000000   Number         0  defsig_stak_inner.o ABSOLUTE
    ../clib/signal.c                         0x00000000   Number         0  defsig_pvfn_inner.o ABSOLUTE
    ../clib/signal.c                         0x00000000   Number         0  defsig_cppl_inner.o ABSOLUTE
    ../clib/signal.c                         0x00000000   Number         0  defsig_segv_inner.o ABSOLUTE
    ../clib/signal.c                         0x00000000   Number         0  defsig_other.o ABSOLUTE
    ../clib/signal.c                         0x00000000   Number         0  defsig_exit.o ABSOLUTE
    ../clib/signal.c                         0x00000000   Number         0  defsig_rtmem_outer.o ABSOLUTE
    ../clib/signal.c                         0x00000000   Number         0  defsig_rtmem_formal.o ABSOLUTE
    ../clib/signal.s                         0x00000000   Number         0  defsig.o ABSOLUTE
    ../clib/stdlib.c                         0x00000000   Number         0  exit.o ABSOLUTE
    ../fplib/d2f.s                           0x00000000   Number         0  d2f.o ABSOLUTE
    ../fplib/daddsub.s                       0x00000000   Number         0  daddsub_clz.o ABSOLUTE
    ../fplib/dcmpi.s                         0x00000000   Number         0  dcmpi.o ABSOLUTE
    ../fplib/dfix.s                          0x00000000   Number         0  dfix.o ABSOLUTE
    ../fplib/dflt.s                          0x00000000   Number         0  dflt_clz.o ABSOLUTE
    ../fplib/dleqf.s                         0x00000000   Number         0  dleqf.o ABSOLUTE
    ../fplib/dmul.s                          0x00000000   Number         0  dmul.o ABSOLUTE
    ../fplib/dnaninf.s                       0x00000000   Number         0  dnaninf.o ABSOLUTE
    ../fplib/dretinf.s                       0x00000000   Number         0  dretinf.o ABSOLUTE
    ../fplib/drleqf.s                        0x00000000   Number         0  drleqf.o ABSOLUTE
    ../fplib/dsqrt.s                         0x00000000   Number         0  dsqrt_noumaal.o ABSOLUTE
    ../fplib/f2d.s                           0x00000000   Number         0  f2d.o ABSOLUTE
    ../fplib/faddsub.s                       0x00000000   Number         0  faddsub_clz.o ABSOLUTE
    ../fplib/fcmpi.s                         0x00000000   Number         0  fcmpi.o ABSOLUTE
    ../fplib/fdiv.s                          0x00000000   Number         0  fdiv.o ABSOLUTE
    ../fplib/feqf.s                          0x00000000   Number         0  feqf.o ABSOLUTE
    ../fplib/ffix.s                          0x00000000   Number         0  ffix.o ABSOLUTE
    ../fplib/fflt.s                          0x00000000   Number         0  fflt_clz.o ABSOLUTE
    ../fplib/fleqf.s                         0x00000000   Number         0  fleqf.o ABSOLUTE
    ../fplib/fmul.s                          0x00000000   Number         0  fmul.o ABSOLUTE
    ../fplib/fnaninf.s                       0x00000000   Number         0  fnaninf.o ABSOLUTE
    ../fplib/fpinit.s                        0x00000000   Number         0  fpinit.o ABSOLUTE
    ../fplib/fretinf.s                       0x00000000   Number         0  fretinf.o ABSOLUTE
    ../fplib/frleqf.s                        0x00000000   Number         0  frleqf.o ABSOLUTE
    ../fplib/usenofp.s                       0x00000000   Number         0  usenofp.o ABSOLUTE
    ../mathlib/sqrt.c                        0x00000000   Number         0  sqrt.o ABSOLUTE
    ../mathlib/sqrt.c                        0x00000000   Number         0  sqrt_x.o ABSOLUTE
    ..\CORE\core_cm3.c                       0x00000000   Number         0  core_cm3.o ABSOLUTE
    ..\CORE\startup_stm32f10x_hd.s           0x00000000   Number         0  startup_stm32f10x_hd.o ABSOLUTE
    ..\HARDWARE\091OLED.c                    0x00000000   Number         0  091oled.o ABSOLUTE
    ..\HARDWARE\24G.c                        0x00000000   Number         0  24g.o ABSOLUTE
    ..\HARDWARE\MPU6050.c                    0x00000000   Number         0  mpu6050.o ABSOLUTE
    ..\HARDWARE\led.c                        0x00000000   Number         0  led.o ABSOLUTE
    ..\HARDWARE\serio.c                      0x00000000   Number         0  serio.o ABSOLUTE
    ..\STM32F10x_FWLib\src\misc.c            0x00000000   Number         0  misc.o ABSOLUTE
    ..\STM32F10x_FWLib\src\stm32f10x_adc.c   0x00000000   Number         0  stm32f10x_adc.o ABSOLUTE
    ..\STM32F10x_FWLib\src\stm32f10x_bkp.c   0x00000000   Number         0  stm32f10x_bkp.o ABSOLUTE
    ..\STM32F10x_FWLib\src\stm32f10x_can.c   0x00000000   Number         0  stm32f10x_can.o ABSOLUTE
    ..\STM32F10x_FWLib\src\stm32f10x_cec.c   0x00000000   Number         0  stm32f10x_cec.o ABSOLUTE
    ..\STM32F10x_FWLib\src\stm32f10x_crc.c   0x00000000   Number         0  stm32f10x_crc.o ABSOLUTE
    ..\STM32F10x_FWLib\src\stm32f10x_dac.c   0x00000000   Number         0  stm32f10x_dac.o ABSOLUTE
    ..\STM32F10x_FWLib\src\stm32f10x_dbgmcu.c 0x00000000   Number         0  stm32f10x_dbgmcu.o ABSOLUTE
    ..\STM32F10x_FWLib\src\stm32f10x_dma.c   0x00000000   Number         0  stm32f10x_dma.o ABSOLUTE
    ..\STM32F10x_FWLib\src\stm32f10x_exti.c  0x00000000   Number         0  stm32f10x_exti.o ABSOLUTE
    ..\STM32F10x_FWLib\src\stm32f10x_flash.c 0x00000000   Number         0  stm32f10x_flash.o ABSOLUTE
    ..\STM32F10x_FWLib\src\stm32f10x_fsmc.c  0x00000000   Number         0  stm32f10x_fsmc.o ABSOLUTE
    ..\STM32F10x_FWLib\src\stm32f10x_gpio.c  0x00000000   Number         0  stm32f10x_gpio.o ABSOLUTE
    ..\STM32F10x_FWLib\src\stm32f10x_i2c.c   0x00000000   Number         0  stm32f10x_i2c.o ABSOLUTE
    ..\STM32F10x_FWLib\src\stm32f10x_iwdg.c  0x00000000   Number         0  stm32f10x_iwdg.o ABSOLUTE
    ..\STM32F10x_FWLib\src\stm32f10x_pwr.c   0x00000000   Number         0  stm32f10x_pwr.o ABSOLUTE
    ..\STM32F10x_FWLib\src\stm32f10x_rcc.c   0x00000000   Number         0  stm32f10x_rcc.o ABSOLUTE
    ..\STM32F10x_FWLib\src\stm32f10x_rtc.c   0x00000000   Number         0  stm32f10x_rtc.o ABSOLUTE
    ..\STM32F10x_FWLib\src\stm32f10x_sdio.c  0x00000000   Number         0  stm32f10x_sdio.o ABSOLUTE
    ..\STM32F10x_FWLib\src\stm32f10x_spi.c   0x00000000   Number         0  stm32f10x_spi.o ABSOLUTE
    ..\STM32F10x_FWLib\src\stm32f10x_tim.c   0x00000000   Number         0  stm32f10x_tim.o ABSOLUTE
    ..\STM32F10x_FWLib\src\stm32f10x_usart.c 0x00000000   Number         0  stm32f10x_usart.o ABSOLUTE
    ..\STM32F10x_FWLib\src\stm32f10x_wwdg.c  0x00000000   Number         0  stm32f10x_wwdg.o ABSOLUTE
    ..\SYSTEM\adc.c                          0x00000000   Number         0  adc.o ABSOLUTE
    ..\SYSTEM\delay.c                        0x00000000   Number         0  delay.o ABSOLUTE
    ..\SYSTEM\iic.c                          0x00000000   Number         0  iic.o ABSOLUTE
    ..\SYSTEM\my_math.c                      0x00000000   Number         0  my_math.o ABSOLUTE
    ..\SYSTEM\timer.c                        0x00000000   Number         0  timer.o ABSOLUTE
    ..\\CORE\\core_cm3.c                     0x00000000   Number         0  core_cm3.o ABSOLUTE
    dc.s                                     0x00000000   Number         0  dc.o ABSOLUTE
    main.c                                   0x00000000   Number         0  main.o ABSOLUTE
    stm32f10x_it.c                           0x00000000   Number         0  stm32f10x_it.o ABSOLUTE
    system_stm32f10x.c                       0x00000000   Number         0  system_stm32f10x.o ABSOLUTE
    RESET                                    0x08000000   Section      304  startup_stm32f10x_hd.o(RESET)
    !!!main                                  0x08000130   Section        8  __main.o(!!!main)
    !!!scatter                               0x08000138   Section       52  __scatter.o(!!!scatter)
    !!handler_copy                           0x0800016c   Section       26  __scatter_copy.o(!!handler_copy)
    !!handler_zi                             0x08000188   Section       28  __scatter_zi.o(!!handler_zi)
    .ARM.Collect$$libinit$$00000000          0x080001a4   Section        2  libinit.o(.ARM.Collect$$libinit$$00000000)
    .ARM.Collect$$libinit$$00000002          0x080001a6   Section        0  libinit2.o(.ARM.Collect$$libinit$$00000002)
    .ARM.Collect$$libinit$$00000004          0x080001a6   Section        0  libinit2.o(.ARM.Collect$$libinit$$00000004)
    .ARM.Collect$$libinit$$0000000A          0x080001a6   Section        0  libinit2.o(.ARM.Collect$$libinit$$0000000A)
    .ARM.Collect$$libinit$$0000000C          0x080001a6   Section        0  libinit2.o(.ARM.Collect$$libinit$$0000000C)
    .ARM.Collect$$libinit$$0000000E          0x080001a6   Section        0  libinit2.o(.ARM.Collect$$libinit$$0000000E)
    .ARM.Collect$$libinit$$00000011          0x080001a6   Section        0  libinit2.o(.ARM.Collect$$libinit$$00000011)
    .ARM.Collect$$libinit$$00000013          0x080001a6   Section        0  libinit2.o(.ARM.Collect$$libinit$$00000013)
    .ARM.Collect$$libinit$$00000015          0x080001a6   Section        0  libinit2.o(.ARM.Collect$$libinit$$00000015)
    .ARM.Collect$$libinit$$00000017          0x080001a6   Section        0  libinit2.o(.ARM.Collect$$libinit$$00000017)
    .ARM.Collect$$libinit$$00000019          0x080001a6   Section        0  libinit2.o(.ARM.Collect$$libinit$$00000019)
    .ARM.Collect$$libinit$$0000001B          0x080001a6   Section        0  libinit2.o(.ARM.Collect$$libinit$$0000001B)
    .ARM.Collect$$libinit$$0000001D          0x080001a6   Section        0  libinit2.o(.ARM.Collect$$libinit$$0000001D)
    .ARM.Collect$$libinit$$0000001F          0x080001a6   Section        0  libinit2.o(.ARM.Collect$$libinit$$0000001F)
    .ARM.Collect$$libinit$$00000021          0x080001a6   Section        0  libinit2.o(.ARM.Collect$$libinit$$00000021)
    .ARM.Collect$$libinit$$00000023          0x080001a6   Section        0  libinit2.o(.ARM.Collect$$libinit$$00000023)
    .ARM.Collect$$libinit$$00000025          0x080001a6   Section        0  libinit2.o(.ARM.Collect$$libinit$$00000025)
    .ARM.Collect$$libinit$$0000002C          0x080001a6   Section        0  libinit2.o(.ARM.Collect$$libinit$$0000002C)
    .ARM.Collect$$libinit$$0000002E          0x080001a6   Section        0  libinit2.o(.ARM.Collect$$libinit$$0000002E)
    .ARM.Collect$$libinit$$00000030          0x080001a6   Section        0  libinit2.o(.ARM.Collect$$libinit$$00000030)
    .ARM.Collect$$libinit$$00000032          0x080001a6   Section        0  libinit2.o(.ARM.Collect$$libinit$$00000032)
    .ARM.Collect$$libinit$$00000033          0x080001a6   Section        2  libinit2.o(.ARM.Collect$$libinit$$00000033)
    .ARM.Collect$$libshutdown$$00000000      0x080001a8   Section        2  libshutdown.o(.ARM.Collect$$libshutdown$$00000000)
    .ARM.Collect$$libshutdown$$00000002      0x080001aa   Section        0  libshutdown2.o(.ARM.Collect$$libshutdown$$00000002)
    .ARM.Collect$$libshutdown$$00000004      0x080001aa   Section        0  libshutdown2.o(.ARM.Collect$$libshutdown$$00000004)
    .ARM.Collect$$libshutdown$$00000007      0x080001aa   Section        0  libshutdown2.o(.ARM.Collect$$libshutdown$$00000007)
    .ARM.Collect$$libshutdown$$0000000A      0x080001aa   Section        0  libshutdown2.o(.ARM.Collect$$libshutdown$$0000000A)
    .ARM.Collect$$libshutdown$$0000000C      0x080001aa   Section        0  libshutdown2.o(.ARM.Collect$$libshutdown$$0000000C)
    .ARM.Collect$$libshutdown$$0000000F      0x080001aa   Section        0  libshutdown2.o(.ARM.Collect$$libshutdown$$0000000F)
    .ARM.Collect$$libshutdown$$00000010      0x080001aa   Section        2  libshutdown2.o(.ARM.Collect$$libshutdown$$00000010)
    .ARM.Collect$$rtentry$$00000000          0x080001ac   Section        0  __rtentry.o(.ARM.Collect$$rtentry$$00000000)
    .ARM.Collect$$rtentry$$00000002          0x080001ac   Section        0  __rtentry2.o(.ARM.Collect$$rtentry$$00000002)
    .ARM.Collect$$rtentry$$00000004          0x080001ac   Section        6  __rtentry4.o(.ARM.Collect$$rtentry$$00000004)
    .ARM.Collect$$rtentry$$00000009          0x080001b2   Section        0  __rtentry2.o(.ARM.Collect$$rtentry$$00000009)
    .ARM.Collect$$rtentry$$0000000A          0x080001b2   Section        4  __rtentry2.o(.ARM.Collect$$rtentry$$0000000A)
    .ARM.Collect$$rtentry$$0000000C          0x080001b6   Section        0  __rtentry2.o(.ARM.Collect$$rtentry$$0000000C)
    .ARM.Collect$$rtentry$$0000000D          0x080001b6   Section        8  __rtentry2.o(.ARM.Collect$$rtentry$$0000000D)
    .ARM.Collect$$rtexit$$00000000           0x080001be   Section        2  rtexit.o(.ARM.Collect$$rtexit$$00000000)
    .ARM.Collect$$rtexit$$00000002           0x080001c0   Section        0  rtexit2.o(.ARM.Collect$$rtexit$$00000002)
    .ARM.Collect$$rtexit$$00000003           0x080001c0   Section        4  rtexit2.o(.ARM.Collect$$rtexit$$00000003)
    .ARM.Collect$$rtexit$$00000004           0x080001c4   Section        6  rtexit2.o(.ARM.Collect$$rtexit$$00000004)
    .text                                    0x080001cc   Section       64  startup_stm32f10x_hd.o(.text)
    .text                                    0x0800020c   Section      138  rt_memcpy_v6.o(.text)
    .text                                    0x08000296   Section        0  heapauxi.o(.text)
    .text                                    0x0800029c   Section      100  rt_memcpy_w.o(.text)
    .text                                    0x08000300   Section        8  libspace.o(.text)
    .text                                    0x08000308   Section       74  sys_stackheap_outer.o(.text)
    .text                                    0x08000352   Section        0  exit.o(.text)
    .text                                    0x08000364   Section        0  sys_exit.o(.text)
    .text                                    0x08000370   Section        2  use_no_semi.o(.text)
    .text                                    0x08000372   Section        0  indicate_semi.o(.text)
    i.ADC_Cmd                                0x08000372   Section        0  stm32f10x_adc.o(i.ADC_Cmd)
    i.ADC_DMACmd                             0x08000388   Section        0  stm32f10x_adc.o(i.ADC_DMACmd)
    i.ADC_DMA_Init                           0x080003a0   Section        0  adc.o(i.ADC_DMA_Init)
    i.ADC_DeInit                             0x0800042c   Section        0  stm32f10x_adc.o(i.ADC_DeInit)
    i.ADC_GetCalibrationStatus               0x08000488   Section        0  stm32f10x_adc.o(i.ADC_GetCalibrationStatus)
    i.ADC_GetResetCalibrationStatus          0x0800049c   Section        0  stm32f10x_adc.o(i.ADC_GetResetCalibrationStatus)
    i.ADC_Init                               0x080004b0   Section        0  stm32f10x_adc.o(i.ADC_Init)
    i.ADC_RegularChannelConfig               0x08000500   Section        0  stm32f10x_adc.o(i.ADC_RegularChannelConfig)
    i.ADC_ResetCalibration                   0x080005b8   Section        0  stm32f10x_adc.o(i.ADC_ResetCalibration)
    i.ADC_SoftwareStartConvCmd               0x080005c2   Section        0  stm32f10x_adc.o(i.ADC_SoftwareStartConvCmd)
    i.ADC_StartCalibration                   0x080005d8   Section        0  stm32f10x_adc.o(i.ADC_StartCalibration)
    i.Adc_Init                               0x080005e4   Section        0  adc.o(i.Adc_Init)
    i.BusFault_Handler                       0x080006e4   Section        0  stm32f10x_it.o(i.BusFault_Handler)
    i.DMA1_Channel1_IRQHandler               0x080006e8   Section        0  adc.o(i.DMA1_Channel1_IRQHandler)
    i.DMA1_Channel5_IRQHandler               0x08000700   Section        0  24g.o(i.DMA1_Channel5_IRQHandler)
    i.DMA_ClearFlag                          0x08000764   Section        0  stm32f10x_dma.o(i.DMA_ClearFlag)
    i.DMA_ClearITPendingBit                  0x08000780   Section        0  stm32f10x_dma.o(i.DMA_ClearITPendingBit)
    i.DMA_Cmd                                0x0800079c   Section        0  stm32f10x_dma.o(i.DMA_Cmd)
    i.DMA_DeInit                             0x080007b4   Section        0  stm32f10x_dma.o(i.DMA_DeInit)
    i.DMA_GetITStatus                        0x08000900   Section        0  stm32f10x_dma.o(i.DMA_GetITStatus)
    i.DMA_ITConfig                           0x0800092c   Section        0  stm32f10x_dma.o(i.DMA_ITConfig)
    i.DMA_Init                               0x0800093e   Section        0  stm32f10x_dma.o(i.DMA_Init)
    i.DebugMon_Handler                       0x0800097a   Section        0  stm32f10x_it.o(i.DebugMon_Handler)
    i.GPIO_Init                              0x0800097c   Section        0  stm32f10x_gpio.o(i.GPIO_Init)
    i.GPIO_PinRemapConfig                    0x08000a94   Section        0  stm32f10x_gpio.o(i.GPIO_PinRemapConfig)
    i.GPIO_SetBits                           0x08000b24   Section        0  stm32f10x_gpio.o(i.GPIO_SetBits)
    i.Get_Adc                                0x08000b28   Section        0  adc.o(i.Get_Adc)
    i.HardFault_Handler                      0x08000b84   Section        0  stm32f10x_it.o(i.HardFault_Handler)
    i.I2C1_Soft_Mult_Read                    0x08000b88   Section        0  iic.o(i.I2C1_Soft_Mult_Read)
    i.I2C1_Soft_Mult_Write                   0x08000d04   Section        0  iic.o(i.I2C1_Soft_Mult_Write)
    i.I2C1_Soft_Single_Read                  0x08000dd4   Section        0  iic.o(i.I2C1_Soft_Single_Read)
    i.I2C1_Soft_Single_Write                 0x08000dec   Section        0  iic.o(i.I2C1_Soft_Single_Write)
    i.I2C_AcknowledgeConfig                  0x08000e00   Section        0  stm32f10x_i2c.o(i.I2C_AcknowledgeConfig)
    i.I2C_CheckEvent                         0x08000e18   Section        0  stm32f10x_i2c.o(i.I2C_CheckEvent)
    i.I2C_Cmd                                0x08000e42   Section        0  stm32f10x_i2c.o(i.I2C_Cmd)
    i.I2C_DeInit                             0x08000e5c   Section        0  stm32f10x_i2c.o(i.I2C_DeInit)
    i.I2C_GenerateSTART                      0x08000e94   Section        0  stm32f10x_i2c.o(i.I2C_GenerateSTART)
    i.I2C_GenerateSTOP                       0x08000eac   Section        0  stm32f10x_i2c.o(i.I2C_GenerateSTOP)
    i.I2C_Init                               0x08000ec4   Section        0  stm32f10x_i2c.o(i.I2C_Init)
    i.I2C_ReceiveData                        0x08000fb0   Section        0  stm32f10x_i2c.o(i.I2C_ReceiveData)
    i.I2C_Send7bitAddress                    0x08000fb8   Section        0  stm32f10x_i2c.o(i.I2C_Send7bitAddress)
    i.I2C_SendData                           0x08000fca   Section        0  stm32f10x_i2c.o(i.I2C_SendData)
    i.LED_Init                               0x08000fd0   Section        0  led.o(i.LED_Init)
    i.MPU_Init                               0x08001030   Section        0  mpu6050.o(i.MPU_Init)
    i.MemManage_Handler                      0x080010e8   Section        0  stm32f10x_it.o(i.MemManage_Handler)
    i.NMI_Handler                            0x080010ec   Section        0  stm32f10x_it.o(i.NMI_Handler)
    i.NVIC_Init                              0x080010f0   Section        0  misc.o(i.NVIC_Init)
    i.NVIC_PriorityGroupConfig               0x08001160   Section        0  misc.o(i.NVIC_PriorityGroupConfig)
    i.OLED_Clear                             0x08001174   Section        0  091oled.o(i.OLED_Clear)
    i.OLED_Init                              0x080011b4   Section        0  091oled.o(i.OLED_Init)
    i.OLED_Multi_WR_Byte                     0x0800126a   Section        0  091oled.o(i.OLED_Multi_WR_Byte)
    i.OLED_Receive_Refresh                   0x08001290   Section        0  24g.o(i.OLED_Receive_Refresh)
    i.OLED_Set_Brightness                    0x0800149c   Section        0  091oled.o(i.OLED_Set_Brightness)
    i.OLED_Set_Pos                           0x080014b2   Section        0  091oled.o(i.OLED_Set_Pos)
    i.OLED_ShowChar                          0x080014e0   Section        0  091oled.o(i.OLED_ShowChar)
    i.OLED_ShowFloat                         0x08001564   Section        0  091oled.o(i.OLED_ShowFloat)
    i.OLED_ShowNum                           0x08001630   Section        0  091oled.o(i.OLED_ShowNum)
    i.OLED_ShowString                        0x080016de   Section        0  091oled.o(i.OLED_ShowString)
    i.OLED_WR_Byte                           0x0800172c   Section        0  091oled.o(i.OLED_WR_Byte)
    i.PWM_Init                               0x0800173c   Section        0  serio.o(i.PWM_Init)
    i.PWM_Output                             0x0800189c   Section        0  serio.o(i.PWM_Output)
    i.PendSV_Handler                         0x08001900   Section        0  stm32f10x_it.o(i.PendSV_Handler)
    i.RCC_ADCCLKConfig                       0x08001904   Section        0  stm32f10x_rcc.o(i.RCC_ADCCLKConfig)
    i.RCC_AHBPeriphClockCmd                  0x0800191c   Section        0  stm32f10x_rcc.o(i.RCC_AHBPeriphClockCmd)
    i.RCC_APB1PeriphClockCmd                 0x0800193c   Section        0  stm32f10x_rcc.o(i.RCC_APB1PeriphClockCmd)
    i.RCC_APB1PeriphResetCmd                 0x0800195c   Section        0  stm32f10x_rcc.o(i.RCC_APB1PeriphResetCmd)
    i.RCC_APB2PeriphClockCmd                 0x0800197c   Section        0  stm32f10x_rcc.o(i.RCC_APB2PeriphClockCmd)
    i.RCC_APB2PeriphResetCmd                 0x0800199c   Section        0  stm32f10x_rcc.o(i.RCC_APB2PeriphResetCmd)
    i.RCC_GetClocksFreq                      0x080019bc   Section        0  stm32f10x_rcc.o(i.RCC_GetClocksFreq)
    i.SVC_Handler                            0x08001a90   Section        0  stm32f10x_it.o(i.SVC_Handler)
    i.SetSysClock                            0x08001a92   Section        0  system_stm32f10x.o(i.SetSysClock)
    SetSysClock                              0x08001a93   Thumb Code     8  system_stm32f10x.o(i.SetSysClock)
    i.SetSysClockTo72                        0x08001a9c   Section        0  system_stm32f10x.o(i.SetSysClockTo72)
    SetSysClockTo72                          0x08001a9d   Thumb Code   214  system_stm32f10x.o(i.SetSysClockTo72)
    i.Soft_IIC1_Init                         0x08001b7c   Section        0  iic.o(i.Soft_IIC1_Init)
    i.SysTick_CLKSourceConfig                0x08001c0c   Section        0  misc.o(i.SysTick_CLKSourceConfig)
    i.SysTick_Handler                        0x08001c34   Section        0  stm32f10x_it.o(i.SysTick_Handler)
    i.SystemInit                             0x08001c38   Section        0  system_stm32f10x.o(i.SystemInit)
    i.TIM1_Int_Init                          0x08001c98   Section        0  timer.o(i.TIM1_Int_Init)
    i.TIM1_UP_IRQHandler                     0x08001d04   Section        0  main.o(i.TIM1_UP_IRQHandler)
    i.TIM_ClearFlag                          0x08001dac   Section        0  stm32f10x_tim.o(i.TIM_ClearFlag)
    i.TIM_ClearITPendingBit                  0x08001db2   Section        0  stm32f10x_tim.o(i.TIM_ClearITPendingBit)
    i.TIM_Cmd                                0x08001db8   Section        0  stm32f10x_tim.o(i.TIM_Cmd)
    i.TIM_GetITStatus                        0x08001dd0   Section        0  stm32f10x_tim.o(i.TIM_GetITStatus)
    i.TIM_ITConfig                           0x08001df2   Section        0  stm32f10x_tim.o(i.TIM_ITConfig)
    i.TIM_OC1Init                            0x08001e04   Section        0  stm32f10x_tim.o(i.TIM_OC1Init)
    i.TIM_OC1PreloadConfig                   0x08001e9c   Section        0  stm32f10x_tim.o(i.TIM_OC1PreloadConfig)
    i.TIM_OC2Init                            0x08001eb0   Section        0  stm32f10x_tim.o(i.TIM_OC2Init)
    i.TIM_OC2PreloadConfig                   0x08001f54   Section        0  stm32f10x_tim.o(i.TIM_OC2PreloadConfig)
    i.TIM_OC3Init                            0x08001f70   Section        0  stm32f10x_tim.o(i.TIM_OC3Init)
    i.TIM_OC3PreloadConfig                   0x08002010   Section        0  stm32f10x_tim.o(i.TIM_OC3PreloadConfig)
    i.TIM_OC4Init                            0x08002024   Section        0  stm32f10x_tim.o(i.TIM_OC4Init)
    i.TIM_OC4PreloadConfig                   0x080020a0   Section        0  stm32f10x_tim.o(i.TIM_OC4PreloadConfig)
    i.TIM_SetCompare1                        0x080020ba   Section        0  stm32f10x_tim.o(i.TIM_SetCompare1)
    i.TIM_SetCompare2                        0x080020be   Section        0  stm32f10x_tim.o(i.TIM_SetCompare2)
    i.TIM_SetCompare3                        0x080020c2   Section        0  stm32f10x_tim.o(i.TIM_SetCompare3)
    i.TIM_SetCompare4                        0x080020c6   Section        0  stm32f10x_tim.o(i.TIM_SetCompare4)
    i.TIM_TimeBaseInit                       0x080020cc   Section        0  stm32f10x_tim.o(i.TIM_TimeBaseInit)
    i.USART1_IRQHandler                      0x08002170   Section        0  24g.o(i.USART1_IRQHandler)
    i.USART_Cmd                              0x0800218c   Section        0  stm32f10x_usart.o(i.USART_Cmd)
    i.USART_DMACmd                           0x080021a4   Section        0  stm32f10x_usart.o(i.USART_DMACmd)
    i.USART_ITConfig                         0x080021b6   Section        0  stm32f10x_usart.o(i.USART_ITConfig)
    i.USART_Init                             0x08002200   Section        0  stm32f10x_usart.o(i.USART_Init)
    i.UsageFault_Handler                     0x080022d8   Section        0  stm32f10x_it.o(i.UsageFault_Handler)
    i.Wireless_DMA_Init                      0x080022dc   Section        0  24g.o(i.Wireless_DMA_Init)
    i.Wireless_Init                          0x080023e4   Section        0  24g.o(i.Wireless_Init)
    i.Wireless_Send_Data                     0x08002400   Section        0  24g.o(i.Wireless_Send_Data)
    i.Wireless_UART_Init                     0x0800248c   Section        0  24g.o(i.Wireless_UART_Init)
    i.delay_init                             0x08002538   Section        0  delay.o(i.delay_init)
    i.delay_ms                               0x0800257c   Section        0  delay.o(i.delay_ms)
    i.main                                   0x080025c8   Section        0  main.o(i.main)
    i.oled_pow                               0x08002630   Section        0  091oled.o(i.oled_pow)
    x$fpl$d2f                                0x08002648   Section       98  d2f.o(x$fpl$d2f)
    x$fpl$dmul                               0x080026ac   Section      340  dmul.o(x$fpl$dmul)
    x$fpl$dnaninf                            0x08002800   Section      156  dnaninf.o(x$fpl$dnaninf)
    x$fpl$dretinf                            0x0800289c   Section       12  dretinf.o(x$fpl$dretinf)
    x$fpl$f2d                                0x080028a8   Section       86  f2d.o(x$fpl$f2d)
    x$fpl$fadd                               0x08002900   Section      196  faddsub_clz.o(x$fpl$fadd)
    _fadd1                                   0x0800290f   Thumb Code     0  faddsub_clz.o(x$fpl$fadd)
    x$fpl$fcmpinf                            0x080029c4   Section       24  fcmpi.o(x$fpl$fcmpinf)
    x$fpl$fdiv                               0x080029dc   Section      388  fdiv.o(x$fpl$fdiv)
    _fdiv1                                   0x080029dd   Thumb Code     0  fdiv.o(x$fpl$fdiv)
    x$fpl$ffix                               0x08002b60   Section       54  ffix.o(x$fpl$ffix)
    x$fpl$fflt                               0x08002b98   Section       48  fflt_clz.o(x$fpl$fflt)
    x$fpl$ffltu                              0x08002bc8   Section       38  fflt_clz.o(x$fpl$ffltu)
    x$fpl$fleqf                              0x08002bf0   Section      104  fleqf.o(x$fpl$fleqf)
    x$fpl$fmul                               0x08002c58   Section      258  fmul.o(x$fpl$fmul)
    x$fpl$fnaninf                            0x08002d5a   Section      140  fnaninf.o(x$fpl$fnaninf)
    x$fpl$fretinf                            0x08002de6   Section       10  fretinf.o(x$fpl$fretinf)
    x$fpl$fsub                               0x08002df0   Section      234  faddsub_clz.o(x$fpl$fsub)
    _fsub1                                   0x08002dff   Thumb Code     0  faddsub_clz.o(x$fpl$fsub)
    .constdata                               0x08002eda   Section     2072  091oled.o(.constdata)
    x$fpl$usenofp                            0x08002eda   Section        0  usenofp.o(x$fpl$usenofp)
    .data                                    0x20000000   Section        5  main.o(.data)
    .data                                    0x20000008   Section       20  system_stm32f10x.o(.data)
    .data                                    0x2000001c   Section        4  delay.o(.data)
    fac_us                                   0x2000001c   Data           1  delay.o(.data)
    fac_ms                                   0x2000001e   Data           2  delay.o(.data)
    .data                                    0x20000020   Section       20  stm32f10x_rcc.o(.data)
    APBAHBPrescTable                         0x20000020   Data          16  stm32f10x_rcc.o(.data)
    ADCPrescTable                            0x20000030   Data           4  stm32f10x_rcc.o(.data)
    .data                                    0x20000034   Section        1  24g.o(.data)
    .bss                                     0x20000038   Section       96  adc.o(.bss)
    .bss                                     0x20000098   Section       20  serio.o(.bss)
    .bss                                     0x200000ac   Section       46  24g.o(.bss)
    .bss                                     0x200000e0   Section      128  mpu6050.o(.bss)
    .bss                                     0x20000160   Section       96  libspace.o(.bss)
    HEAP                                     0x200001c0   Section      512  startup_stm32f10x_hd.o(HEAP)
    Heap_Mem                                 0x200001c0   Data         512  startup_stm32f10x_hd.o(HEAP)
    STACK                                    0x200003c0   Section     1024  startup_stm32f10x_hd.o(STACK)
    Stack_Mem                                0x200003c0   Data        1024  startup_stm32f10x_hd.o(STACK)
    __initial_sp                             0x200007c0   Data           0  startup_stm32f10x_hd.o(STACK)

    Global Symbols

    Symbol Name                              Value     Ov Type        Size  Object(Section)

    BuildAttributes$$THM_ISAv4$P$D$K$B$S$PE$A:L22UL41UL21$X:L11$S22US41US21$IEEE1$IW$USESV6$~STKCKD$USESV7$~SHL$OTIME$ROPI$IEEEJ$EBA8$UX$STANDARDLIB$REQ8$PRES8$EABIv2 0x00000000   Number         0  anon$$obj.o ABSOLUTE
    __ARM_use_no_argv                        0x00000000   Number         0  main.o ABSOLUTE
    __ARM_exceptions_init                     - Undefined Weak Reference
    __alloca_initialize                       - Undefined Weak Reference
    __arm_preinit_                            - Undefined Weak Reference
    __cpp_initialize__aeabi_                  - Undefined Weak Reference
    __cxa_finalize                            - Undefined Weak Reference
    __rt_locale                               - Undefined Weak Reference
    __sigvec_lookup                           - Undefined Weak Reference
    _atexit_init                              - Undefined Weak Reference
    _call_atexit_fns                          - Undefined Weak Reference
    _clock_init                               - Undefined Weak Reference
    _fp_trap_init                             - Undefined Weak Reference
    _fp_trap_shutdown                         - Undefined Weak Reference
    _get_lc_collate                           - Undefined Weak Reference
    _get_lc_ctype                             - Undefined Weak Reference
    _get_lc_monetary                          - Undefined Weak Reference
    _get_lc_numeric                           - Undefined Weak Reference
    _get_lc_time                              - Undefined Weak Reference
    _getenv_init                              - Undefined Weak Reference
    _handle_redirection                       - Undefined Weak Reference
    _init_alloc                               - Undefined Weak Reference
    _init_user_alloc                          - Undefined Weak Reference
    _initio                                   - Undefined Weak Reference
    _rand_init                                - Undefined Weak Reference
    _signal_finish                            - Undefined Weak Reference
    _signal_init                              - Undefined Weak Reference
    _terminate_alloc                          - Undefined Weak Reference
    _terminate_user_alloc                     - Undefined Weak Reference
    _terminateio                              - Undefined Weak Reference
    __Vectors_Size                           0x00000130   Number         0  startup_stm32f10x_hd.o ABSOLUTE
    __Vectors                                0x08000000   Data           4  startup_stm32f10x_hd.o(RESET)
    __Vectors_End                            0x08000130   Data           0  startup_stm32f10x_hd.o(RESET)
    __main                                   0x08000131   Thumb Code     8  __main.o(!!!main)
    __scatterload                            0x08000139   Thumb Code     0  __scatter.o(!!!scatter)
    __scatterload_rt2                        0x08000139   Thumb Code    44  __scatter.o(!!!scatter)
    __scatterload_rt2_thumb_only             0x08000139   Thumb Code     0  __scatter.o(!!!scatter)
    __scatterload_null                       0x08000147   Thumb Code     0  __scatter.o(!!!scatter)
    __scatterload_copy                       0x0800016d   Thumb Code    26  __scatter_copy.o(!!handler_copy)
    __scatterload_zeroinit                   0x08000189   Thumb Code    28  __scatter_zi.o(!!handler_zi)
    __rt_lib_init                            0x080001a5   Thumb Code     0  libinit.o(.ARM.Collect$$libinit$$00000000)
    __rt_lib_init_alloca_1                   0x080001a7   Thumb Code     0  libinit2.o(.ARM.Collect$$libinit$$0000002E)
    __rt_lib_init_argv_1                     0x080001a7   Thumb Code     0  libinit2.o(.ARM.Collect$$libinit$$0000002C)
    __rt_lib_init_atexit_1                   0x080001a7   Thumb Code     0  libinit2.o(.ARM.Collect$$libinit$$0000001B)
    __rt_lib_init_clock_1                    0x080001a7   Thumb Code     0  libinit2.o(.ARM.Collect$$libinit$$00000021)
    __rt_lib_init_cpp_1                      0x080001a7   Thumb Code     0  libinit2.o(.ARM.Collect$$libinit$$00000032)
    __rt_lib_init_exceptions_1               0x080001a7   Thumb Code     0  libinit2.o(.ARM.Collect$$libinit$$00000030)
    __rt_lib_init_fp_1                       0x080001a7   Thumb Code     0  libinit2.o(.ARM.Collect$$libinit$$00000002)
    __rt_lib_init_fp_trap_1                  0x080001a7   Thumb Code     0  libinit2.o(.ARM.Collect$$libinit$$0000001F)
    __rt_lib_init_getenv_1                   0x080001a7   Thumb Code     0  libinit2.o(.ARM.Collect$$libinit$$00000023)
    __rt_lib_init_heap_1                     0x080001a7   Thumb Code     0  libinit2.o(.ARM.Collect$$libinit$$0000000A)
    __rt_lib_init_lc_collate_1               0x080001a7   Thumb Code     0  libinit2.o(.ARM.Collect$$libinit$$00000011)
    __rt_lib_init_lc_ctype_1                 0x080001a7   Thumb Code     0  libinit2.o(.ARM.Collect$$libinit$$00000013)
    __rt_lib_init_lc_monetary_1              0x080001a7   Thumb Code     0  libinit2.o(.ARM.Collect$$libinit$$00000015)
    __rt_lib_init_lc_numeric_1               0x080001a7   Thumb Code     0  libinit2.o(.ARM.Collect$$libinit$$00000017)
    __rt_lib_init_lc_time_1                  0x080001a7   Thumb Code     0  libinit2.o(.ARM.Collect$$libinit$$00000019)
    __rt_lib_init_preinit_1                  0x080001a7   Thumb Code     0  libinit2.o(.ARM.Collect$$libinit$$00000004)
    __rt_lib_init_rand_1                     0x080001a7   Thumb Code     0  libinit2.o(.ARM.Collect$$libinit$$0000000E)
    __rt_lib_init_return                     0x080001a7   Thumb Code     0  libinit2.o(.ARM.Collect$$libinit$$00000033)
    __rt_lib_init_signal_1                   0x080001a7   Thumb Code     0  libinit2.o(.ARM.Collect$$libinit$$0000001D)
    __rt_lib_init_stdio_1                    0x080001a7   Thumb Code     0  libinit2.o(.ARM.Collect$$libinit$$00000025)
    __rt_lib_init_user_alloc_1               0x080001a7   Thumb Code     0  libinit2.o(.ARM.Collect$$libinit$$0000000C)
    __rt_lib_shutdown                        0x080001a9   Thumb Code     0  libshutdown.o(.ARM.Collect$$libshutdown$$00000000)
    __rt_lib_shutdown_cpp_1                  0x080001ab   Thumb Code     0  libshutdown2.o(.ARM.Collect$$libshutdown$$00000002)
    __rt_lib_shutdown_fp_trap_1              0x080001ab   Thumb Code     0  libshutdown2.o(.ARM.Collect$$libshutdown$$00000007)
    __rt_lib_shutdown_heap_1                 0x080001ab   Thumb Code     0  libshutdown2.o(.ARM.Collect$$libshutdown$$0000000F)
    __rt_lib_shutdown_return                 0x080001ab   Thumb Code     0  libshutdown2.o(.ARM.Collect$$libshutdown$$00000010)
    __rt_lib_shutdown_signal_1               0x080001ab   Thumb Code     0  libshutdown2.o(.ARM.Collect$$libshutdown$$0000000A)
    __rt_lib_shutdown_stdio_1                0x080001ab   Thumb Code     0  libshutdown2.o(.ARM.Collect$$libshutdown$$00000004)
    __rt_lib_shutdown_user_alloc_1           0x080001ab   Thumb Code     0  libshutdown2.o(.ARM.Collect$$libshutdown$$0000000C)
    __rt_entry                               0x080001ad   Thumb Code     0  __rtentry.o(.ARM.Collect$$rtentry$$00000000)
    __rt_entry_presh_1                       0x080001ad   Thumb Code     0  __rtentry2.o(.ARM.Collect$$rtentry$$00000002)
    __rt_entry_sh                            0x080001ad   Thumb Code     0  __rtentry4.o(.ARM.Collect$$rtentry$$00000004)
    __rt_entry_li                            0x080001b3   Thumb Code     0  __rtentry2.o(.ARM.Collect$$rtentry$$0000000A)
    __rt_entry_postsh_1                      0x080001b3   Thumb Code     0  __rtentry2.o(.ARM.Collect$$rtentry$$00000009)
    __rt_entry_main                          0x080001b7   Thumb Code     0  __rtentry2.o(.ARM.Collect$$rtentry$$0000000D)
    __rt_entry_postli_1                      0x080001b7   Thumb Code     0  __rtentry2.o(.ARM.Collect$$rtentry$$0000000C)
    __rt_exit                                0x080001bf   Thumb Code     0  rtexit.o(.ARM.Collect$$rtexit$$00000000)
    __rt_exit_ls                             0x080001c1   Thumb Code     0  rtexit2.o(.ARM.Collect$$rtexit$$00000003)
    __rt_exit_prels_1                        0x080001c1   Thumb Code     0  rtexit2.o(.ARM.Collect$$rtexit$$00000002)
    __rt_exit_exit                           0x080001c5   Thumb Code     0  rtexit2.o(.ARM.Collect$$rtexit$$00000004)
    Reset_Handler                            0x080001cd   Thumb Code     8  startup_stm32f10x_hd.o(.text)
    ADC1_2_IRQHandler                        0x080001e7   Thumb Code     0  startup_stm32f10x_hd.o(.text)
    ADC3_IRQHandler                          0x080001e7   Thumb Code     0  startup_stm32f10x_hd.o(.text)
    CAN1_RX1_IRQHandler                      0x080001e7   Thumb Code     0  startup_stm32f10x_hd.o(.text)
    CAN1_SCE_IRQHandler                      0x080001e7   Thumb Code     0  startup_stm32f10x_hd.o(.text)
    DMA1_Channel2_IRQHandler                 0x080001e7   Thumb Code     0  startup_stm32f10x_hd.o(.text)
    DMA1_Channel3_IRQHandler                 0x080001e7   Thumb Code     0  startup_stm32f10x_hd.o(.text)
    DMA1_Channel4_IRQHandler                 0x080001e7   Thumb Code     0  startup_stm32f10x_hd.o(.text)
    DMA1_Channel6_IRQHandler                 0x080001e7   Thumb Code     0  startup_stm32f10x_hd.o(.text)
    DMA1_Channel7_IRQHandler                 0x080001e7   Thumb Code     0  startup_stm32f10x_hd.o(.text)
    DMA2_Channel1_IRQHandler                 0x080001e7   Thumb Code     0  startup_stm32f10x_hd.o(.text)
    DMA2_Channel2_IRQHandler                 0x080001e7   Thumb Code     0  startup_stm32f10x_hd.o(.text)
    DMA2_Channel3_IRQHandler                 0x080001e7   Thumb Code     0  startup_stm32f10x_hd.o(.text)
    DMA2_Channel4_5_IRQHandler               0x080001e7   Thumb Code     0  startup_stm32f10x_hd.o(.text)
    EXTI0_IRQHandler                         0x080001e7   Thumb Code     0  startup_stm32f10x_hd.o(.text)
    EXTI15_10_IRQHandler                     0x080001e7   Thumb Code     0  startup_stm32f10x_hd.o(.text)
    EXTI1_IRQHandler                         0x080001e7   Thumb Code     0  startup_stm32f10x_hd.o(.text)
    EXTI2_IRQHandler                         0x080001e7   Thumb Code     0  startup_stm32f10x_hd.o(.text)
    EXTI3_IRQHandler                         0x080001e7   Thumb Code     0  startup_stm32f10x_hd.o(.text)
    EXTI4_IRQHandler                         0x080001e7   Thumb Code     0  startup_stm32f10x_hd.o(.text)
    EXTI9_5_IRQHandler                       0x080001e7   Thumb Code     0  startup_stm32f10x_hd.o(.text)
    FLASH_IRQHandler                         0x080001e7   Thumb Code     0  startup_stm32f10x_hd.o(.text)
    FSMC_IRQHandler                          0x080001e7   Thumb Code     0  startup_stm32f10x_hd.o(.text)
    I2C1_ER_IRQHandler                       0x080001e7   Thumb Code     0  startup_stm32f10x_hd.o(.text)
    I2C1_EV_IRQHandler                       0x080001e7   Thumb Code     0  startup_stm32f10x_hd.o(.text)
    I2C2_ER_IRQHandler                       0x080001e7   Thumb Code     0  startup_stm32f10x_hd.o(.text)
    I2C2_EV_IRQHandler                       0x080001e7   Thumb Code     0  startup_stm32f10x_hd.o(.text)
    PVD_IRQHandler                           0x080001e7   Thumb Code     0  startup_stm32f10x_hd.o(.text)
    RCC_IRQHandler                           0x080001e7   Thumb Code     0  startup_stm32f10x_hd.o(.text)
    RTCAlarm_IRQHandler                      0x080001e7   Thumb Code     0  startup_stm32f10x_hd.o(.text)
    RTC_IRQHandler                           0x080001e7   Thumb Code     0  startup_stm32f10x_hd.o(.text)
    SDIO_IRQHandler                          0x080001e7   Thumb Code     0  startup_stm32f10x_hd.o(.text)
    SPI1_IRQHandler                          0x080001e7   Thumb Code     0  startup_stm32f10x_hd.o(.text)
    SPI2_IRQHandler                          0x080001e7   Thumb Code     0  startup_stm32f10x_hd.o(.text)
    SPI3_IRQHandler                          0x080001e7   Thumb Code     0  startup_stm32f10x_hd.o(.text)
    TAMPER_IRQHandler                        0x080001e7   Thumb Code     0  startup_stm32f10x_hd.o(.text)
    TIM1_BRK_IRQHandler                      0x080001e7   Thumb Code     0  startup_stm32f10x_hd.o(.text)
    TIM1_CC_IRQHandler                       0x080001e7   Thumb Code     0  startup_stm32f10x_hd.o(.text)
    TIM1_TRG_COM_IRQHandler                  0x080001e7   Thumb Code     0  startup_stm32f10x_hd.o(.text)
    TIM2_IRQHandler                          0x080001e7   Thumb Code     0  startup_stm32f10x_hd.o(.text)
    TIM3_IRQHandler                          0x080001e7   Thumb Code     0  startup_stm32f10x_hd.o(.text)
    TIM4_IRQHandler                          0x080001e7   Thumb Code     0  startup_stm32f10x_hd.o(.text)
    TIM5_IRQHandler                          0x080001e7   Thumb Code     0  startup_stm32f10x_hd.o(.text)
    TIM6_IRQHandler                          0x080001e7   Thumb Code     0  startup_stm32f10x_hd.o(.text)
    TIM7_IRQHandler                          0x080001e7   Thumb Code     0  startup_stm32f10x_hd.o(.text)
    TIM8_BRK_IRQHandler                      0x080001e7   Thumb Code     0  startup_stm32f10x_hd.o(.text)
    TIM8_CC_IRQHandler                       0x080001e7   Thumb Code     0  startup_stm32f10x_hd.o(.text)
    TIM8_TRG_COM_IRQHandler                  0x080001e7   Thumb Code     0  startup_stm32f10x_hd.o(.text)
    TIM8_UP_IRQHandler                       0x080001e7   Thumb Code     0  startup_stm32f10x_hd.o(.text)
    UART4_IRQHandler                         0x080001e7   Thumb Code     0  startup_stm32f10x_hd.o(.text)
    UART5_IRQHandler                         0x080001e7   Thumb Code     0  startup_stm32f10x_hd.o(.text)
    USART2_IRQHandler                        0x080001e7   Thumb Code     0  startup_stm32f10x_hd.o(.text)
    USART3_IRQHandler                        0x080001e7   Thumb Code     0  startup_stm32f10x_hd.o(.text)
    USBWakeUp_IRQHandler                     0x080001e7   Thumb Code     0  startup_stm32f10x_hd.o(.text)
    USB_HP_CAN1_TX_IRQHandler                0x080001e7   Thumb Code     0  startup_stm32f10x_hd.o(.text)
    USB_LP_CAN1_RX0_IRQHandler               0x080001e7   Thumb Code     0  startup_stm32f10x_hd.o(.text)
    WWDG_IRQHandler                          0x080001e7   Thumb Code     0  startup_stm32f10x_hd.o(.text)
    __user_initial_stackheap                 0x080001e9   Thumb Code     0  startup_stm32f10x_hd.o(.text)
    __aeabi_memcpy                           0x0800020d   Thumb Code     0  rt_memcpy_v6.o(.text)
    __rt_memcpy                              0x0800020d   Thumb Code   138  rt_memcpy_v6.o(.text)
    _memcpy_lastbytes                        0x08000273   Thumb Code     0  rt_memcpy_v6.o(.text)
    __use_two_region_memory                  0x08000297   Thumb Code     2  heapauxi.o(.text)
    __rt_heap_escrow$2region                 0x08000299   Thumb Code     2  heapauxi.o(.text)
    __rt_heap_expand$2region                 0x0800029b   Thumb Code     2  heapauxi.o(.text)
    __aeabi_memcpy4                          0x0800029d   Thumb Code     0  rt_memcpy_w.o(.text)
    __aeabi_memcpy8                          0x0800029d   Thumb Code     0  rt_memcpy_w.o(.text)
    __rt_memcpy_w                            0x0800029d   Thumb Code   100  rt_memcpy_w.o(.text)
    _memcpy_lastbytes_aligned                0x080002e5   Thumb Code     0  rt_memcpy_w.o(.text)
    __user_libspace                          0x08000301   Thumb Code     8  libspace.o(.text)
    __user_perproc_libspace                  0x08000301   Thumb Code     0  libspace.o(.text)
    __user_perthread_libspace                0x08000301   Thumb Code     0  libspace.o(.text)
    __user_setup_stackheap                   0x08000309   Thumb Code    74  sys_stackheap_outer.o(.text)
    exit                                     0x08000353   Thumb Code    18  exit.o(.text)
    _sys_exit                                0x08000365   Thumb Code     8  sys_exit.o(.text)
    __I$use$semihosting                      0x08000371   Thumb Code     0  use_no_semi.o(.text)
    __use_no_semihosting_swi                 0x08000371   Thumb Code     2  use_no_semi.o(.text)
    ADC_Cmd                                  0x08000373   Thumb Code    22  stm32f10x_adc.o(i.ADC_Cmd)
    __semihosting_library_function           0x08000373   Thumb Code     0  indicate_semi.o(.text)
    ADC_DMACmd                               0x08000389   Thumb Code    22  stm32f10x_adc.o(i.ADC_DMACmd)
    ADC_DMA_Init                             0x080003a1   Thumb Code   126  adc.o(i.ADC_DMA_Init)
    ADC_DeInit                               0x0800042d   Thumb Code    78  stm32f10x_adc.o(i.ADC_DeInit)
    ADC_GetCalibrationStatus                 0x08000489   Thumb Code    20  stm32f10x_adc.o(i.ADC_GetCalibrationStatus)
    ADC_GetResetCalibrationStatus            0x0800049d   Thumb Code    20  stm32f10x_adc.o(i.ADC_GetResetCalibrationStatus)
    ADC_Init                                 0x080004b1   Thumb Code    70  stm32f10x_adc.o(i.ADC_Init)
    ADC_RegularChannelConfig                 0x08000501   Thumb Code   184  stm32f10x_adc.o(i.ADC_RegularChannelConfig)
    ADC_ResetCalibration                     0x080005b9   Thumb Code    10  stm32f10x_adc.o(i.ADC_ResetCalibration)
    ADC_SoftwareStartConvCmd                 0x080005c3   Thumb Code    22  stm32f10x_adc.o(i.ADC_SoftwareStartConvCmd)
    ADC_StartCalibration                     0x080005d9   Thumb Code    10  stm32f10x_adc.o(i.ADC_StartCalibration)
    Adc_Init                                 0x080005e5   Thumb Code   246  adc.o(i.Adc_Init)
    BusFault_Handler                         0x080006e5   Thumb Code     4  stm32f10x_it.o(i.BusFault_Handler)
    DMA1_Channel1_IRQHandler                 0x080006e9   Thumb Code    24  adc.o(i.DMA1_Channel1_IRQHandler)
    DMA1_Channel5_IRQHandler                 0x08000701   Thumb Code    86  24g.o(i.DMA1_Channel5_IRQHandler)
    DMA_ClearFlag                            0x08000765   Thumb Code    18  stm32f10x_dma.o(i.DMA_ClearFlag)
    DMA_ClearITPendingBit                    0x08000781   Thumb Code    18  stm32f10x_dma.o(i.DMA_ClearITPendingBit)
    DMA_Cmd                                  0x0800079d   Thumb Code    24  stm32f10x_dma.o(i.DMA_Cmd)
    DMA_DeInit                               0x080007b5   Thumb Code   324  stm32f10x_dma.o(i.DMA_DeInit)
    DMA_GetITStatus                          0x08000901   Thumb Code    36  stm32f10x_dma.o(i.DMA_GetITStatus)
    DMA_ITConfig                             0x0800092d   Thumb Code    18  stm32f10x_dma.o(i.DMA_ITConfig)
    DMA_Init                                 0x0800093f   Thumb Code    60  stm32f10x_dma.o(i.DMA_Init)
    DebugMon_Handler                         0x0800097b   Thumb Code     2  stm32f10x_it.o(i.DebugMon_Handler)
    GPIO_Init                                0x0800097d   Thumb Code   278  stm32f10x_gpio.o(i.GPIO_Init)
    GPIO_PinRemapConfig                      0x08000a95   Thumb Code   138  stm32f10x_gpio.o(i.GPIO_PinRemapConfig)
    GPIO_SetBits                             0x08000b25   Thumb Code     4  stm32f10x_gpio.o(i.GPIO_SetBits)
    Get_Adc                                  0x08000b29   Thumb Code    84  adc.o(i.Get_Adc)
    HardFault_Handler                        0x08000b85   Thumb Code     4  stm32f10x_it.o(i.HardFault_Handler)
    I2C1_Soft_Mult_Read                      0x08000b89   Thumb Code   366  iic.o(i.I2C1_Soft_Mult_Read)
    I2C1_Soft_Mult_Write                     0x08000d05   Thumb Code   194  iic.o(i.I2C1_Soft_Mult_Write)
    I2C1_Soft_Single_Read                    0x08000dd5   Thumb Code    24  iic.o(i.I2C1_Soft_Single_Read)
    I2C1_Soft_Single_Write                   0x08000ded   Thumb Code    20  iic.o(i.I2C1_Soft_Single_Write)
    I2C_AcknowledgeConfig                    0x08000e01   Thumb Code    24  stm32f10x_i2c.o(i.I2C_AcknowledgeConfig)
    I2C_CheckEvent                           0x08000e19   Thumb Code    42  stm32f10x_i2c.o(i.I2C_CheckEvent)
    I2C_Cmd                                  0x08000e43   Thumb Code    24  stm32f10x_i2c.o(i.I2C_Cmd)
    I2C_DeInit                               0x08000e5d   Thumb Code    50  stm32f10x_i2c.o(i.I2C_DeInit)
    I2C_GenerateSTART                        0x08000e95   Thumb Code    24  stm32f10x_i2c.o(i.I2C_GenerateSTART)
    I2C_GenerateSTOP                         0x08000ead   Thumb Code    24  stm32f10x_i2c.o(i.I2C_GenerateSTOP)
    I2C_Init                                 0x08000ec5   Thumb Code   222  stm32f10x_i2c.o(i.I2C_Init)
    I2C_ReceiveData                          0x08000fb1   Thumb Code     8  stm32f10x_i2c.o(i.I2C_ReceiveData)
    I2C_Send7bitAddress                      0x08000fb9   Thumb Code    18  stm32f10x_i2c.o(i.I2C_Send7bitAddress)
    I2C_SendData                             0x08000fcb   Thumb Code     4  stm32f10x_i2c.o(i.I2C_SendData)
    LED_Init                                 0x08000fd1   Thumb Code    88  led.o(i.LED_Init)
    MPU_Init                                 0x08001031   Thumb Code   178  mpu6050.o(i.MPU_Init)
    MemManage_Handler                        0x080010e9   Thumb Code     4  stm32f10x_it.o(i.MemManage_Handler)
    NMI_Handler                              0x080010ed   Thumb Code     2  stm32f10x_it.o(i.NMI_Handler)
    NVIC_Init                                0x080010f1   Thumb Code   100  misc.o(i.NVIC_Init)
    NVIC_PriorityGroupConfig                 0x08001161   Thumb Code    10  misc.o(i.NVIC_PriorityGroupConfig)
    OLED_Clear                               0x08001175   Thumb Code    64  091oled.o(i.OLED_Clear)
    OLED_Init                                0x080011b5   Thumb Code   182  091oled.o(i.OLED_Init)
    OLED_Multi_WR_Byte                       0x0800126b   Thumb Code    38  091oled.o(i.OLED_Multi_WR_Byte)
    OLED_Receive_Refresh                     0x08001291   Thumb Code   452  24g.o(i.OLED_Receive_Refresh)
    OLED_Set_Brightness                      0x0800149d   Thumb Code    22  091oled.o(i.OLED_Set_Brightness)
    OLED_Set_Pos                             0x080014b3   Thumb Code    46  091oled.o(i.OLED_Set_Pos)
    OLED_ShowChar                            0x080014e1   Thumb Code   122  091oled.o(i.OLED_ShowChar)
    OLED_ShowFloat                           0x08001565   Thumb Code   200  091oled.o(i.OLED_ShowFloat)
    OLED_ShowNum                             0x08001631   Thumb Code   174  091oled.o(i.OLED_ShowNum)
    OLED_ShowString                          0x080016df   Thumb Code    78  091oled.o(i.OLED_ShowString)
    OLED_WR_Byte                             0x0800172d   Thumb Code    16  091oled.o(i.OLED_WR_Byte)
    PWM_Init                                 0x0800173d   Thumb Code   320  serio.o(i.PWM_Init)
    PWM_Output                               0x0800189d   Thumb Code    90  serio.o(i.PWM_Output)
    PendSV_Handler                           0x08001901   Thumb Code     2  stm32f10x_it.o(i.PendSV_Handler)
    RCC_ADCCLKConfig                         0x08001905   Thumb Code    18  stm32f10x_rcc.o(i.RCC_ADCCLKConfig)
    RCC_AHBPeriphClockCmd                    0x0800191d   Thumb Code    26  stm32f10x_rcc.o(i.RCC_AHBPeriphClockCmd)
    RCC_APB1PeriphClockCmd                   0x0800193d   Thumb Code    26  stm32f10x_rcc.o(i.RCC_APB1PeriphClockCmd)
    RCC_APB1PeriphResetCmd                   0x0800195d   Thumb Code    26  stm32f10x_rcc.o(i.RCC_APB1PeriphResetCmd)
    RCC_APB2PeriphClockCmd                   0x0800197d   Thumb Code    26  stm32f10x_rcc.o(i.RCC_APB2PeriphClockCmd)
    RCC_APB2PeriphResetCmd                   0x0800199d   Thumb Code    26  stm32f10x_rcc.o(i.RCC_APB2PeriphResetCmd)
    RCC_GetClocksFreq                        0x080019bd   Thumb Code   192  stm32f10x_rcc.o(i.RCC_GetClocksFreq)
    SVC_Handler                              0x08001a91   Thumb Code     2  stm32f10x_it.o(i.SVC_Handler)
    Soft_IIC1_Init                           0x08001b7d   Thumb Code   132  iic.o(i.Soft_IIC1_Init)
    SysTick_CLKSourceConfig                  0x08001c0d   Thumb Code    40  misc.o(i.SysTick_CLKSourceConfig)
    SysTick_Handler                          0x08001c35   Thumb Code     2  stm32f10x_it.o(i.SysTick_Handler)
    SystemInit                               0x08001c39   Thumb Code    78  system_stm32f10x.o(i.SystemInit)
    TIM1_Int_Init                            0x08001c99   Thumb Code   104  timer.o(i.TIM1_Int_Init)
    TIM1_UP_IRQHandler                       0x08001d05   Thumb Code   150  main.o(i.TIM1_UP_IRQHandler)
    TIM_ClearFlag                            0x08001dad   Thumb Code     6  stm32f10x_tim.o(i.TIM_ClearFlag)
    TIM_ClearITPendingBit                    0x08001db3   Thumb Code     6  stm32f10x_tim.o(i.TIM_ClearITPendingBit)
    TIM_Cmd                                  0x08001db9   Thumb Code    24  stm32f10x_tim.o(i.TIM_Cmd)
    TIM_GetITStatus                          0x08001dd1   Thumb Code    34  stm32f10x_tim.o(i.TIM_GetITStatus)
    TIM_ITConfig                             0x08001df3   Thumb Code    18  stm32f10x_tim.o(i.TIM_ITConfig)
    TIM_OC1Init                              0x08001e05   Thumb Code   132  stm32f10x_tim.o(i.TIM_OC1Init)
    TIM_OC1PreloadConfig                     0x08001e9d   Thumb Code    18  stm32f10x_tim.o(i.TIM_OC1PreloadConfig)
    TIM_OC2Init                              0x08001eb1   Thumb Code   154  stm32f10x_tim.o(i.TIM_OC2Init)
    TIM_OC2PreloadConfig                     0x08001f55   Thumb Code    26  stm32f10x_tim.o(i.TIM_OC2PreloadConfig)
    TIM_OC3Init                              0x08001f71   Thumb Code   150  stm32f10x_tim.o(i.TIM_OC3Init)
    TIM_OC3PreloadConfig                     0x08002011   Thumb Code    18  stm32f10x_tim.o(i.TIM_OC3PreloadConfig)
    TIM_OC4Init                              0x08002025   Thumb Code   114  stm32f10x_tim.o(i.TIM_OC4Init)
    TIM_OC4PreloadConfig                     0x080020a1   Thumb Code    26  stm32f10x_tim.o(i.TIM_OC4PreloadConfig)
    TIM_SetCompare1                          0x080020bb   Thumb Code     4  stm32f10x_tim.o(i.TIM_SetCompare1)
    TIM_SetCompare2                          0x080020bf   Thumb Code     4  stm32f10x_tim.o(i.TIM_SetCompare2)
    TIM_SetCompare3                          0x080020c3   Thumb Code     4  stm32f10x_tim.o(i.TIM_SetCompare3)
    TIM_SetCompare4                          0x080020c7   Thumb Code     6  stm32f10x_tim.o(i.TIM_SetCompare4)
    TIM_TimeBaseInit                         0x080020cd   Thumb Code   122  stm32f10x_tim.o(i.TIM_TimeBaseInit)
    USART1_IRQHandler                        0x08002171   Thumb Code    18  24g.o(i.USART1_IRQHandler)
    USART_Cmd                                0x0800218d   Thumb Code    24  stm32f10x_usart.o(i.USART_Cmd)
    USART_DMACmd                             0x080021a5   Thumb Code    18  stm32f10x_usart.o(i.USART_DMACmd)
    USART_ITConfig                           0x080021b7   Thumb Code    74  stm32f10x_usart.o(i.USART_ITConfig)
    USART_Init                               0x08002201   Thumb Code   210  stm32f10x_usart.o(i.USART_Init)
    UsageFault_Handler                       0x080022d9   Thumb Code     4  stm32f10x_it.o(i.UsageFault_Handler)
    Wireless_DMA_Init                        0x080022dd   Thumb Code   248  24g.o(i.Wireless_DMA_Init)
    Wireless_Init                            0x080023e5   Thumb Code    24  24g.o(i.Wireless_Init)
    Wireless_Send_Data                       0x08002401   Thumb Code   122  24g.o(i.Wireless_Send_Data)
    Wireless_UART_Init                       0x0800248d   Thumb Code   164  24g.o(i.Wireless_UART_Init)
    delay_init                               0x08002539   Thumb Code    50  delay.o(i.delay_init)
    delay_ms                                 0x0800257d   Thumb Code    72  delay.o(i.delay_ms)
    main                                     0x080025c9   Thumb Code    98  main.o(i.main)
    oled_pow                                 0x08002631   Thumb Code    22  091oled.o(i.oled_pow)
    __aeabi_d2f                              0x08002649   Thumb Code     0  d2f.o(x$fpl$d2f)
    _d2f                                     0x08002649   Thumb Code    98  d2f.o(x$fpl$d2f)
    __aeabi_dmul                             0x080026ad   Thumb Code     0  dmul.o(x$fpl$dmul)
    _dmul                                    0x080026ad   Thumb Code   332  dmul.o(x$fpl$dmul)
    __fpl_dnaninf                            0x08002801   Thumb Code   156  dnaninf.o(x$fpl$dnaninf)
    __fpl_dretinf                            0x0800289d   Thumb Code    12  dretinf.o(x$fpl$dretinf)
    __aeabi_f2d                              0x080028a9   Thumb Code     0  f2d.o(x$fpl$f2d)
    _f2d                                     0x080028a9   Thumb Code    86  f2d.o(x$fpl$f2d)
    __aeabi_fadd                             0x08002901   Thumb Code     0  faddsub_clz.o(x$fpl$fadd)
    _fadd                                    0x08002901   Thumb Code   196  faddsub_clz.o(x$fpl$fadd)
    __fpl_fcmp_Inf                           0x080029c5   Thumb Code    24  fcmpi.o(x$fpl$fcmpinf)
    __aeabi_fdiv                             0x080029dd   Thumb Code     0  fdiv.o(x$fpl$fdiv)
    _fdiv                                    0x080029dd   Thumb Code   384  fdiv.o(x$fpl$fdiv)
    __aeabi_f2iz                             0x08002b61   Thumb Code     0  ffix.o(x$fpl$ffix)
    _ffix                                    0x08002b61   Thumb Code    54  ffix.o(x$fpl$ffix)
    __aeabi_i2f                              0x08002b99   Thumb Code     0  fflt_clz.o(x$fpl$fflt)
    _fflt                                    0x08002b99   Thumb Code    48  fflt_clz.o(x$fpl$fflt)
    __aeabi_ui2f                             0x08002bc9   Thumb Code     0  fflt_clz.o(x$fpl$ffltu)
    _ffltu                                   0x08002bc9   Thumb Code    38  fflt_clz.o(x$fpl$ffltu)
    __aeabi_cfcmple                          0x08002bf1   Thumb Code     0  fleqf.o(x$fpl$fleqf)
    _fcmple                                  0x08002bf1   Thumb Code   104  fleqf.o(x$fpl$fleqf)
    __fpl_fcmple_InfNaN                      0x08002c43   Thumb Code     0  fleqf.o(x$fpl$fleqf)
    __aeabi_fmul                             0x08002c59   Thumb Code     0  fmul.o(x$fpl$fmul)
    _fmul                                    0x08002c59   Thumb Code   258  fmul.o(x$fpl$fmul)
    __fpl_fnaninf                            0x08002d5b   Thumb Code   140  fnaninf.o(x$fpl$fnaninf)
    __fpl_fretinf                            0x08002de7   Thumb Code    10  fretinf.o(x$fpl$fretinf)
    __aeabi_fsub                             0x08002df1   Thumb Code     0  faddsub_clz.o(x$fpl$fsub)
    _fsub                                    0x08002df1   Thumb Code   234  faddsub_clz.o(x$fpl$fsub)
    F6x8                                     0x08002eda   Data         552  091oled.o(.constdata)
    __I$use$fp                               0x08002eda   Number         0  usenofp.o(x$fpl$usenofp)
    F8X16                                    0x08003102   Data        1520  091oled.o(.constdata)
    Region$$Table$$Base                      0x080036f4   Number         0  anon$$obj.o(Region$$Table)
    Region$$Table$$Limit                     0x08003714   Number         0  anon$$obj.o(Region$$Table)
    CPU_Free_Time                            0x20000000   Data           4  main.o(.data)
    cnt                                      0x20000004   Data           1  main.o(.data)
    SystemCoreClock                          0x20000008   Data           4  system_stm32f10x.o(.data)
    AHBPrescTable                            0x2000000c   Data          16  system_stm32f10x.o(.data)
    uart_time_cnt                            0x20000034   Data           1  24g.o(.data)
    ADC_DMA_Value                            0x20000038   Data          16  adc.o(.bss)
    ADC_Value                                0x20000048   Data          48  adc.o(.bss)
    tmpvol                                   0x20000078   Data          32  adc.o(.bss)
    serio_data                               0x20000098   Data          20  serio.o(.bss)
    send_Data                                0x200000ac   Data          10  24g.o(.bss)
    receive_Data                             0x200000b6   Data          18  24g.o(.bss)
    DMA_receive_Data                         0x200000c8   Data          18  24g.o(.bss)
    Mpu_Data                                 0x200000e0   Data         104  mpu6050.o(.bss)
    total                                    0x20000148   Data          24  mpu6050.o(.bss)
    __libspace_start                         0x20000160   Data          96  libspace.o(.bss)
    __temporary_stack_top$libspace           0x200001c0   Data           0  libspace.o(.bss)



==============================================================================

Memory Map of the image

  Image Entry point : 0x080001cd

  Load Region LR_1 (Base: 0x08000000, Size: 0x0000374c, Max: 0xffffffff, ABSOLUTE)

    Execution Region ER_RO (Exec base: 0x08000000, Load base: 0x08000000, Size: 0x00003714, Max: 0xffffffff, ABSOLUTE)

    Exec Addr    Load Addr    Size         Type   Attr      Idx    E Section Name        Object

    0x08000000   0x08000000   0x00000130   Data   RO          479    RESET               startup_stm32f10x_hd.o
    0x08000130   0x08000130   0x00000008   Code   RO         3695  * !!!main             c_w.l(__main.o)
    0x08000138   0x08000138   0x00000034   Code   RO         3938    !!!scatter          c_w.l(__scatter.o)
    0x0800016c   0x0800016c   0x0000001a   Code   RO         3940    !!handler_copy      c_w.l(__scatter_copy.o)
    0x08000186   0x08000186   0x00000002   PAD
    0x08000188   0x08000188   0x0000001c   Code   RO         3942    !!handler_zi        c_w.l(__scatter_zi.o)
    0x080001a4   0x080001a4   0x00000002   Code   RO         3811    .ARM.Collect$$libinit$$00000000  c_w.l(libinit.o)
    0x080001a6   0x080001a6   0x00000000   Code   RO         3815    .ARM.Collect$$libinit$$00000002  c_w.l(libinit2.o)
    0x080001a6   0x080001a6   0x00000000   Code   RO         3817    .ARM.Collect$$libinit$$00000004  c_w.l(libinit2.o)
    0x080001a6   0x080001a6   0x00000000   Code   RO         3820    .ARM.Collect$$libinit$$0000000A  c_w.l(libinit2.o)
    0x080001a6   0x080001a6   0x00000000   Code   RO         3822    .ARM.Collect$$libinit$$0000000C  c_w.l(libinit2.o)
    0x080001a6   0x080001a6   0x00000000   Code   RO         3824    .ARM.Collect$$libinit$$0000000E  c_w.l(libinit2.o)
    0x080001a6   0x080001a6   0x00000000   Code   RO         3827    .ARM.Collect$$libinit$$00000011  c_w.l(libinit2.o)
    0x080001a6   0x080001a6   0x00000000   Code   RO         3829    .ARM.Collect$$libinit$$00000013  c_w.l(libinit2.o)
    0x080001a6   0x080001a6   0x00000000   Code   RO         3831    .ARM.Collect$$libinit$$00000015  c_w.l(libinit2.o)
    0x080001a6   0x080001a6   0x00000000   Code   RO         3833    .ARM.Collect$$libinit$$00000017  c_w.l(libinit2.o)
    0x080001a6   0x080001a6   0x00000000   Code   RO         3835    .ARM.Collect$$libinit$$00000019  c_w.l(libinit2.o)
    0x080001a6   0x080001a6   0x00000000   Code   RO         3837    .ARM.Collect$$libinit$$0000001B  c_w.l(libinit2.o)
    0x080001a6   0x080001a6   0x00000000   Code   RO         3839    .ARM.Collect$$libinit$$0000001D  c_w.l(libinit2.o)
    0x080001a6   0x080001a6   0x00000000   Code   RO         3841    .ARM.Collect$$libinit$$0000001F  c_w.l(libinit2.o)
    0x080001a6   0x080001a6   0x00000000   Code   RO         3843    .ARM.Collect$$libinit$$00000021  c_w.l(libinit2.o)
    0x080001a6   0x080001a6   0x00000000   Code   RO         3845    .ARM.Collect$$libinit$$00000023  c_w.l(libinit2.o)
    0x080001a6   0x080001a6   0x00000000   Code   RO         3847    .ARM.Collect$$libinit$$00000025  c_w.l(libinit2.o)
    0x080001a6   0x080001a6   0x00000000   Code   RO         3851    .ARM.Collect$$libinit$$0000002C  c_w.l(libinit2.o)
    0x080001a6   0x080001a6   0x00000000   Code   RO         3853    .ARM.Collect$$libinit$$0000002E  c_w.l(libinit2.o)
    0x080001a6   0x080001a6   0x00000000   Code   RO         3855    .ARM.Collect$$libinit$$00000030  c_w.l(libinit2.o)
    0x080001a6   0x080001a6   0x00000000   Code   RO         3857    .ARM.Collect$$libinit$$00000032  c_w.l(libinit2.o)
    0x080001a6   0x080001a6   0x00000002   Code   RO         3858    .ARM.Collect$$libinit$$00000033  c_w.l(libinit2.o)
    0x080001a8   0x080001a8   0x00000002   Code   RO         3878    .ARM.Collect$$libshutdown$$00000000  c_w.l(libshutdown.o)
    0x080001aa   0x080001aa   0x00000000   Code   RO         3891    .ARM.Collect$$libshutdown$$00000002  c_w.l(libshutdown2.o)
    0x080001aa   0x080001aa   0x00000000   Code   RO         3893    .ARM.Collect$$libshutdown$$00000004  c_w.l(libshutdown2.o)
    0x080001aa   0x080001aa   0x00000000   Code   RO         3896    .ARM.Collect$$libshutdown$$00000007  c_w.l(libshutdown2.o)
    0x080001aa   0x080001aa   0x00000000   Code   RO         3899    .ARM.Collect$$libshutdown$$0000000A  c_w.l(libshutdown2.o)
    0x080001aa   0x080001aa   0x00000000   Code   RO         3901    .ARM.Collect$$libshutdown$$0000000C  c_w.l(libshutdown2.o)
    0x080001aa   0x080001aa   0x00000000   Code   RO         3904    .ARM.Collect$$libshutdown$$0000000F  c_w.l(libshutdown2.o)
    0x080001aa   0x080001aa   0x00000002   Code   RO         3905    .ARM.Collect$$libshutdown$$00000010  c_w.l(libshutdown2.o)
    0x080001ac   0x080001ac   0x00000000   Code   RO         3759    .ARM.Collect$$rtentry$$00000000  c_w.l(__rtentry.o)
    0x080001ac   0x080001ac   0x00000000   Code   RO         3780    .ARM.Collect$$rtentry$$00000002  c_w.l(__rtentry2.o)
    0x080001ac   0x080001ac   0x00000006   Code   RO         3792    .ARM.Collect$$rtentry$$00000004  c_w.l(__rtentry4.o)
    0x080001b2   0x080001b2   0x00000000   Code   RO         3782    .ARM.Collect$$rtentry$$00000009  c_w.l(__rtentry2.o)
    0x080001b2   0x080001b2   0x00000004   Code   RO         3783    .ARM.Collect$$rtentry$$0000000A  c_w.l(__rtentry2.o)
    0x080001b6   0x080001b6   0x00000000   Code   RO         3785    .ARM.Collect$$rtentry$$0000000C  c_w.l(__rtentry2.o)
    0x080001b6   0x080001b6   0x00000008   Code   RO         3786    .ARM.Collect$$rtentry$$0000000D  c_w.l(__rtentry2.o)
    0x080001be   0x080001be   0x00000002   Code   RO         3812    .ARM.Collect$$rtexit$$00000000  c_w.l(rtexit.o)
    0x080001c0   0x080001c0   0x00000000   Code   RO         3860    .ARM.Collect$$rtexit$$00000002  c_w.l(rtexit2.o)
    0x080001c0   0x080001c0   0x00000004   Code   RO         3861    .ARM.Collect$$rtexit$$00000003  c_w.l(rtexit2.o)
    0x080001c4   0x080001c4   0x00000006   Code   RO         3862    .ARM.Collect$$rtexit$$00000004  c_w.l(rtexit2.o)
    0x080001ca   0x080001ca   0x00000002   PAD
    0x080001cc   0x080001cc   0x00000040   Code   RO          480  * .text               startup_stm32f10x_hd.o
    0x0800020c   0x0800020c   0x0000008a   Code   RO         3691    .text               c_w.l(rt_memcpy_v6.o)
    0x08000296   0x08000296   0x00000006   Code   RO         3693    .text               c_w.l(heapauxi.o)
    0x0800029c   0x0800029c   0x00000064   Code   RO         3762    .text               c_w.l(rt_memcpy_w.o)
    0x08000300   0x08000300   0x00000008   Code   RO         3799    .text               c_w.l(libspace.o)
    0x08000308   0x08000308   0x0000004a   Code   RO         3802    .text               c_w.l(sys_stackheap_outer.o)
    0x08000352   0x08000352   0x00000012   Code   RO         3804    .text               c_w.l(exit.o)
    0x08000364   0x08000364   0x0000000c   Code   RO         3870    .text               c_w.l(sys_exit.o)
    0x08000370   0x08000370   0x00000002   Code   RO         3881    .text               c_w.l(use_no_semi.o)
    0x08000372   0x08000372   0x00000000   Code   RO         3883    .text               c_w.l(indicate_semi.o)
    0x08000372   0x08000372   0x00000016   Code   RO          526    i.ADC_Cmd           stm32f10x_adc.o
    0x08000388   0x08000388   0x00000016   Code   RO          527    i.ADC_DMACmd        stm32f10x_adc.o
    0x0800039e   0x0800039e   0x00000002   PAD
    0x080003a0   0x080003a0   0x0000008c   Code   RO          429    i.ADC_DMA_Init      adc.o
    0x0800042c   0x0800042c   0x0000005c   Code   RO          528    i.ADC_DeInit        stm32f10x_adc.o
    0x08000488   0x08000488   0x00000014   Code   RO          534    i.ADC_GetCalibrationStatus  stm32f10x_adc.o
    0x0800049c   0x0800049c   0x00000014   Code   RO          540    i.ADC_GetResetCalibrationStatus  stm32f10x_adc.o
    0x080004b0   0x080004b0   0x00000050   Code   RO          544    i.ADC_Init          stm32f10x_adc.o
    0x08000500   0x08000500   0x000000b8   Code   RO          548    i.ADC_RegularChannelConfig  stm32f10x_adc.o
    0x080005b8   0x080005b8   0x0000000a   Code   RO          549    i.ADC_ResetCalibration  stm32f10x_adc.o
    0x080005c2   0x080005c2   0x00000016   Code   RO          551    i.ADC_SoftwareStartConvCmd  stm32f10x_adc.o
    0x080005d8   0x080005d8   0x0000000a   Code   RO          553    i.ADC_StartCalibration  stm32f10x_adc.o
    0x080005e2   0x080005e2   0x00000002   PAD
    0x080005e4   0x080005e4   0x00000100   Code   RO          430    i.Adc_Init          adc.o
    0x080006e4   0x080006e4   0x00000004   Code   RO          150    i.BusFault_Handler  stm32f10x_it.o
    0x080006e8   0x080006e8   0x00000018   Code   RO          431    i.DMA1_Channel1_IRQHandler  adc.o
    0x08000700   0x08000700   0x00000064   Code   RO         3581    i.DMA1_Channel5_IRQHandler  24g.o
    0x08000764   0x08000764   0x0000001c   Code   RO         1209    i.DMA_ClearFlag     stm32f10x_dma.o
    0x08000780   0x08000780   0x0000001c   Code   RO         1210    i.DMA_ClearITPendingBit  stm32f10x_dma.o
    0x0800079c   0x0800079c   0x00000018   Code   RO         1211    i.DMA_Cmd           stm32f10x_dma.o
    0x080007b4   0x080007b4   0x0000014c   Code   RO         1212    i.DMA_DeInit        stm32f10x_dma.o
    0x08000900   0x08000900   0x0000002c   Code   RO         1215    i.DMA_GetITStatus   stm32f10x_dma.o
    0x0800092c   0x0800092c   0x00000012   Code   RO         1216    i.DMA_ITConfig      stm32f10x_dma.o
    0x0800093e   0x0800093e   0x0000003c   Code   RO         1217    i.DMA_Init          stm32f10x_dma.o
    0x0800097a   0x0800097a   0x00000002   Code   RO          151    i.DebugMon_Handler  stm32f10x_it.o
    0x0800097c   0x0800097c   0x00000116   Code   RO         1635    i.GPIO_Init         stm32f10x_gpio.o
    0x08000a92   0x08000a92   0x00000002   PAD
    0x08000a94   0x08000a94   0x00000090   Code   RO         1637    i.GPIO_PinRemapConfig  stm32f10x_gpio.o
    0x08000b24   0x08000b24   0x00000004   Code   RO         1643    i.GPIO_SetBits      stm32f10x_gpio.o
    0x08000b28   0x08000b28   0x0000005c   Code   RO          432    i.Get_Adc           adc.o
    0x08000b84   0x08000b84   0x00000004   Code   RO          152    i.HardFault_Handler  stm32f10x_it.o
    0x08000b88   0x08000b88   0x0000017c   Code   RO          251    i.I2C1_Soft_Mult_Read  iic.o
    0x08000d04   0x08000d04   0x000000d0   Code   RO          252    i.I2C1_Soft_Mult_Write  iic.o
    0x08000dd4   0x08000dd4   0x00000018   Code   RO          253    i.I2C1_Soft_Single_Read  iic.o
    0x08000dec   0x08000dec   0x00000014   Code   RO          254    i.I2C1_Soft_Single_Write  iic.o
    0x08000e00   0x08000e00   0x00000018   Code   RO         1744    i.I2C_AcknowledgeConfig  stm32f10x_i2c.o
    0x08000e18   0x08000e18   0x0000002a   Code   RO         1746    i.I2C_CheckEvent    stm32f10x_i2c.o
    0x08000e42   0x08000e42   0x00000018   Code   RO         1749    i.I2C_Cmd           stm32f10x_i2c.o
    0x08000e5a   0x08000e5a   0x00000002   PAD
    0x08000e5c   0x08000e5c   0x00000038   Code   RO         1752    i.I2C_DeInit        stm32f10x_i2c.o
    0x08000e94   0x08000e94   0x00000018   Code   RO         1756    i.I2C_GenerateSTART  stm32f10x_i2c.o
    0x08000eac   0x08000eac   0x00000018   Code   RO         1757    i.I2C_GenerateSTOP  stm32f10x_i2c.o
    0x08000ec4   0x08000ec4   0x000000ec   Code   RO         1763    i.I2C_Init          stm32f10x_i2c.o
    0x08000fb0   0x08000fb0   0x00000008   Code   RO         1768    i.I2C_ReceiveData   stm32f10x_i2c.o
    0x08000fb8   0x08000fb8   0x00000012   Code   RO         1770    i.I2C_Send7bitAddress  stm32f10x_i2c.o
    0x08000fca   0x08000fca   0x00000004   Code   RO         1771    i.I2C_SendData      stm32f10x_i2c.o
    0x08000fce   0x08000fce   0x00000002   PAD
    0x08000fd0   0x08000fd0   0x00000060   Code   RO         3640    i.LED_Init          led.o
    0x08001030   0x08001030   0x000000b8   Code   RO         3653    i.MPU_Init          mpu6050.o
    0x080010e8   0x080010e8   0x00000004   Code   RO          153    i.MemManage_Handler  stm32f10x_it.o
    0x080010ec   0x080010ec   0x00000002   Code   RO          154    i.NMI_Handler       stm32f10x_it.o
    0x080010ee   0x080010ee   0x00000002   PAD
    0x080010f0   0x080010f0   0x00000070   Code   RO          484    i.NVIC_Init         misc.o
    0x08001160   0x08001160   0x00000014   Code   RO          485    i.NVIC_PriorityGroupConfig  misc.o
    0x08001174   0x08001174   0x00000040   Code   RO         3479    i.OLED_Clear        091oled.o
    0x080011b4   0x080011b4   0x000000b6   Code   RO         3482    i.OLED_Init         091oled.o
    0x0800126a   0x0800126a   0x00000026   Code   RO         3483    i.OLED_Multi_WR_Byte  091oled.o
    0x08001290   0x08001290   0x0000020c   Code   RO         3582    i.OLED_Receive_Refresh  24g.o
    0x0800149c   0x0800149c   0x00000016   Code   RO         3485    i.OLED_Set_Brightness  091oled.o
    0x080014b2   0x080014b2   0x0000002e   Code   RO         3486    i.OLED_Set_Pos      091oled.o
    0x080014e0   0x080014e0   0x00000084   Code   RO         3487    i.OLED_ShowChar     091oled.o
    0x08001564   0x08001564   0x000000cc   Code   RO         3488    i.OLED_ShowFloat    091oled.o
    0x08001630   0x08001630   0x000000ae   Code   RO         3489    i.OLED_ShowNum      091oled.o
    0x080016de   0x080016de   0x0000004e   Code   RO         3490    i.OLED_ShowString   091oled.o
    0x0800172c   0x0800172c   0x00000010   Code   RO         3491    i.OLED_WR_Byte      091oled.o
    0x0800173c   0x0800173c   0x00000160   Code   RO         3451    i.PWM_Init          serio.o
    0x0800189c   0x0800189c   0x00000064   Code   RO         3452    i.PWM_Output        serio.o
    0x08001900   0x08001900   0x00000002   Code   RO          155    i.PendSV_Handler    stm32f10x_it.o
    0x08001902   0x08001902   0x00000002   PAD
    0x08001904   0x08001904   0x00000018   Code   RO         2049    i.RCC_ADCCLKConfig  stm32f10x_rcc.o
    0x0800191c   0x0800191c   0x00000020   Code   RO         2050    i.RCC_AHBPeriphClockCmd  stm32f10x_rcc.o
    0x0800193c   0x0800193c   0x00000020   Code   RO         2051    i.RCC_APB1PeriphClockCmd  stm32f10x_rcc.o
    0x0800195c   0x0800195c   0x00000020   Code   RO         2052    i.RCC_APB1PeriphResetCmd  stm32f10x_rcc.o
    0x0800197c   0x0800197c   0x00000020   Code   RO         2053    i.RCC_APB2PeriphClockCmd  stm32f10x_rcc.o
    0x0800199c   0x0800199c   0x00000020   Code   RO         2054    i.RCC_APB2PeriphResetCmd  stm32f10x_rcc.o
    0x080019bc   0x080019bc   0x000000d4   Code   RO         2061    i.RCC_GetClocksFreq  stm32f10x_rcc.o
    0x08001a90   0x08001a90   0x00000002   Code   RO          156    i.SVC_Handler       stm32f10x_it.o
    0x08001a92   0x08001a92   0x00000008   Code   RO          217    i.SetSysClock       system_stm32f10x.o
    0x08001a9a   0x08001a9a   0x00000002   PAD
    0x08001a9c   0x08001a9c   0x000000e0   Code   RO          218    i.SetSysClockTo72   system_stm32f10x.o
    0x08001b7c   0x08001b7c   0x00000090   Code   RO          256    i.Soft_IIC1_Init    iic.o
    0x08001c0c   0x08001c0c   0x00000028   Code   RO          488    i.SysTick_CLKSourceConfig  misc.o
    0x08001c34   0x08001c34   0x00000002   Code   RO          157    i.SysTick_Handler   stm32f10x_it.o
    0x08001c36   0x08001c36   0x00000002   PAD
    0x08001c38   0x08001c38   0x00000060   Code   RO          220    i.SystemInit        system_stm32f10x.o
    0x08001c98   0x08001c98   0x0000006c   Code   RO          348    i.TIM1_Int_Init     timer.o
    0x08001d04   0x08001d04   0x000000a8   Code   RO            1    i.TIM1_UP_IRQHandler  main.o
    0x08001dac   0x08001dac   0x00000006   Code   RO         2679    i.TIM_ClearFlag     stm32f10x_tim.o
    0x08001db2   0x08001db2   0x00000006   Code   RO         2680    i.TIM_ClearITPendingBit  stm32f10x_tim.o
    0x08001db8   0x08001db8   0x00000018   Code   RO         2685    i.TIM_Cmd           stm32f10x_tim.o
    0x08001dd0   0x08001dd0   0x00000022   Code   RO         2706    i.TIM_GetITStatus   stm32f10x_tim.o
    0x08001df2   0x08001df2   0x00000012   Code   RO         2710    i.TIM_ITConfig      stm32f10x_tim.o
    0x08001e04   0x08001e04   0x00000098   Code   RO         2714    i.TIM_OC1Init       stm32f10x_tim.o
    0x08001e9c   0x08001e9c   0x00000012   Code   RO         2717    i.TIM_OC1PreloadConfig  stm32f10x_tim.o
    0x08001eae   0x08001eae   0x00000002   PAD
    0x08001eb0   0x08001eb0   0x000000a4   Code   RO         2719    i.TIM_OC2Init       stm32f10x_tim.o
    0x08001f54   0x08001f54   0x0000001a   Code   RO         2722    i.TIM_OC2PreloadConfig  stm32f10x_tim.o
    0x08001f6e   0x08001f6e   0x00000002   PAD
    0x08001f70   0x08001f70   0x000000a0   Code   RO         2724    i.TIM_OC3Init       stm32f10x_tim.o
    0x08002010   0x08002010   0x00000012   Code   RO         2727    i.TIM_OC3PreloadConfig  stm32f10x_tim.o
    0x08002022   0x08002022   0x00000002   PAD
    0x08002024   0x08002024   0x0000007c   Code   RO         2729    i.TIM_OC4Init       stm32f10x_tim.o
    0x080020a0   0x080020a0   0x0000001a   Code   RO         2731    i.TIM_OC4PreloadConfig  stm32f10x_tim.o
    0x080020ba   0x080020ba   0x00000004   Code   RO         2746    i.TIM_SetCompare1   stm32f10x_tim.o
    0x080020be   0x080020be   0x00000004   Code   RO         2747    i.TIM_SetCompare2   stm32f10x_tim.o
    0x080020c2   0x080020c2   0x00000004   Code   RO         2748    i.TIM_SetCompare3   stm32f10x_tim.o
    0x080020c6   0x080020c6   0x00000006   Code   RO         2749    i.TIM_SetCompare4   stm32f10x_tim.o
    0x080020cc   0x080020cc   0x000000a4   Code   RO         2756    i.TIM_TimeBaseInit  stm32f10x_tim.o
    0x08002170   0x08002170   0x0000001c   Code   RO         3583    i.USART1_IRQHandler  24g.o
    0x0800218c   0x0800218c   0x00000018   Code   RO         3221    i.USART_Cmd         stm32f10x_usart.o
    0x080021a4   0x080021a4   0x00000012   Code   RO         3222    i.USART_DMACmd      stm32f10x_usart.o
    0x080021b6   0x080021b6   0x0000004a   Code   RO         3227    i.USART_ITConfig    stm32f10x_usart.o
    0x08002200   0x08002200   0x000000d8   Code   RO         3228    i.USART_Init        stm32f10x_usart.o
    0x080022d8   0x080022d8   0x00000004   Code   RO          158    i.UsageFault_Handler  stm32f10x_it.o
    0x080022dc   0x080022dc   0x00000108   Code   RO         3584    i.Wireless_DMA_Init  24g.o
    0x080023e4   0x080023e4   0x0000001c   Code   RO         3585    i.Wireless_Init     24g.o
    0x08002400   0x08002400   0x0000008c   Code   RO         3586    i.Wireless_Send_Data  24g.o
    0x0800248c   0x0800248c   0x000000ac   Code   RO         3587    i.Wireless_UART_Init  24g.o
    0x08002538   0x08002538   0x00000044   Code   RO          322    i.delay_init        delay.o
    0x0800257c   0x0800257c   0x0000004c   Code   RO          323    i.delay_ms          delay.o
    0x080025c8   0x080025c8   0x00000068   Code   RO            2    i.main              main.o
    0x08002630   0x08002630   0x00000016   Code   RO         3493    i.oled_pow          091oled.o
    0x08002646   0x08002646   0x00000002   PAD
    0x08002648   0x08002648   0x00000062   Code   RO         3697    x$fpl$d2f           fz_ws.l(d2f.o)
    0x080026aa   0x080026aa   0x00000002   PAD
    0x080026ac   0x080026ac   0x00000154   Code   RO         3717    x$fpl$dmul          fz_ws.l(dmul.o)
    0x08002800   0x08002800   0x0000009c   Code   RO         3766    x$fpl$dnaninf       fz_ws.l(dnaninf.o)
    0x0800289c   0x0800289c   0x0000000c   Code   RO         3768    x$fpl$dretinf       fz_ws.l(dretinf.o)
    0x080028a8   0x080028a8   0x00000056   Code   RO         3721    x$fpl$f2d           fz_ws.l(f2d.o)
    0x080028fe   0x080028fe   0x00000002   PAD
    0x08002900   0x08002900   0x000000c4   Code   RO         3723    x$fpl$fadd          fz_ws.l(faddsub_clz.o)
    0x080029c4   0x080029c4   0x00000018   Code   RO         3772    x$fpl$fcmpinf       fz_ws.l(fcmpi.o)
    0x080029dc   0x080029dc   0x00000184   Code   RO         3730    x$fpl$fdiv          fz_ws.l(fdiv.o)
    0x08002b60   0x08002b60   0x00000036   Code   RO         3735    x$fpl$ffix          fz_ws.l(ffix.o)
    0x08002b96   0x08002b96   0x00000002   PAD
    0x08002b98   0x08002b98   0x00000030   Code   RO         3740    x$fpl$fflt          fz_ws.l(fflt_clz.o)
    0x08002bc8   0x08002bc8   0x00000026   Code   RO         3739    x$fpl$ffltu         fz_ws.l(fflt_clz.o)
    0x08002bee   0x08002bee   0x00000002   PAD
    0x08002bf0   0x08002bf0   0x00000068   Code   RO         3745    x$fpl$fleqf         fz_ws.l(fleqf.o)
    0x08002c58   0x08002c58   0x00000102   Code   RO         3747    x$fpl$fmul          fz_ws.l(fmul.o)
    0x08002d5a   0x08002d5a   0x0000008c   Code   RO         3774    x$fpl$fnaninf       fz_ws.l(fnaninf.o)
    0x08002de6   0x08002de6   0x0000000a   Code   RO         3776    x$fpl$fretinf       fz_ws.l(fretinf.o)
    0x08002df0   0x08002df0   0x000000ea   Code   RO         3725    x$fpl$fsub          fz_ws.l(faddsub_clz.o)
    0x08002eda   0x08002eda   0x00000000   Code   RO         3778    x$fpl$usenofp       fz_ws.l(usenofp.o)
    0x08002eda   0x08002eda   0x00000818   Data   RO         3494    .constdata          091oled.o
    0x080036f2   0x080036f2   0x00000002   PAD
    0x080036f4   0x080036f4   0x00000020   Data   RO         3936    Region$$Table       anon$$obj.o


    Execution Region ER_RW (Exec base: 0x20000000, Load base: 0x08003714, Size: 0x00000038, Max: 0xffffffff, ABSOLUTE)

    Exec Addr    Load Addr    Size         Type   Attr      Idx    E Section Name        Object

    0x20000000   0x08003714   0x00000005   Data   RW            3    .data               main.o
    0x20000005   0x08003719   0x00000003   PAD
    0x20000008   0x0800371c   0x00000014   Data   RW          221    .data               system_stm32f10x.o
    0x2000001c   0x08003730   0x00000004   Data   RW          325    .data               delay.o
    0x20000020   0x08003734   0x00000014   Data   RW         2081    .data               stm32f10x_rcc.o
    0x20000034   0x08003748   0x00000001   Data   RW         3589    .data               24g.o


    Execution Region ER_ZI (Exec base: 0x20000038, Load base: 0x0800374c, Size: 0x00000788, Max: 0xffffffff, ABSOLUTE)

    Exec Addr    Load Addr    Size         Type   Attr      Idx    E Section Name        Object

    0x20000038        -       0x00000060   Zero   RW          433    .bss                adc.o
    0x20000098        -       0x00000014   Zero   RW         3453    .bss                serio.o
    0x200000ac        -       0x0000002e   Zero   RW         3588    .bss                24g.o
    0x200000da   0x0800374c   0x00000006   PAD
    0x200000e0        -       0x00000080   Zero   RW         3656    .bss                mpu6050.o
    0x20000160        -       0x00000060   Zero   RW         3800    .bss                c_w.l(libspace.o)
    0x200001c0        -       0x00000200   Zero   RW          478    HEAP                startup_stm32f10x_hd.o
    0x200003c0        -       0x00000400   Zero   RW          477    STACK               startup_stm32f10x_hd.o


==============================================================================

Image component sizes


      Code (inc. data)   RO Data    RW Data    ZI Data      Debug   Object Name

       978         14       2072          0          0       7720   091oled.o
      1256        142          0          1         46       4872   24g.o
       512         32          0          0         96       3110   adc.o
         0          0          0          0          0         32   core_cm3.o
       144         22          0          4          0       1128   delay.o
       776         40          0          0          0     216019   iic.o
        96          8          0          0          0        487   led.o
       272         24          0          5          0     283307   main.o
       172         22          0          0          0       2009   misc.o
       184          6          0          0        128       3319   mpu6050.o
       452         42          0          0         20       1829   serio.o
        64         26        304          0       1536        792   startup_stm32f10x_hd.o
       482         24          0          0          0       7838   stm32f10x_adc.o
       534         36          0          0          0       5555   stm32f10x_dma.o
       426          6          0          0          0       3289   stm32f10x_gpio.o
       460         20          0          0          0       7409   stm32f10x_i2c.o
        26          0          0          0          0       3594   stm32f10x_it.o
       396         56          0         20          0       6575   stm32f10x_rcc.o
       958         92          0          0          0      11226   stm32f10x_tim.o
       332          6          0          0          0       4217   stm32f10x_usart.o
       328         28          0         20          0       2025   system_stm32f10x.o
       108          4          0          0          0        640   timer.o

    ----------------------------------------------------------------------
      8982        650       2410         56       1832     576992   Object Totals
         0          0         32          0          0          0   (incl. Generated)
        26          0          2          6          6          0   (incl. Padding)

    ----------------------------------------------------------------------

      Code (inc. data)   RO Data    RW Data    ZI Data      Debug   Library Member Name

         8          0          0          0          0         68   __main.o
         0          0          0          0          0          0   __rtentry.o
        12          0          0          0          0          0   __rtentry2.o
         6          0          0          0          0          0   __rtentry4.o
        52          8          0          0          0          0   __scatter.o
        26          0          0          0          0          0   __scatter_copy.o
        28          0          0          0          0          0   __scatter_zi.o
        18          0          0          0          0         80   exit.o
         6          0          0          0          0        152   heapauxi.o
         0          0          0          0          0          0   indicate_semi.o
         2          0          0          0          0          0   libinit.o
         2          0          0          0          0          0   libinit2.o
         2          0          0          0          0          0   libshutdown.o
         2          0          0          0          0          0   libshutdown2.o
         8          4          0          0         96         68   libspace.o
       138          0          0          0          0         68   rt_memcpy_v6.o
       100          0          0          0          0         80   rt_memcpy_w.o
         2          0          0          0          0          0   rtexit.o
        10          0          0          0          0          0   rtexit2.o
        12          4          0          0          0         68   sys_exit.o
        74          0          0          0          0         80   sys_stackheap_outer.o
         2          0          0          0          0         68   use_no_semi.o
        98          4          0          0          0         92   d2f.o
       340         12          0          0          0        104   dmul.o
       156          4          0          0          0         92   dnaninf.o
        12          0          0          0          0         68   dretinf.o
        86          4          0          0          0         84   f2d.o
       430          8          0          0          0        168   faddsub_clz.o
        24          0          0          0          0         68   fcmpi.o
       388         76          0          0          0         96   fdiv.o
        54          4          0          0          0         84   ffix.o
        86          0          0          0          0        136   fflt_clz.o
       104          4          0          0          0         84   fleqf.o
       258          4          0          0          0         84   fmul.o
       140          4          0          0          0         84   fnaninf.o
        10          0          0          0          0         68   fretinf.o
         0          0          0          0          0          0   usenofp.o

    ----------------------------------------------------------------------
      2708        140          0          0         96       2044   Library Totals
        12          0          0          0          0          0   (incl. Padding)

    ----------------------------------------------------------------------

      Code (inc. data)   RO Data    RW Data    ZI Data      Debug   Library Name

       510         16          0          0         96        732   c_w.l
      2186        124          0          0          0       1312   fz_ws.l

    ----------------------------------------------------------------------
      2708        140          0          0         96       2044   Library Totals

    ----------------------------------------------------------------------

==============================================================================


      Code (inc. data)   RO Data    RW Data    ZI Data      Debug   

     11690        790       2410         56       1928     572428   Grand Totals
     11690        790       2410         56       1928     572428   ELF Image Totals
     11690        790       2410         56          0          0   ROM Totals

==============================================================================

    Total RO  Size (Code + RO Data)                14100 (  13.77kB)
    Total RW  Size (RW Data + ZI Data)              1984 (   1.94kB)
    Total ROM Size (Code + RO Data + RW Data)      14156 (  13.82kB)

==============================================================================

